Component: ARM Compiler 6.14 Tool: armlink [5db06800]

==============================================================================

Section Cross References

    startup_stm32g484xx.o(STACK) refers (Special) to heapauxi.o(.text) for __use_two_region_memory
    startup_stm32g484xx.o(HEAP) refers (Special) to heapauxi.o(.text) for __use_two_region_memory
    startup_stm32g484xx.o(RESET) refers (Special) to heapauxi.o(.text) for __use_two_region_memory
    startup_stm32g484xx.o(RESET) refers to startup_stm32g484xx.o(STACK) for __initial_sp
    startup_stm32g484xx.o(RESET) refers to startup_stm32g484xx.o(.text) for Reset_Handler
    startup_stm32g484xx.o(RESET) refers to stm32g4xx_it.o(.text.NMI_Handler) for NMI_Handler
    startup_stm32g484xx.o(RESET) refers to stm32g4xx_it.o(.text.HardFault_Handler) for HardFault_Handler
    startup_stm32g484xx.o(RESET) refers to stm32g4xx_it.o(.text.MemManage_Handler) for MemManage_Handler
    startup_stm32g484xx.o(RESET) refers to stm32g4xx_it.o(.text.BusFault_Handler) for BusFault_Handler
    startup_stm32g484xx.o(RESET) refers to stm32g4xx_it.o(.text.UsageFault_Handler) for UsageFault_Handler
    startup_stm32g484xx.o(RESET) refers to stm32g4xx_it.o(.text.SVC_Handler) for SVC_Handler
    startup_stm32g484xx.o(RESET) refers to stm32g4xx_it.o(.text.DebugMon_Handler) for DebugMon_Handler
    startup_stm32g484xx.o(RESET) refers to stm32g4xx_it.o(.text.PendSV_Handler) for PendSV_Handler
    startup_stm32g484xx.o(RESET) refers to stm32g4xx_it.o(.text.SysTick_Handler) for SysTick_Handler
    startup_stm32g484xx.o(RESET) refers to stm32g4xx_it.o(.text.DMA1_Channel1_IRQHandler) for DMA1_Channel1_IRQHandler
    startup_stm32g484xx.o(RESET) refers to stm32g4xx_it.o(.text.TIM6_DAC_IRQHandler) for TIM6_DAC_IRQHandler
    startup_stm32g484xx.o(RESET) refers to stm32g4xx_it.o(.text.TIM7_DAC_IRQHandler) for TIM7_DAC_IRQHandler
    startup_stm32g484xx.o(.text) refers (Special) to heapauxi.o(.text) for __use_two_region_memory
    startup_stm32g484xx.o(.text) refers to system_stm32g4xx.o(.text.SystemInit) for SystemInit
    startup_stm32g484xx.o(.text) refers to __main.o(!!!main) for __main
    startup_stm32g484xx.o(.text) refers to startup_stm32g484xx.o(HEAP) for Heap_Mem
    startup_stm32g484xx.o(.text) refers to startup_stm32g484xx.o(STACK) for Stack_Mem
    main.o(.text.main) refers to stm32g4xx_hal.o(.text.HAL_Init) for HAL_Init
    main.o(.text.main) refers to main.o(.text.SystemClock_Config) for SystemClock_Config
    main.o(.text.main) refers to main.o(.text.dwt_init) for dwt_init
    main.o(.text.main) refers to gpio.o(.text.MX_GPIO_Init) for MX_GPIO_Init
    main.o(.text.main) refers to dma.o(.text.MX_DMA_Init) for MX_DMA_Init
    main.o(.text.main) refers to adc.o(.text.MX_ADC4_Init) for MX_ADC4_Init
    main.o(.text.main) refers to tim.o(.text.MX_TIM6_Init) for MX_TIM6_Init
    main.o(.text.main) refers to tim.o(.text.MX_TIM1_Init) for MX_TIM1_Init
    main.o(.text.main) refers to tim.o(.text.MX_TIM7_Init) for MX_TIM7_Init
    main.o(.text.main) refers to adc.o(.bss.hadc4) for hadc4
    main.o(.text.main) refers to stm32g4xx_hal_adc.o(.text.HAL_ADC_Stop) for HAL_ADC_Stop
    main.o(.text.main) refers to stm32g4xx_hal_adc_ex.o(.text.HAL_ADCEx_Calibration_Start) for HAL_ADCEx_Calibration_Start
    main.o(.text.main) refers to main.o(.text.Error_Handler) for Error_Handler
    main.o(.text.main) refers to main.o(.bss.sogi_cfg) for sogi_cfg
    main.o(.text.main) refers to main.o(.bss.sogi_u_state) for sogi_u_state
    main.o(.text.main) refers to sogi.o(.text.SOGI_Init) for SOGI_Init
    main.o(.text.main) refers to main.o(.bss.sogi_v_state) for sogi_v_state
    main.o(.text.main) refers to main.o(.bss.sogi_w_state) for sogi_w_state
    main.o(.text.main) refers to main.o(.bss.g_predictor_error_lpf) for g_predictor_error_lpf
    main.o(.text.main) refers to dynvolt_lpf.o(.text.DynVolt_LPF3P_Init) for DynVolt_LPF3P_Init
    main.o(.text.main) refers to main.o(.bss.g_predictor_error_filter_primed) for g_predictor_error_filter_primed
    main.o(.text.main) refers to main.o(.bss.g_predictor_cfg) for g_predictor_cfg
    main.o(.text.main) refers to dynvolt_predictor.o(.text.DynVoltPredictor3P_GetDefaultConfig) for DynVoltPredictor3P_GetDefaultConfig
    main.o(.text.main) refers to main.o(.bss.g_predictor) for g_predictor
    main.o(.text.main) refers to dynvolt_predictor.o(.text.DynVoltPredictor3P_Init) for DynVoltPredictor3P_Init
    main.o(.text.main) refers to main.o(.bss.g_pll_theta) for g_pll_theta
    main.o(.text.main) refers to main.o(.bss.pll_integrator) for pll_integrator
    main.o(.text.main) refers to main.o(.data.pll_omega_nominal) for pll_omega_nominal
    main.o(.text.main) refers to main.o(.data.pll_omega) for pll_omega
    main.o(.text.main) refers to main.o(.bss.g_reference_mode) for g_reference_mode
    main.o(.text.main) refers to main.o(.data.g_output_mode) for g_output_mode
    main.o(.text.main) refers to main.o(.bss.adc_buf) for adc_buf
[...]
    $v0                                      0x08009690   Number         0  fpinit.o(x$fpl$fpinit)
    x$fpl$fpinit                             0x08009690   Section       26  fpinit.o(x$fpl$fpinit)
    x$fpl$usenofp                            0x080096aa   Section        0  usenofp.o(x$fpl$usenofp)
    twooverpi                                0x080096ac   Data          32  rredf.o(.constdata)
    .constdata                               0x080096ac   Section       32  rredf.o(.constdata)
    dynvolt_lpf_80hz_20khz_sos               0x080096dc   Data          60  dynvolt_lpf.o(.rodata.dynvolt_lpf_80hz_20khz_sos)
    [Anonymous Symbol]                       0x080096dc   Section        0  dynvolt_lpf.o(.rodata.dynvolt_lpf_80hz_20khz_sos)
    dynvolt_lpf_profile_table                0x08009718   Data          16  dynvolt_lpf.o(.rodata.dynvolt_lpf_profile_table)
    [Anonymous Symbol]                       0x08009718   Section        0  dynvolt_lpf.o(.rodata.dynvolt_lpf_profile_table)
    pll_ki                                   0x20000010   Data           4  main.o(.data.pll_ki)
    [Anonymous Symbol]                       0x20000010   Section        0  main.o(.data.pll_ki)
    pll_kp                                   0x20000014   Data           4  main.o(.data.pll_kp)
    [Anonymous Symbol]                       0x20000014   Section        0  main.o(.data.pll_kp)
    pll_omega                                0x20000018   Data           4  main.o(.data.pll_omega)
    [Anonymous Symbol]                       0x20000018   Section        0  main.o(.data.pll_omega)
    pll_omega_nominal                        0x2000001c   Data           4  main.o(.data.pll_omega_nominal)
    [Anonymous Symbol]                       0x2000001c   Section        0  main.o(.data.pll_omega_nominal)
    pll_ts                                   0x20000020   Data           4  main.o(.data.pll_ts)
    [Anonymous Symbol]                       0x20000020   Section        0  main.o(.data.pll_ts)
    .bss                                     0x20000030   Section       96  libspace.o(.bss)
    g_predictor                              0x200000ec   Data        9904  main.o(.bss.g_predictor)
    [Anonymous Symbol]                       0x200000ec   Section        0  main.o(.bss.g_predictor)
    g_predictor_cfg                          0x200027a4   Data          40  main.o(.bss.g_predictor_cfg)
    [Anonymous Symbol]                       0x200027a4   Section        0  main.o(.bss.g_predictor_cfg)
    g_predictor_error_lpf                    0x200027d8   Data         288  main.o(.bss.g_predictor_error_lpf)
    [Anonymous Symbol]                       0x200027d8   Section        0  main.o(.bss.g_predictor_error_lpf)
    g_pwm_3leg                               0x20002914   Data          44  main.o(.bss.g_pwm_3leg)
    [Anonymous Symbol]                       0x20002914   Section        0  main.o(.bss.g_pwm_3leg)
    g_pwm_3leg_cfg                           0x20002940   Data          28  main.o(.bss.g_pwm_3leg_cfg)
    [Anonymous Symbol]                       0x20002940   Section        0  main.o(.bss.g_pwm_3leg_cfg)
    pll_integrator                           0x20002b34   Data           4  main.o(.bss.pll_integrator)
    [Anonymous Symbol]                       0x20002b34   Section        0  main.o(.bss.pll_integrator)
    sogi_cfg                                 0x20002b38   Data          12  main.o(.bss.sogi_cfg)
    [Anonymous Symbol]                       0x20002b38   Section        0  main.o(.bss.sogi_cfg)
    sogi_u_state                             0x20002b44   Data          68  main.o(.bss.sogi_u_state)
    [Anonymous Symbol]                       0x20002b44   Section        0  main.o(.bss.sogi_u_state)
    sogi_v_state                             0x20002b88   Data          68  main.o(.bss.sogi_v_state)
    [Anonymous Symbol]                       0x20002b88   Section        0  main.o(.bss.sogi_v_state)
    sogi_w_state                             0x20002bcc   Data          68  main.o(.bss.sogi_w_state)
    [Anonymous Symbol]                       0x20002bcc   Section        0  main.o(.bss.sogi_w_state)
    Heap_Mem                                 0x20002c18   Data         512  startup_stm32g484xx.o(HEAP)
    HEAP                                     0x20002c18   Section      512  startup_stm32g484xx.o(HEAP)
    Stack_Mem                                0x20002e18   Data        1024  startup_stm32g484xx.o(STACK)
    STACK                                    0x20002e18   Section     1024  startup_stm32g484xx.o(STACK)
    __initial_sp                             0x20003218   Data           0  startup_stm32g484xx.o(STACK)

    Global Symbols

    Symbol Name                              Value     Ov Type        Size  Object(Section)

    BuildAttributes$$THM_ISAv4$E$P$D$K$B$S$7EM$VFPi3$EXTD16$VFPS$VFMA$PE$A:L22UL41UL21$X:L11$S22US41US21$IEEE1$IW$~IW$USESV6$~STKCKD$USESV7$~SHL$OTIME$ROPI$IEEEX$EBA8$UX$STANDARDLIB$REQ8$PRES8$EABIv2 0x00000000   Number         0  anon$$obj.o ABSOLUTE
    __ARM_exceptions_init                     - Undefined Weak Reference
    __alloca_initialize                       - Undefined Weak Reference
    __arm_preinit_                            - Undefined Weak Reference
    __cpp_initialize__aeabi_                  - Undefined Weak Reference
    __cxa_finalize                            - Undefined Weak Reference
    __rt_locale                               - Undefined Weak Reference
    __sigvec_lookup                           - Undefined Weak Reference
    _atexit_init                              - Undefined Weak Reference
    _call_atexit_fns                          - Undefined Weak Reference
    _clock_init                               - Undefined Weak Reference
    _fp_trap_init                             - Undefined Weak Reference
    _fp_trap_shutdown                         - Undefined Weak Reference
    _get_lc_collate                           - Undefined Weak Reference
    _get_lc_ctype                             - Undefined Weak Reference
    _get_lc_monetary                          - Undefined Weak Reference
    _get_lc_numeric                           - Undefined Weak Reference
    _get_lc_time                              - Undefined Weak Reference
    _getenv_init                              - Undefined Weak Reference
    _handle_redirection                       - Undefined Weak Reference
    _init_alloc                               - Undefined Weak Reference
    _init_user_alloc                          - Undefined Weak Reference
    _initio                                   - Undefined Weak Reference
    _rand_init                                - Undefined Weak Reference
    _signal_finish                            - Undefined Weak Reference
    _signal_init                              - Undefined Weak Reference
    _terminate_alloc                          - Undefined Weak Reference
    _terminate_user_alloc                     - Undefined Weak Reference
    _terminateio                              - Undefined Weak Reference
    __Vectors_Size                           0x000001d8   Number         0  startup_stm32g484xx.o ABSOLUTE
    __Vectors                                0x08000000   Data           4  startup_stm32g484xx.o(RESET)
    __Vectors_End                            0x080001d8   Data           0  startup_stm32g484xx.o(RESET)
    __main                                   0x080001d9   Thumb Code     8  __main.o(!!!main)
    __scatterload                            0x080001e1   Thumb Code     0  __scatter.o(!!!scatter)
    __scatterload_rt2                        0x080001e1   Thumb Code    44  __scatter.o(!!!scatter)
    __scatterload_rt2_thumb_only             0x080001e1   Thumb Code     0  __scatter.o(!!!scatter)
    __scatterload_null                       0x080001ef   Thumb Code     0  __scatter.o(!!!scatter)
    __scatterload_copy                       0x08000215   Thumb Code    26  __scatter_copy.o(!!handler_copy)
    __scatterload_zeroinit                   0x08000231   Thumb Code    28  __scatter_zi.o(!!handler_zi)
    __rt_lib_init                            0x0800024d   Thumb Code     0  libinit.o(.ARM.Collect$$libinit$$00000000)
    __rt_lib_init_fp_1                       0x0800024f   Thumb Code     0  libinit2.o(.ARM.Collect$$libinit$$00000001)
    __rt_lib_init_argv_1                     0x08000253   Thumb Code     0  libinit2.o(.ARM.Collect$$libinit$$00000027)
    __rt_lib_init_atexit_1                   0x08000253   Thumb Code     0  libinit2.o(.ARM.Collect$$libinit$$0000001B)
    __rt_lib_init_clock_1                    0x08000253   Thumb Code     0  libinit2.o(.ARM.Collect$$libinit$$00000021)
    __rt_lib_init_fp_trap_1                  0x08000253   Thumb Code     0  libinit2.o(.ARM.Collect$$libinit$$0000001F)
    __rt_lib_init_getenv_1                   0x08000253   Thumb Code     0  libinit2.o(.ARM.Collect$$libinit$$00000023)
    __rt_lib_init_heap_1                     0x08000253   Thumb Code     0  libinit2.o(.ARM.Collect$$libinit$$0000000A)
    __rt_lib_init_heapregion_libspace_used   0x08000253   Thumb Code     0  libinit2.o(.ARM.Collect$$libinit$$00000027)
    __rt_lib_init_lc_collate_1               0x08000253   Thumb Code     0  libinit2.o(.ARM.Collect$$libinit$$00000011)
    __rt_lib_init_lc_ctype_1                 0x08000253   Thumb Code     0  libinit2.o(.ARM.Collect$$libinit$$00000013)
    __rt_lib_init_lc_monetary_1              0x08000253   Thumb Code     0  libinit2.o(.ARM.Collect$$libinit$$00000015)
    __rt_lib_init_lc_numeric_1               0x08000253   Thumb Code     0  libinit2.o(.ARM.Collect$$libinit$$00000017)
    __rt_lib_init_lc_time_1                  0x08000253   Thumb Code     0  libinit2.o(.ARM.Collect$$libinit$$00000019)
    __rt_lib_init_preinit_1                  0x08000253   Thumb Code     0  libinit2.o(.ARM.Collect$$libinit$$00000004)
    __rt_lib_init_rand_1                     0x08000253   Thumb Code     0  libinit2.o(.ARM.Collect$$libinit$$0000000E)
    __rt_lib_init_signal_1                   0x08000253   Thumb Code     0  libinit2.o(.ARM.Collect$$libinit$$0000001D)
    __rt_lib_init_stdio_1                    0x08000253   Thumb Code     0  libinit2.o(.ARM.Collect$$libinit$$00000025)
    __rt_lib_init_user_alloc_1               0x08000253   Thumb Code     0  libinit2.o(.ARM.Collect$$libinit$$0000000C)
    __rt_lib_init_alloca_1                   0x0800025b   Thumb Code     0  libinit2.o(.ARM.Collect$$libinit$$0000002E)
    __rt_lib_init_cpp_1                      0x0800025b   Thumb Code     0  libinit2.o(.ARM.Collect$$libinit$$00000032)
    __rt_lib_init_exceptions_1               0x0800025b   Thumb Code     0  libinit2.o(.ARM.Collect$$libinit$$00000030)
    __rt_lib_init_return                     0x0800025b   Thumb Code     0  libinit2.o(.ARM.Collect$$libinit$$00000033)
    __rt_lib_shutdown                        0x0800025d   Thumb Code     0  libshutdown.o(.ARM.Collect$$libshutdown$$00000000)
    __rt_lib_shutdown_cpp_1                  0x0800025f   Thumb Code     0  libshutdown2.o(.ARM.Collect$$libshutdown$$00000002)
    __rt_lib_shutdown_fp_trap_1              0x0800025f   Thumb Code     0  libshutdown2.o(.ARM.Collect$$libshutdown$$00000007)
    __rt_lib_shutdown_heap_1                 0x0800025f   Thumb Code     0  libshutdown2.o(.ARM.Collect$$libshutdown$$0000000F)
    __rt_lib_shutdown_return                 0x0800025f   Thumb Code     0  libshutdown2.o(.ARM.Collect$$libshutdown$$00000010)
    __rt_lib_shutdown_signal_1               0x0800025f   Thumb Code     0  libshutdown2.o(.ARM.Collect$$libshutdown$$0000000A)
    __rt_lib_shutdown_stdio_1                0x0800025f   Thumb Code     0  libshutdown2.o(.ARM.Collect$$libshutdown$$00000004)
    __rt_lib_shutdown_user_alloc_1           0x0800025f   Thumb Code     0  libshutdown2.o(.ARM.Collect$$libshutdown$$0000000C)
    __rt_entry                               0x08000261   Thumb Code     0  __rtentry.o(.ARM.Collect$$rtentry$$00000000)
    __rt_entry_presh_1                       0x08000261   Thumb Code     0  __rtentry2.o(.ARM.Collect$$rtentry$$00000002)
    __rt_entry_sh                            0x08000261   Thumb Code     0  __rtentry4.o(.ARM.Collect$$rtentry$$00000004)
    __rt_entry_li                            0x08000267   Thumb Code     0  __rtentry2.o(.ARM.Collect$$rtentry$$0000000A)
    __rt_entry_postsh_1                      0x08000267   Thumb Code     0  __rtentry2.o(.ARM.Collect$$rtentry$$00000009)
    __rt_entry_main                          0x0800026b   Thumb Code     0  __rtentry2.o(.ARM.Collect$$rtentry$$0000000D)
    __rt_entry_postli_1                      0x0800026b   Thumb Code     0  __rtentry2.o(.ARM.Collect$$rtentry$$0000000C)
    __rt_exit                                0x08000273   Thumb Code     0  rtexit.o(.ARM.Collect$$rtexit$$00000000)
    __rt_exit_ls                             0x08000275   Thumb Code     0  rtexit2.o(.ARM.Collect$$rtexit$$00000003)
    __rt_exit_prels_1                        0x08000275   Thumb Code     0  rtexit2.o(.ARM.Collect$$rtexit$$00000002)
    __rt_exit_exit                           0x08000279   Thumb Code     0  rtexit2.o(.ARM.Collect$$rtexit$$00000004)
    __ARM_argv_veneer                        0x08000281   Thumb Code     4  argv_veneer.o(.emb_text)
    Reset_Handler                            0x08000285   Thumb Code     8  startup_stm32g484xx.o(.text)
    ADC1_2_IRQHandler                        0x0800029f   Thumb Code     0  startup_stm32g484xx.o(.text)
    ADC3_IRQHandler                          0x0800029f   Thumb Code     0  startup_stm32g484xx.o(.text)
    ADC4_IRQHandler                          0x0800029f   Thumb Code     0  startup_stm32g484xx.o(.text)
    ADC5_IRQHandler                          0x0800029f   Thumb Code     0  startup_stm32g484xx.o(.text)
    AES_IRQHandler                           0x0800029f   Thumb Code     0  startup_stm32g484xx.o(.text)
    COMP1_2_3_IRQHandler                     0x0800029f   Thumb Code     0  startup_stm32g484xx.o(.text)
    COMP4_5_6_IRQHandler                     0x0800029f   Thumb Code     0  startup_stm32g484xx.o(.text)
    COMP7_IRQHandler                         0x0800029f   Thumb Code     0  startup_stm32g484xx.o(.text)
    CORDIC_IRQHandler                        0x0800029f   Thumb Code     0  startup_stm32g484xx.o(.text)
    CRS_IRQHandler                           0x0800029f   Thumb Code     0  startup_stm32g484xx.o(.text)
    DMA1_Channel2_IRQHandler                 0x0800029f   Thumb Code     0  startup_stm32g484xx.o(.text)
    DMA1_Channel3_IRQHandler                 0x0800029f   Thumb Code     0  startup_stm32g484xx.o(.text)
    DMA1_Channel4_IRQHandler                 0x0800029f   Thumb Code     0  startup_stm32g484xx.o(.text)
    DMA1_Channel5_IRQHandler                 0x0800029f   Thumb Code     0  startup_stm32g484xx.o(.text)
    DMA1_Channel6_IRQHandler                 0x0800029f   Thumb Code     0  startup_stm32g484xx.o(.text)
    DMA1_Channel7_IRQHandler                 0x0800029f   Thumb Code     0  startup_stm32g484xx.o(.text)
    DMA1_Channel8_IRQHandler                 0x0800029f   Thumb Code     0  startup_stm32g484xx.o(.text)
    DMA2_Channel1_IRQHandler                 0x0800029f   Thumb Code     0  startup_stm32g484xx.o(.text)
    DMA2_Channel2_IRQHandler                 0x0800029f   Thumb Code     0  startup_stm32g484xx.o(.text)
    DMA2_Channel3_IRQHandler                 0x0800029f   Thumb Code     0  startup_stm32g484xx.o(.text)
    DMA2_Channel4_IRQHandler                 0x0800029f   Thumb Code     0  startup_stm32g484xx.o(.text)
    DMA2_Channel5_IRQHandler                 0x0800029f   Thumb Code     0  startup_stm32g484xx.o(.text)
    DMA2_Channel6_IRQHandler                 0x0800029f   Thumb Code     0  startup_stm32g484xx.o(.text)
    DMA2_Channel7_IRQHandler                 0x0800029f   Thumb Code     0  startup_stm32g484xx.o(.text)
    DMA2_Channel8_IRQHandler                 0x0800029f   Thumb Code     0  startup_stm32g484xx.o(.text)
    DMAMUX_OVR_IRQHandler                    0x0800029f   Thumb Code     0  startup_stm32g484xx.o(.text)
    EXTI0_IRQHandler                         0x0800029f   Thumb Code     0  startup_stm32g484xx.o(.text)
    EXTI15_10_IRQHandler                     0x0800029f   Thumb Code     0  startup_stm32g484xx.o(.text)
    EXTI1_IRQHandler                         0x0800029f   Thumb Code     0  startup_stm32g484xx.o(.text)
    EXTI2_IRQHandler                         0x0800029f   Thumb Code     0  startup_stm32g484xx.o(.text)
    EXTI3_IRQHandler                         0x0800029f   Thumb Code     0  startup_stm32g484xx.o(.text)
    EXTI4_IRQHandler                         0x0800029f   Thumb Code     0  startup_stm32g484xx.o(.text)
    EXTI9_5_IRQHandler                       0x0800029f   Thumb Code     0  startup_stm32g484xx.o(.text)
    FDCAN1_IT0_IRQHandler                    0x0800029f   Thumb Code     0  startup_stm32g484xx.o(.text)
    FDCAN1_IT1_IRQHandler                    0x0800029f   Thumb Code     0  startup_stm32g484xx.o(.text)
    FDCAN2_IT0_IRQHandler                    0x0800029f   Thumb Code     0  startup_stm32g484xx.o(.text)
    FDCAN2_IT1_IRQHandler                    0x0800029f   Thumb Code     0  startup_stm32g484xx.o(.text)
    FDCAN3_IT0_IRQHandler                    0x0800029f   Thumb Code     0  startup_stm32g484xx.o(.text)
    FDCAN3_IT1_IRQHandler                    0x0800029f   Thumb Code     0  startup_stm32g484xx.o(.text)
    FLASH_IRQHandler                         0x0800029f   Thumb Code     0  startup_stm32g484xx.o(.text)
    FMAC_IRQHandler                          0x0800029f   Thumb Code     0  startup_stm32g484xx.o(.text)
    FMC_IRQHandler                           0x0800029f   Thumb Code     0  startup_stm32g484xx.o(.text)
    FPU_IRQHandler                           0x0800029f   Thumb Code     0  startup_stm32g484xx.o(.text)
    HRTIM1_FLT_IRQHandler                    0x0800029f   Thumb Code     0  startup_stm32g484xx.o(.text)
    HRTIM1_Master_IRQHandler                 0x0800029f   Thumb Code     0  startup_stm32g484xx.o(.text)
    HRTIM1_TIMA_IRQHandler                   0x0800029f   Thumb Code     0  startup_stm32g484xx.o(.text)
    HRTIM1_TIMB_IRQHandler                   0x0800029f   Thumb Code     0  startup_stm32g484xx.o(.text)
    HRTIM1_TIMC_IRQHandler                   0x0800029f   Thumb Code     0  startup_stm32g484xx.o(.text)
    HRTIM1_TIMD_IRQHandler                   0x0800029f   Thumb Code     0  startup_stm32g484xx.o(.text)
    HRTIM1_TIME_IRQHandler                   0x0800029f   Thumb Code     0  startup_stm32g484xx.o(.text)
    HRTIM1_TIMF_IRQHandler                   0x0800029f   Thumb Code     0  startup_stm32g484xx.o(.text)
    I2C1_ER_IRQHandler                       0x0800029f   Thumb Code     0  startup_stm32g484xx.o(.text)
    I2C1_EV_IRQHandler                       0x0800029f   Thumb Code     0  startup_stm32g484xx.o(.text)
    I2C2_ER_IRQHandler                       0x0800029f   Thumb Code     0  startup_stm32g484xx.o(.text)
    I2C2_EV_IRQHandler                       0x0800029f   Thumb Code     0  startup_stm32g484xx.o(.text)
    I2C3_ER_IRQHandler                       0x0800029f   Thumb Code     0  startup_stm32g484xx.o(.text)
    I2C3_EV_IRQHandler                       0x0800029f   Thumb Code     0  startup_stm32g484xx.o(.text)
    I2C4_ER_IRQHandler                       0x0800029f   Thumb Code     0  startup_stm32g484xx.o(.text)
    I2C4_EV_IRQHandler                       0x0800029f   Thumb Code     0  startup_stm32g484xx.o(.text)
    LPTIM1_IRQHandler                        0x0800029f   Thumb Code     0  startup_stm32g484xx.o(.text)
    LPUART1_IRQHandler                       0x0800029f   Thumb Code     0  startup_stm32g484xx.o(.text)
    PVD_PVM_IRQHandler                       0x0800029f   Thumb Code     0  startup_stm32g484xx.o(.text)
    QUADSPI_IRQHandler                       0x0800029f   Thumb Code     0  startup_stm32g484xx.o(.text)
    RCC_IRQHandler                           0x0800029f   Thumb Code     0  startup_stm32g484xx.o(.text)
    RNG_IRQHandler                           0x0800029f   Thumb Code     0  startup_stm32g484xx.o(.text)
    RTC_Alarm_IRQHandler                     0x0800029f   Thumb Code     0  startup_stm32g484xx.o(.text)
    RTC_TAMP_LSECSS_IRQHandler               0x0800029f   Thumb Code     0  startup_stm32g484xx.o(.text)
    RTC_WKUP_IRQHandler                      0x0800029f   Thumb Code     0  startup_stm32g484xx.o(.text)
    SAI1_IRQHandler                          0x0800029f   Thumb Code     0  startup_stm32g484xx.o(.text)
    SPI1_IRQHandler                          0x0800029f   Thumb Code     0  startup_stm32g484xx.o(.text)
    SPI2_IRQHandler                          0x0800029f   Thumb Code     0  startup_stm32g484xx.o(.text)
    SPI3_IRQHandler                          0x0800029f   Thumb Code     0  startup_stm32g484xx.o(.text)
    SPI4_IRQHandler                          0x0800029f   Thumb Code     0  startup_stm32g484xx.o(.text)
    TIM1_BRK_TIM15_IRQHandler                0x0800029f   Thumb Code     0  startup_stm32g484xx.o(.text)
    TIM1_CC_IRQHandler                       0x0800029f   Thumb Code     0  startup_stm32g484xx.o(.text)
    TIM1_TRG_COM_TIM17_IRQHandler            0x0800029f   Thumb Code     0  startup_stm32g484xx.o(.text)
    TIM1_UP_TIM16_IRQHandler                 0x0800029f   Thumb Code     0  startup_stm32g484xx.o(.text)
    TIM20_BRK_IRQHandler                     0x0800029f   Thumb Code     0  startup_stm32g484xx.o(.text)
    TIM20_CC_IRQHandler                      0x0800029f   Thumb Code     0  startup_stm32g484xx.o(.text)
    TIM20_TRG_COM_IRQHandler                 0x0800029f   Thumb Code     0  startup_stm32g484xx.o(.text)
    TIM20_UP_IRQHandler                      0x0800029f   Thumb Code     0  startup_stm32g484xx.o(.text)
    TIM2_IRQHandler                          0x0800029f   Thumb Code     0  startup_stm32g484xx.o(.text)
    TIM3_IRQHandler                          0x0800029f   Thumb Code     0  startup_stm32g484xx.o(.text)
    TIM4_IRQHandler                          0x0800029f   Thumb Code     0  startup_stm32g484xx.o(.text)
    TIM5_IRQHandler                          0x0800029f   Thumb Code     0  startup_stm32g484xx.o(.text)
    TIM8_BRK_IRQHandler                      0x0800029f   Thumb Code     0  startup_stm32g484xx.o(.text)
    TIM8_CC_IRQHandler                       0x0800029f   Thumb Code     0  startup_stm32g484xx.o(.text)
    TIM8_TRG_COM_IRQHandler                  0x0800029f   Thumb Code     0  startup_stm32g484xx.o(.text)
    TIM8_UP_IRQHandler                       0x0800029f   Thumb Code     0  startup_stm32g484xx.o(.text)
    UART4_IRQHandler                         0x0800029f   Thumb Code     0  startup_stm32g484xx.o(.text)
    UART5_IRQHandler                         0x0800029f   Thumb Code     0  startup_stm32g484xx.o(.text)
    UCPD1_IRQHandler                         0x0800029f   Thumb Code     0  startup_stm32g484xx.o(.text)
    USART1_IRQHandler                        0x0800029f   Thumb Code     0  startup_stm32g484xx.o(.text)
    USART2_IRQHandler                        0x0800029f   Thumb Code     0  startup_stm32g484xx.o(.text)
    USART3_IRQHandler                        0x0800029f   Thumb Code     0  startup_stm32g484xx.o(.text)
    USBWakeUp_IRQHandler                     0x0800029f   Thumb Code     0  startup_stm32g484xx.o(.text)
    USB_HP_IRQHandler                        0x0800029f   Thumb Code     0  startup_stm32g484xx.o(.text)
    USB_LP_IRQHandler                        0x0800029f   Thumb Code     0  startup_stm32g484xx.o(.text)
    WWDG_IRQHandler                          0x0800029f   Thumb Code     0  startup_stm32g484xx.o(.text)
    __user_initial_stackheap                 0x080002a1   Thumb Code     0  startup_stm32g484xx.o(.text)
    __aeabi_memclr4                          0x080002c5   Thumb Code     0  rt_memclr_w.o(.text)
    __aeabi_memclr8                          0x080002c5   Thumb Code     0  rt_memclr_w.o(.text)
    __rt_memclr_w                            0x080002c5   Thumb Code    78  rt_memclr_w.o(.text)
    _memset_w                                0x080002c9   Thumb Code     0  rt_memclr_w.o(.text)
    __use_two_region_memory                  0x08000313   Thumb Code     2  heapauxi.o(.text)
    __rt_heap_escrow$2region                 0x08000315   Thumb Code     2  heapauxi.o(.text)
    __rt_heap_expand$2region                 0x08000317   Thumb Code     2  heapauxi.o(.text)
    __read_errno                             0x08000319   Thumb Code    10  _rserrno.o(.text)
    __set_errno                              0x08000323   Thumb Code    12  _rserrno.o(.text)
    __aeabi_errno_addr                       0x08000331   Thumb Code     8  rt_errno_addr_intlibspace.o(.text)
    __errno$intlibspace                      0x08000331   Thumb Code     0  rt_errno_addr_intlibspace.o(.text)
    __rt_errno_addr$intlibspace              0x08000331   Thumb Code     0  rt_errno_addr_intlibspace.o(.text)
    __user_libspace                          0x08000339   Thumb Code     8  libspace.o(.text)
    __user_perproc_libspace                  0x08000339   Thumb Code     0  libspace.o(.text)
    __user_perthread_libspace                0x08000339   Thumb Code     0  libspace.o(.text)
    __user_setup_stackheap                   0x08000341   Thumb Code    74  sys_stackheap_outer.o(.text)
    exit                                     0x0800038b   Thumb Code    18  exit.o(.text)
    _sys_exit                                0x0800039d   Thumb Code     8  sys_exit.o(.text)
    __argv_alloc                             0x080003a9   Thumb Code    34  _get_argv_nomalloc.o(.text)
    __ARM_get_argv                           0x080003cb   Thumb Code   268  _get_argv_nomalloc.o(.text)
    _sys_command_string                      0x080004d7   Thumb Code    24  sys_command.o(.text)
    __I$use$semihosting                      0x080004ef   Thumb Code     0  use_no_semi.o(.text)
    __use_no_semihosting_swi                 0x080004ef   Thumb Code     2  use_no_semi.o(.text)
    __semihosting_library_function           0x080004f1   Thumb Code     0  indicate_semi.o(.text)
    __use_no_heap_region                     0x080004f1   Thumb Code     2  hrguard.o(.text)
    __heap_region$guard                      0x080004f3   Thumb Code     2  hrguard.o(.text)
    __rt_SIGRTMEM                            0x080004f5   Thumb Code    14  defsig_rtmem_outer.o(.text)
    __sig_exit                               0x08000503   Thumb Code    10  defsig_exit.o(.text)
    __rt_SIGRTMEM_inner                      0x0800050d   Thumb Code    22  defsig_rtmem_inner.o(.text)
    __default_signal_display                 0x0800055d   Thumb Code    50  defsig_general.o(.text)
    _ttywrch                                 0x0800058f   Thumb Code    14  sys_wrch.o(.text)
    ADC_ConversionStop                       0x0800059d   Thumb Code   410  stm32g4xx_hal_adc.o(.text.ADC_ConversionStop)
    ADC_DMAConvCplt                          0x08000739   Thumb Code   220  stm32g4xx_hal_adc.o(.text.ADC_DMAConvCplt)
    ADC_DMAError                             0x08000815   Thumb Code    42  stm32g4xx_hal_adc.o(.text.ADC_DMAError)
    ADC_DMAHalfConvCplt                      0x08000841   Thumb Code    22  stm32g4xx_hal_adc.o(.text.ADC_DMAHalfConvCplt)
    ADC_Disable                              0x08000859   Thumb Code   200  stm32g4xx_hal_adc.o(.text.ADC_Disable)
    ADC_Enable                               0x08000921   Thumb Code   342  stm32g4xx_hal_adc.o(.text.ADC_Enable)
    BusFault_Handler                         0x08000a79   Thumb Code     4  stm32g4xx_it.o(.text.BusFault_Handler)
    DMA1_Channel1_IRQHandler                 0x08000a7d   Thumb Code    16  stm32g4xx_it.o(.text.DMA1_Channel1_IRQHandler)
    DebugMon_Handler                         0x08002735   Thumb Code     2  stm32g4xx_it.o(.text.DebugMon_Handler)
    DynVoltPredictor3P_GetDebug              0x08002739   Thumb Code    36  dynvolt_predictor.o(.text.DynVoltPredictor3P_GetDebug)
    DynVoltPredictor3P_GetDefaultConfig      0x0800275d   Thumb Code   130  dynvolt_predictor.o(.text.DynVoltPredictor3P_GetDefaultConfig)
    DynVoltPredictor3P_Init                  0x080027e1   Thumb Code   632  dynvolt_predictor.o(.text.DynVoltPredictor3P_Init)
    DynVoltPredictor3P_Step                  0x08002a59   Thumb Code   784  dynvolt_predictor.o(.text.DynVoltPredictor3P_Step)
    DynVolt_LPF3P_Init                       0x08002db9   Thumb Code   128  dynvolt_lpf.o(.text.DynVolt_LPF3P_Init)
    Error_Handler                            0x08002e95   Thumb Code    14  main.o(.text.Error_Handler)
    HAL_ADCEx_Calibration_Start              0x08002ea5   Thumb Code   228  stm32g4xx_hal_adc_ex.o(.text.HAL_ADCEx_Calibration_Start)
    HAL_ADC_ConfigChannel                    0x08002f89   Thumb Code  2416  stm32g4xx_hal_adc.o(.text.HAL_ADC_ConfigChannel)
    HAL_ADC_ConvCpltCallback                 0x080038f9   Thumb Code    34  main.o(.text.HAL_ADC_ConvCpltCallback)
    HAL_ADC_ConvHalfCpltCallback             0x0800391d   Thumb Code     8  stm32g4xx_hal_adc.o(.text.HAL_ADC_ConvHalfCpltCallback)
    HAL_ADC_ErrorCallback                    0x08003925   Thumb Code     8  stm32g4xx_hal_adc.o(.text.HAL_ADC_ErrorCallback)
    HAL_ADC_Init                             0x0800392d   Thumb Code  1016  stm32g4xx_hal_adc.o(.text.HAL_ADC_Init)
    HAL_ADC_MspInit                          0x08003d25   Thumb Code   322  adc.o(.text.HAL_ADC_MspInit)
    HAL_ADC_Start_DMA                        0x08003e69   Thumb Code   530  stm32g4xx_hal_adc.o(.text.HAL_ADC_Start_DMA)
    HAL_ADC_Stop                             0x0800407d   Thumb Code   132  stm32g4xx_hal_adc.o(.text.HAL_ADC_Stop)
    HAL_DMA_IRQHandler                       0x08004101   Thumb Code   352  stm32g4xx_hal_dma.o(.text.HAL_DMA_IRQHandler)
    HAL_DMA_Init                             0x08004261   Thumb Code   350  stm32g4xx_hal_dma.o(.text.HAL_DMA_Init)
    HAL_DMA_Start_IT                         0x080043c1   Thumb Code   256  stm32g4xx_hal_dma.o(.text.HAL_DMA_Start_IT)
    HAL_GPIO_Init                            0x080044c1   Thumb Code   908  stm32g4xx_hal_gpio.o(.text.HAL_GPIO_Init)
    HAL_GPIO_WritePin                        0x0800484d   Thumb Code    50  stm32g4xx_hal_gpio.o(.text.HAL_GPIO_WritePin)
    HAL_GetTick                              0x08004881   Thumb Code    12  stm32g4xx_hal.o(.text.HAL_GetTick)
    HAL_IncTick                              0x0800488d   Thumb Code    26  stm32g4xx_hal.o(.text.HAL_IncTick)
    HAL_Init                                 0x080048a9   Thumb Code    50  stm32g4xx_hal.o(.text.HAL_Init)
    HAL_InitTick                             0x080048dd   Thumb Code   140  stm32g4xx_hal.o(.text.HAL_InitTick)
    HAL_MspInit                              0x08004969   Thumb Code    72  stm32g4xx_hal_msp.o(.text.HAL_MspInit)
    HAL_NVIC_EnableIRQ                       0x080049b1   Thumb Code    24  stm32g4xx_hal_cortex.o(.text.HAL_NVIC_EnableIRQ)
    HAL_NVIC_SetPriority                     0x080049c9   Thumb Code    60  stm32g4xx_hal_cortex.o(.text.HAL_NVIC_SetPriority)
    HAL_NVIC_SetPriorityGrouping             0x08004a05   Thumb Code    16  stm32g4xx_hal_cortex.o(.text.HAL_NVIC_SetPriorityGrouping)
    HAL_PWREx_ControlVoltageScaling          0x08004a15   Thumb Code   440  stm32g4xx_hal_pwr_ex.o(.text.HAL_PWREx_ControlVoltageScaling)
    HAL_PWREx_DisableUCPDDeadBattery         0x08004bcd   Thumb Code    18  stm32g4xx_hal_pwr_ex.o(.text.HAL_PWREx_DisableUCPDDeadBattery)
    HAL_RCCEx_PeriphCLKConfig                0x08004be1   Thumb Code  1328  stm32g4xx_hal_rcc_ex.o(.text.HAL_RCCEx_PeriphCLKConfig)
    HAL_RCC_ClockConfig                      0x08005111   Thumb Code   810  stm32g4xx_hal_rcc.o(.text.HAL_RCC_ClockConfig)
    HAL_RCC_GetSysClockFreq                  0x0800543d   Thumb Code   252  stm32g4xx_hal_rcc.o(.text.HAL_RCC_GetSysClockFreq)
    HAL_RCC_OscConfig                        0x08005539   Thumb Code  1984  stm32g4xx_hal_rcc.o(.text.HAL_RCC_OscConfig)
    HAL_SYSTICK_Config                       0x08005cf9   Thumb Code    16  stm32g4xx_hal_cortex.o(.text.HAL_SYSTICK_Config)
    HAL_TIMEx_Break2Callback                 0x08005d09   Thumb Code     8  stm32g4xx_hal_tim_ex.o(.text.HAL_TIMEx_Break2Callback)
    HAL_TIMEx_BreakCallback                  0x08005d11   Thumb Code     8  stm32g4xx_hal_tim_ex.o(.text.HAL_TIMEx_BreakCallback)
    HAL_TIMEx_CommutCallback                 0x08005d19   Thumb Code     8  stm32g4xx_hal_tim_ex.o(.text.HAL_TIMEx_CommutCallback)
    HAL_TIMEx_ConfigBreakDeadTime            0x08005d21   Thumb Code   322  stm32g4xx_hal_tim_ex.o(.text.HAL_TIMEx_ConfigBreakDeadTime)
    HAL_TIMEx_DirectionChangeCallback        0x08005e65   Thumb Code     8  stm32g4xx_hal_tim_ex.o(.text.HAL_TIMEx_DirectionChangeCallback)
    HAL_TIMEx_EncoderIndexCallback           0x08005e6d   Thumb Code     8  stm32g4xx_hal_tim_ex.o(.text.HAL_TIMEx_EncoderIndexCallback)
    HAL_TIMEx_IndexErrorCallback             0x08005e75   Thumb Code     8  stm32g4xx_hal_tim_ex.o(.text.HAL_TIMEx_IndexErrorCallback)
    HAL_TIMEx_MasterConfigSynchronization    0x08005e7d   Thumb Code   372  stm32g4xx_hal_tim_ex.o(.text.HAL_TIMEx_MasterConfigSynchronization)
    HAL_TIMEx_TransitionErrorCallback        0x08005ff1   Thumb Code     8  stm32g4xx_hal_tim_ex.o(.text.HAL_TIMEx_TransitionErrorCallback)
    HAL_TIM_Base_Init                        0x08005ff9   Thumb Code   178  stm32g4xx_hal_tim.o(.text.HAL_TIM_Base_Init)
    HAL_TIM_Base_MspInit                     0x080060ad   Thumb Code   204  tim.o(.text.HAL_TIM_Base_MspInit)
    HAL_TIM_Base_Start                       0x08006179   Thumb Code   250  stm32g4xx_hal_tim.o(.text.HAL_TIM_Base_Start)
    HAL_TIM_Base_Start_IT                    0x08006275   Thumb Code   262  stm32g4xx_hal_tim.o(.text.HAL_TIM_Base_Start_IT)
    HAL_TIM_ConfigClockSource                0x0800637d   Thumb Code   544  stm32g4xx_hal_tim.o(.text.HAL_TIM_ConfigClockSource)
    HAL_TIM_IC_CaptureCallback               0x0800659d   Thumb Code     8  stm32g4xx_hal_tim.o(.text.HAL_TIM_IC_CaptureCallback)
    HAL_TIM_IRQHandler                       0x080065a5   Thumb Code   778  stm32g4xx_hal_tim.o(.text.HAL_TIM_IRQHandler)
    HAL_TIM_MspPostInit                      0x080068b1   Thumb Code   262  tim.o(.text.HAL_TIM_MspPostInit)
    HAL_TIM_OC_DelayElapsedCallback          0x080069b9   Thumb Code     8  stm32g4xx_hal_tim.o(.text.HAL_TIM_OC_DelayElapsedCallback)
    HAL_TIM_PWM_ConfigChannel                0x080069c1   Thumb Code   432  stm32g4xx_hal_tim.o(.text.HAL_TIM_PWM_ConfigChannel)
    HAL_TIM_PWM_Init                         0x08006b71   Thumb Code   178  stm32g4xx_hal_tim.o(.text.HAL_TIM_PWM_Init)
    HAL_TIM_PWM_MspInit                      0x08006c25   Thumb Code     8  stm32g4xx_hal_tim.o(.text.HAL_TIM_PWM_MspInit)
    HAL_TIM_PWM_PulseFinishedCallback        0x08006c2d   Thumb Code     8  stm32g4xx_hal_tim.o(.text.HAL_TIM_PWM_PulseFinishedCallback)
    HAL_TIM_PeriodElapsedCallback            0x08006c35   Thumb Code    88  main.o(.text.HAL_TIM_PeriodElapsedCallback)
    HAL_TIM_TriggerCallback                  0x08006c8d   Thumb Code     8  stm32g4xx_hal_tim.o(.text.HAL_TIM_TriggerCallback)
    HardFault_Handler                        0x08006c95   Thumb Code     4  stm32g4xx_it.o(.text.HardFault_Handler)
    MX_ADC4_Init                             0x08007001   Thumb Code   254  adc.o(.text.MX_ADC4_Init)
    MX_DMA_Init                              0x08007101   Thumb Code    88  dma.o(.text.MX_DMA_Init)
    MX_GPIO_Init                             0x08007159   Thumb Code   216  gpio.o(.text.MX_GPIO_Init)
    MX_TIM1_Init                             0x08007231   Thumb Code   410  tim.o(.text.MX_TIM1_Init)
    MX_TIM6_Init                             0x080073cd   Thumb Code    98  tim.o(.text.MX_TIM6_Init)
    MX_TIM7_Init                             0x08007431   Thumb Code    98  tim.o(.text.MX_TIM7_Init)
    MemManage_Handler                        0x08007495   Thumb Code     4  stm32g4xx_it.o(.text.MemManage_Handler)
    NMI_Handler                              0x08007499   Thumb Code     4  stm32g4xx_it.o(.text.NMI_Handler)
    PWM_3Leg_Init                            0x0800750d   Thumb Code   106  pwm_3leg_sine.o(.text.PWM_3Leg_Init)
    PWM_3Leg_RefreshARR                      0x08007579   Thumb Code    42  pwm_3leg_sine.o(.text.PWM_3Leg_RefreshARR)
    PendSV_Handler                           0x080075a5   Thumb Code     2  stm32g4xx_it.o(.text.PendSV_Handler)
    SOGI_Init                                0x08007645   Thumb Code   336  sogi.o(.text.SOGI_Init)
    SOGI_Step                                0x08007795   Thumb Code   286  sogi.o(.text.SOGI_Step)
    SVC_Handler                              0x080078b5   Thumb Code     2  stm32g4xx_it.o(.text.SVC_Handler)
    SysTick_Handler                          0x0800790d   Thumb Code     8  stm32g4xx_it.o(.text.SysTick_Handler)
    SystemClock_Config                       0x08007915   Thumb Code   124  main.o(.text.SystemClock_Config)
    SystemInit                               0x08007991   Thumb Code    18  system_stm32g4xx.o(.text.SystemInit)
    TIM6_DAC_IRQHandler                      0x080079a5   Thumb Code    16  stm32g4xx_it.o(.text.TIM6_DAC_IRQHandler)
    TIM7_DAC_IRQHandler                      0x080079b5   Thumb Code    16  stm32g4xx_it.o(.text.TIM7_DAC_IRQHandler)
    TIM_Base_SetConfig                       0x080079c5   Thumb Code   474  stm32g4xx_hal_tim.o(.text.TIM_Base_SetConfig)
    TIM_ETR_SetConfig                        0x08007ba1   Thumb Code    52  stm32g4xx_hal_tim.o(.text.TIM_ETR_SetConfig)
    TIM_OC2_SetConfig                        0x08007d7d   Thumb Code   408  stm32g4xx_hal_tim.o(.text.TIM_OC2_SetConfig)
    UsageFault_Handler                       0x080085a1   Thumb Code     4  stm32g4xx_it.o(.text.UsageFault_Handler)
    main                                     0x08008b09   Thumb Code   562  main.o(.text.main)
    __ARM_fpclassifyf                        0x080091d5   Thumb Code    38  fpclassifyf.o(i.__ARM_fpclassifyf)
    __hardfp_cosf                            0x080091fd   Thumb Code   280  cosf.o(i.__hardfp_cosf)
    __hardfp_sinf                            0x0800934d   Thumb Code   344  sinf.o(i.__hardfp_sinf)
    __hardfp_sqrtf                           0x080094dd   Thumb Code    58  sqrtf.o(i.__hardfp_sqrtf)
    __mathlib_flt_infnan                     0x08009517   Thumb Code     6  funder.o(i.__mathlib_flt_infnan)
    __mathlib_flt_invalid                    0x0800951d   Thumb Code    10  funder.o(i.__mathlib_flt_invalid)
    __mathlib_flt_underflow                  0x0800952d   Thumb Code    10  funder.o(i.__mathlib_flt_underflow)
    __mathlib_rredf2                         0x0800953d   Thumb Code   316  rredf.o(i.__mathlib_rredf2)
    _fp_init                                 0x08009691   Thumb Code    26  fpinit.o(x$fpl$fpinit)
    __fplib_config_fpu_vfp                   0x080096a9   Thumb Code     0  fpinit.o(x$fpl$fpinit)
    __fplib_config_pureend_doubles           0x080096a9   Thumb Code     0  fpinit.o(x$fpl$fpinit)
    __I$use$fp                               0x080096aa   Number         0  usenofp.o(x$fpl$usenofp)
    AHBPrescTable                            0x080096cc   Data          16  system_stm32g4xx.o(.rodata.AHBPrescTable)
    Region$$Table$$Base                      0x08009728   Number         0  anon$$obj.o(Region$$Table)
    Region$$Table$$Limit                     0x08009748   Number         0  anon$$obj.o(Region$$Table)
    SystemCoreClock                          0x20000000   Data           4  system_stm32g4xx.o(.data.SystemCoreClock)
    g_clean_reference_phase_peak_volts       0x20000004   Data           4  main.o(.data.g_clean_reference_phase_peak_volts)
    g_output_mode                            0x20000008   Data           4  main.o(.data.g_output_mode)
    g_pll_freq_hz                            0x2000000c   Data           4  main.o(.data.g_pll_freq_hz)
    uwTickFreq                               0x20000024   Data           4  stm32g4xx_hal.o(.data.uwTickFreq)
    uwTickPrio                               0x20000028   Data           4  stm32g4xx_hal.o(.data.uwTickPrio)
    __libspace_start                         0x20000030   Data          96  libspace.o(.bss)
    __temporary_stack_top$libspace           0x20000090   Data           0  libspace.o(.bss)
    adc_buf                                  0x20000090   Data           6  main.o(.bss.adc_buf)
    g_adc_raw_u                              0x20000096   Data           2  main.o(.bss.g_adc_raw_u)
    g_adc_raw_v                              0x20000098   Data           2  main.o(.bss.g_adc_raw_v)
    g_adc_raw_w                              0x2000009a   Data           2  main.o(.bss.g_adc_raw_w)
    g_err_u                                  0x2000009c   Data           4  main.o(.bss.g_err_u)
    g_err_v                                  0x200000a0   Data           4  main.o(.bss.g_err_v)
    g_err_w                                  0x200000a4   Data           4  main.o(.bss.g_err_w)
    g_meas_u                                 0x200000a8   Data           4  main.o(.bss.g_meas_u)
    g_meas_v                                 0x200000ac   Data           4  main.o(.bss.g_meas_v)
    g_meas_w                                 0x200000b0   Data           4  main.o(.bss.g_meas_w)
    g_pll_error                              0x200000b4   Data           4  main.o(.bss.g_pll_error)
    g_pll_theta                              0x200000b8   Data           4  main.o(.bss.g_pll_theta)
    g_pred_err_u                             0x200000bc   Data           4  main.o(.bss.g_pred_err_u)
    g_pred_err_v                             0x200000c0   Data           4  main.o(.bss.g_pred_err_v)
    g_pred_err_w                             0x200000c4   Data           4  main.o(.bss.g_pred_err_w)
    g_pred_inj_u                             0x200000c8   Data           4  main.o(.bss.g_pred_inj_u)
    g_pred_inj_v                             0x200000cc   Data           4  main.o(.bss.g_pred_inj_v)
    g_pred_inj_w                             0x200000d0   Data           4  main.o(.bss.g_pred_inj_w)
    g_pred_input_err_filt_u                  0x200000d4   Data           4  main.o(.bss.g_pred_input_err_filt_u)
    g_pred_input_err_filt_v                  0x200000d8   Data           4  main.o(.bss.g_pred_input_err_filt_v)
    g_pred_input_err_filt_w                  0x200000dc   Data           4  main.o(.bss.g_pred_input_err_filt_w)
    g_pred_input_err_u                       0x200000e0   Data           4  main.o(.bss.g_pred_input_err_u)
    g_pred_input_err_v                       0x200000e4   Data           4  main.o(.bss.g_pred_input_err_v)
    g_pred_input_err_w                       0x200000e8   Data           4  main.o(.bss.g_pred_input_err_w)
    g_predictor_active                       0x2000279c   Data           1  main.o(.bss.g_predictor_active)
    g_predictor_alpha                        0x200027a0   Data           4  main.o(.bss.g_predictor_alpha)
    g_predictor_cycles                       0x200027cc   Data           4  main.o(.bss.g_predictor_cycles)
    g_predictor_cycles_max                   0x200027d0   Data           4  main.o(.bss.g_predictor_cycles_max)
    g_predictor_error_filter_primed          0x200027d4   Data           1  main.o(.bss.g_predictor_error_filter_primed)
    g_predictor_flicker_score                0x200028f8   Data           4  main.o(.bss.g_predictor_flicker_score)
    g_predictor_is_running                   0x200028fc   Data           1  main.o(.bss.g_predictor_is_running)
    g_predictor_missed_count                 0x20002900   Data           4  main.o(.bss.g_predictor_missed_count)
    g_predictor_run_request                  0x20002904   Data           1  main.o(.bss.g_predictor_run_request)
    g_predictor_saturated                    0x20002905   Data           1  main.o(.bss.g_predictor_saturated)
    g_predictor_tick_count                   0x20002908   Data           4  main.o(.bss.g_predictor_tick_count)
    g_predictor_time_us                      0x2000290c   Data           4  main.o(.bss.g_predictor_time_us)
    g_predictor_timing_overrun               0x20002910   Data           1  main.o(.bss.g_predictor_timing_overrun)
    g_ref_u                                  0x2000295c   Data           4  main.o(.bss.g_ref_u)
    g_ref_v                                  0x20002960   Data           4  main.o(.bss.g_ref_v)
    g_ref_w                                  0x20002964   Data           4  main.o(.bss.g_ref_w)
    g_reference_mode                         0x20002968   Data           4  main.o(.bss.g_reference_mode)
    g_sogi_u_alpha                           0x2000296c   Data           4  main.o(.bss.g_sogi_u_alpha)
    g_sogi_u_beta                            0x20002970   Data           4  main.o(.bss.g_sogi_u_beta)
    g_sogi_v_alpha                           0x20002974   Data           4  main.o(.bss.g_sogi_v_alpha)
    g_sogi_v_beta                            0x20002978   Data           4  main.o(.bss.g_sogi_v_beta)
    g_sogi_w_alpha                           0x2000297c   Data           4  main.o(.bss.g_sogi_w_alpha)
    g_sogi_w_beta                            0x20002980   Data           4  main.o(.bss.g_sogi_w_beta)
    hadc4                                    0x20002984   Data         108  adc.o(.bss.hadc4)
    hdma_adc4                                0x200029f0   Data          96  adc.o(.bss.hdma_adc4)
    htim1                                    0x20002a50   Data          76  tim.o(.bss.htim1)
    htim6                                    0x20002a9c   Data          76  tim.o(.bss.htim6)
    htim7                                    0x20002ae8   Data          76  tim.o(.bss.htim7)
    uwTick                                   0x20002c10   Data           4  stm32g4xx_hal.o(.bss.uwTick)



==============================================================================

Memory Map of the image

  Image Entry point : 0x080001d9

  Load Region LR_IROM1 (Base: 0x08000000, Size: 0x00009778, Max: 0x00080000, ABSOLUTE)

    Execution Region ER_IROM1 (Exec base: 0x08000000, Load base: 0x08000000, Size: 0x00009748, Max: 0x00080000, ABSOLUTE)

    Exec Addr    Load Addr    Size         Type   Attr      Idx    E Section Name        Object

    0x08000000   0x08000000   0x000001d8   Data   RO            3    RESET               startup_stm32g484xx.o
    0x080001d8   0x080001d8   0x00000008   Code   RO         1618  * !!!main             c_w.l(__main.o)
    0x080001e0   0x080001e0   0x00000034   Code   RO         1844    !!!scatter          c_w.l(__scatter.o)
    0x08000214   0x08000214   0x0000001a   Code   RO         1846    !!handler_copy      c_w.l(__scatter_copy.o)
    0x0800022e   0x0800022e   0x00000002   PAD
    0x08000230   0x08000230   0x0000001c   Code   RO         1848    !!handler_zi        c_w.l(__scatter_zi.o)
    0x0800024c   0x0800024c   0x00000002   Code   RO         1711    .ARM.Collect$$libinit$$00000000  c_w.l(libinit.o)
    0x0800024e   0x0800024e   0x00000004   Code   RO         1714    .ARM.Collect$$libinit$$00000001  c_w.l(libinit2.o)
    0x08000252   0x08000252   0x00000000   Code   RO         1717    .ARM.Collect$$libinit$$00000004  c_w.l(libinit2.o)
    0x08000252   0x08000252   0x00000000   Code   RO         1720    .ARM.Collect$$libinit$$0000000A  c_w.l(libinit2.o)
    0x08000252   0x08000252   0x00000000   Code   RO         1722    .ARM.Collect$$libinit$$0000000C  c_w.l(libinit2.o)
    0x08000252   0x08000252   0x00000000   Code   RO         1724    .ARM.Collect$$libinit$$0000000E  c_w.l(libinit2.o)
    0x08000252   0x08000252   0x00000000   Code   RO         1727    .ARM.Collect$$libinit$$00000011  c_w.l(libinit2.o)
    0x08000252   0x08000252   0x00000000   Code   RO         1729    .ARM.Collect$$libinit$$00000013  c_w.l(libinit2.o)
    0x08000252   0x08000252   0x00000000   Code   RO         1731    .ARM.Collect$$libinit$$00000015  c_w.l(libinit2.o)
    0x08000252   0x08000252   0x00000000   Code   RO         1733    .ARM.Collect$$libinit$$00000017  c_w.l(libinit2.o)
    0x08000252   0x08000252   0x00000000   Code   RO         1735    .ARM.Collect$$libinit$$00000019  c_w.l(libinit2.o)
    0x08000252   0x08000252   0x00000000   Code   RO         1737    .ARM.Collect$$libinit$$0000001B  c_w.l(libinit2.o)
    0x08000252   0x08000252   0x00000000   Code   RO         1739    .ARM.Collect$$libinit$$0000001D  c_w.l(libinit2.o)
    0x08000252   0x08000252   0x00000000   Code   RO         1741    .ARM.Collect$$libinit$$0000001F  c_w.l(libinit2.o)
    0x08000252   0x08000252   0x00000000   Code   RO         1743    .ARM.Collect$$libinit$$00000021  c_w.l(libinit2.o)
    0x08000252   0x08000252   0x00000000   Code   RO         1745    .ARM.Collect$$libinit$$00000023  c_w.l(libinit2.o)
    0x08000252   0x08000252   0x00000000   Code   RO         1747    .ARM.Collect$$libinit$$00000025  c_w.l(libinit2.o)
    0x08000252   0x08000252   0x00000008   Code   RO         1749    .ARM.Collect$$libinit$$00000027  c_w.l(libinit2.o)
    0x0800025a   0x0800025a   0x00000000   Code   RO         1753    .ARM.Collect$$libinit$$0000002E  c_w.l(libinit2.o)
    0x0800025a   0x0800025a   0x00000000   Code   RO         1755    .ARM.Collect$$libinit$$00000030  c_w.l(libinit2.o)
    0x0800025a   0x0800025a   0x00000000   Code   RO         1757    .ARM.Collect$$libinit$$00000032  c_w.l(libinit2.o)
    0x0800025a   0x0800025a   0x00000002   Code   RO         1758    .ARM.Collect$$libinit$$00000033  c_w.l(libinit2.o)
    0x0800025c   0x0800025c   0x00000002   Code   RO         1780    .ARM.Collect$$libshutdown$$00000000  c_w.l(libshutdown.o)
    0x0800025e   0x0800025e   0x00000000   Code   RO         1795    .ARM.Collect$$libshutdown$$00000002  c_w.l(libshutdown2.o)
    0x0800025e   0x0800025e   0x00000000   Code   RO         1797    .ARM.Collect$$libshutdown$$00000004  c_w.l(libshutdown2.o)
    0x0800025e   0x0800025e   0x00000000   Code   RO         1800    .ARM.Collect$$libshutdown$$00000007  c_w.l(libshutdown2.o)
    0x0800025e   0x0800025e   0x00000000   Code   RO         1803    .ARM.Collect$$libshutdown$$0000000A  c_w.l(libshutdown2.o)
    0x0800025e   0x0800025e   0x00000000   Code   RO         1805    .ARM.Collect$$libshutdown$$0000000C  c_w.l(libshutdown2.o)
    0x0800025e   0x0800025e   0x00000000   Code   RO         1808    .ARM.Collect$$libshutdown$$0000000F  c_w.l(libshutdown2.o)
    0x0800025e   0x0800025e   0x00000002   Code   RO         1809    .ARM.Collect$$libshutdown$$00000010  c_w.l(libshutdown2.o)
    0x08000260   0x08000260   0x00000000   Code   RO         1656    .ARM.Collect$$rtentry$$00000000  c_w.l(__rtentry.o)
    0x08000260   0x08000260   0x00000000   Code   RO         1680    .ARM.Collect$$rtentry$$00000002  c_w.l(__rtentry2.o)
    0x08000260   0x08000260   0x00000006   Code   RO         1692    .ARM.Collect$$rtentry$$00000004  c_w.l(__rtentry4.o)
    0x08000266   0x08000266   0x00000000   Code   RO         1682    .ARM.Collect$$rtentry$$00000009  c_w.l(__rtentry2.o)
    0x08000266   0x08000266   0x00000004   Code   RO         1683    .ARM.Collect$$rtentry$$0000000A  c_w.l(__rtentry2.o)
    0x0800026a   0x0800026a   0x00000000   Code   RO         1685    .ARM.Collect$$rtentry$$0000000C  c_w.l(__rtentry2.o)
    0x0800026a   0x0800026a   0x00000008   Code   RO         1686    .ARM.Collect$$rtentry$$0000000D  c_w.l(__rtentry2.o)
    0x08000272   0x08000272   0x00000002   Code   RO         1712    .ARM.Collect$$rtexit$$00000000  c_w.l(rtexit.o)
    0x08000274   0x08000274   0x00000000   Code   RO         1760    .ARM.Collect$$rtexit$$00000002  c_w.l(rtexit2.o)
    0x08000274   0x08000274   0x00000004   Code   RO         1761    .ARM.Collect$$rtexit$$00000003  c_w.l(rtexit2.o)
    0x08000278   0x08000278   0x00000006   Code   RO         1762    .ARM.Collect$$rtexit$$00000004  c_w.l(rtexit2.o)
    0x0800027e   0x0800027e   0x00000002   PAD
    0x08000280   0x08000280   0x00000004   Code   RO         1766    .emb_text           c_w.l(argv_veneer.o)
    0x08000284   0x08000284   0x00000040   Code   RO            4    .text               startup_stm32g484xx.o
    0x080002c4   0x080002c4   0x0000004e   Code   RO         1614    .text               c_w.l(rt_memclr_w.o)
    0x08000312   0x08000312   0x00000006   Code   RO         1616    .text               c_w.l(heapauxi.o)
    0x08000318   0x08000318   0x00000016   Code   RO         1657    .text               c_w.l(_rserrno.o)
    0x0800032e   0x0800032e   0x00000002   PAD
    0x08000330   0x08000330   0x00000008   Code   RO         1697    .text               c_w.l(rt_errno_addr_intlibspace.o)
    0x08000338   0x08000338   0x00000008   Code   RO         1699    .text               c_w.l(libspace.o)
    0x08000340   0x08000340   0x0000004a   Code   RO         1702    .text               c_w.l(sys_stackheap_outer.o)
    0x0800038a   0x0800038a   0x00000012   Code   RO         1704    .text               c_w.l(exit.o)
    0x0800039c   0x0800039c   0x0000000c   Code   RO         1770    .text               c_w.l(sys_exit.o)
    0x080003a8   0x080003a8   0x0000012e   Code   RO         1776    .text               c_w.l(_get_argv_nomalloc.o)
    0x080004d6   0x080004d6   0x00000018   Code   RO         1781    .text               c_w.l(sys_command.o)
    0x080004ee   0x080004ee   0x00000002   Code   RO         1785    .text               c_w.l(use_no_semi.o)
    0x080004f0   0x080004f0   0x00000000   Code   RO         1787    .text               c_w.l(indicate_semi.o)
    0x080004f0   0x080004f0   0x00000004   Code   RO         1788    .text               c_w.l(hrguard.o)
    0x080004f4   0x080004f4   0x0000000e   Code   RO         1790    .text               c_w.l(defsig_rtmem_outer.o)
    0x08000502   0x08000502   0x0000000a   Code   RO         1812    .text               c_w.l(defsig_exit.o)
    0x0800050c   0x0800050c   0x00000050   Code   RO         1814    .text               c_w.l(defsig_rtmem_inner.o)
    0x0800055c   0x0800055c   0x00000032   Code   RO         1818    .text               c_w.l(defsig_general.o)
    0x0800058e   0x0800058e   0x0000000e   Code   RO         1820    .text               c_w.l(sys_wrch.o)
    0x0800059c   0x0800059c   0x0000019a   Code   RO          251    .text.ADC_ConversionStop  stm32g4xx_hal_adc.o
    0x08000736   0x08000736   0x00000002   PAD
    0x08000738   0x08000738   0x000000dc   Code   RO          281    .text.ADC_DMAConvCplt  stm32g4xx_hal_adc.o
    0x08000814   0x08000814   0x0000002a   Code   RO          285    .text.ADC_DMAError  stm32g4xx_hal_adc.o
    0x0800083e   0x0800083e   0x00000002   PAD
    0x08000840   0x08000840   0x00000016   Code   RO          283    .text.ADC_DMAHalfConvCplt  stm32g4xx_hal_adc.o
    0x08000856   0x08000856   0x00000002   PAD
    0x08000858   0x08000858   0x000000c8   Code   RO          253    .text.ADC_Disable   stm32g4xx_hal_adc.o
    0x08000920   0x08000920   0x00000156   Code   RO          261    .text.ADC_Enable    stm32g4xx_hal_adc.o
    0x08000a76   0x08000a76   0x00000002   PAD
    0x08000a78   0x08000a78   0x00000004   Code   RO          196    .text.BusFault_Handler  stm32g4xx_it.o
    0x08000a7c   0x08000a7c   0x00000010   Code   RO          208    .text.DMA1_Channel1_IRQHandler  stm32g4xx_it.o
    0x08000a8c   0x08000a8c   0x00000090   Code   RO          810    .text.DMA_CalcDMAMUXChannelBaseAndMask  stm32g4xx_hal_dma.o
    0x08000b1c   0x08000b1c   0x00000042   Code   RO          812    .text.DMA_CalcDMAMUXRequestGenBaseAndMask  stm32g4xx_hal_dma.o
    0x08000b5e   0x08000b5e   0x00000002   PAD
    0x08000b60   0x08000b60   0x00000072   Code   RO          818    .text.DMA_SetConfig  stm32g4xx_hal_dma.o
    0x08000bd2   0x08000bd2   0x00000002   PAD
    0x08000bd4   0x08000bd4   0x00000032   Code   RO         1598    .text.DVP_AbsF32    dynvolt_predictor.o
    0x08000c06   0x08000c06   0x00000002   PAD
    0x08000c08   0x08000c08   0x000001ec   Code   RO         1584    .text.DVP_ApplyAuthorityGate  dynvolt_predictor.o
    0x08000df4   0x08000df4   0x000000e4   Code   RO         1600    .text.DVP_ApplyParameterBounds  dynvolt_predictor.o
    0x08000ed8   0x08000ed8   0x0000009e   Code   RO         1586    .text.DVP_ApplySaturation  dynvolt_predictor.o
    0x08000f76   0x08000f76   0x00000002   PAD
    0x08000f78   0x08000f78   0x00000100   Code   RO         1602    .text.DVP_BuildBasis  dynvolt_predictor.o
    0x08001078   0x08001078   0x00000600   Code   RO         1582    .text.DVP_BuildBasisAndPredict  dynvolt_predictor.o
    0x08001678   0x08001678   0x0000009e   Code   RO         1568    .text.DVP_CalcSamples  dynvolt_predictor.o
    0x08001716   0x08001716   0x00000002   PAD
    0x08001718   0x08001718   0x00000050   Code   RO         1592    .text.DVP_ClampF32  dynvolt_predictor.o
    0x08001768   0x08001768   0x00000800   Code   RO         1580    .text.DVP_DelayedSelfEvaluation  dynvolt_predictor.o
    0x08001f68   0x08001f68   0x00000070   Code   RO         1596    .text.DVP_Max3AbsF32  dynvolt_predictor.o
    0x08001fd8   0x08001fd8   0x000000b0   Code   RO         1570    .text.DVP_RebuildFutureDelta  dynvolt_predictor.o
    0x08002088   0x08002088   0x00000044   Code   RO         1594    .text.DVP_Rms3F32   dynvolt_predictor.o
    0x080020cc   0x080020cc   0x000000d8   Code   RO         1576    .text.DVP_UpdateDerivative  dynvolt_predictor.o
    0x080021a4   0x080021a4   0x000002d4   Code   RO         1578    .text.DVP_UpdateFlickerSupervisor  dynvolt_predictor.o
    0x08002478   0x08002478   0x00000088   Code   RO         1604    .text.DVP_UpdateFutureDeltaIfNeeded  dynvolt_predictor.o
    0x08002500   0x08002500   0x00000112   Code   RO         1588    .text.DVP_UpdateOscillators  dynvolt_predictor.o
    0x08002612   0x08002612   0x00000002   PAD
    0x08002614   0x08002614   0x0000011e   Code   RO         1566    .text.DVP_ValidateConfig  dynvolt_predictor.o
    0x08002732   0x08002732   0x00000002   PAD
    0x08002734   0x08002734   0x00000002   Code   RO          202    .text.DebugMon_Handler  stm32g4xx_it.o
    0x08002736   0x08002736   0x00000002   PAD
    0x08002738   0x08002738   0x00000024   Code   RO         1590    .text.DynVoltPredictor3P_GetDebug  dynvolt_predictor.o
    0x0800275c   0x0800275c   0x00000082   Code   RO         1562    .text.DynVoltPredictor3P_GetDefaultConfig  dynvolt_predictor.o
    0x080027de   0x080027de   0x00000002   PAD
    0x080027e0   0x080027e0   0x00000278   Code   RO         1564    .text.DynVoltPredictor3P_Init  dynvolt_predictor.o
    0x08002a58   0x08002a58   0x00000310   Code   RO         1574    .text.DynVoltPredictor3P_Step  dynvolt_predictor.o
    0x08002d68   0x08002d68   0x00000050   Code   RO         1543    .text.DynVolt_Biquad_Load  dynvolt_lpf.o
    0x08002db8   0x08002db8   0x00000080   Code   RO         1523    .text.DynVolt_LPF3P_Init  dynvolt_lpf.o
    0x08002e38   0x08002e38   0x0000005c   Code   RO         1525    .text.DynVolt_LPF_Channel_Init  dynvolt_lpf.o
    0x08002e94   0x08002e94   0x0000000e   Code   RO           17    .text.Error_Handler  main.o
    0x08002ea2   0x08002ea2   0x00000002   PAD
    0x08002ea4   0x08002ea4   0x000000e4   Code   RO          376    .text.HAL_ADCEx_Calibration_Start  stm32g4xx_hal_adc_ex.o
    0x08002f88   0x08002f88   0x00000970   Code   RO          307    .text.HAL_ADC_ConfigChannel  stm32g4xx_hal_adc.o
    0x080038f8   0x080038f8   0x00000022   Code   RO           21    .text.HAL_ADC_ConvCpltCallback  main.o
    0x0800391a   0x0800391a   0x00000002   PAD
    0x0800391c   0x0800391c   0x00000008   Code   RO          305    .text.HAL_ADC_ConvHalfCpltCallback  stm32g4xx_hal_adc.o
    0x08003924   0x08003924   0x00000008   Code   RO          303    .text.HAL_ADC_ErrorCallback  stm32g4xx_hal_adc.o
    0x0800392c   0x0800392c   0x000003f8   Code   RO          229    .text.HAL_ADC_Init  stm32g4xx_hal_adc.o
    0x08003d24   0x08003d24   0x00000142   Code   RO          147    .text.HAL_ADC_MspInit  adc.o
    0x08003e66   0x08003e66   0x00000002   PAD
    0x08003e68   0x08003e68   0x00000212   Code   RO          279    .text.HAL_ADC_Start_DMA  stm32g4xx_hal_adc.o
    0x0800407a   0x0800407a   0x00000002   PAD
    0x0800407c   0x0800407c   0x00000084   Code   RO          265    .text.HAL_ADC_Stop  stm32g4xx_hal_adc.o
    0x08004100   0x08004100   0x00000160   Code   RO          828    .text.HAL_DMA_IRQHandler  stm32g4xx_hal_dma.o
    0x08004260   0x08004260   0x0000015e   Code   RO          808    .text.HAL_DMA_Init  stm32g4xx_hal_dma.o
    0x080043be   0x080043be   0x00000002   PAD
    0x080043c0   0x080043c0   0x00000100   Code   RO          820    .text.HAL_DMA_Start_IT  stm32g4xx_hal_dma.o
    0x080044c0   0x080044c0   0x0000038c   Code   RO          760    .text.HAL_GPIO_Init  stm32g4xx_hal_gpio.o
    0x0800484c   0x0800484c   0x00000032   Code   RO          766    .text.HAL_GPIO_WritePin  stm32g4xx_hal_gpio.o
    0x0800487e   0x0800487e   0x00000002   PAD
    0x08004880   0x08004880   0x0000000c   Code   RO          502    .text.HAL_GetTick   stm32g4xx_hal.o
    0x0800488c   0x0800488c   0x0000001a   Code   RO          500    .text.HAL_IncTick   stm32g4xx_hal.o
    0x080048a6   0x080048a6   0x00000002   PAD
    0x080048a8   0x080048a8   0x00000032   Code   RO          490    .text.HAL_Init      stm32g4xx_hal.o
    0x080048da   0x080048da   0x00000002   PAD
    0x080048dc   0x080048dc   0x0000008c   Code   RO          492    .text.HAL_InitTick  stm32g4xx_hal.o
    0x08004968   0x08004968   0x00000048   Code   RO          221    .text.HAL_MspInit   stm32g4xx_hal_msp.o
    0x080049b0   0x080049b0   0x00000018   Code   RO          994    .text.HAL_NVIC_EnableIRQ  stm32g4xx_hal_cortex.o
    0x080049c8   0x080049c8   0x0000003c   Code   RO          986    .text.HAL_NVIC_SetPriority  stm32g4xx_hal_cortex.o
    0x08004a04   0x08004a04   0x00000010   Code   RO          982    .text.HAL_NVIC_SetPriorityGrouping  stm32g4xx_hal_cortex.o
    0x08004a14   0x08004a14   0x000001b8   Code   RO          903    .text.HAL_PWREx_ControlVoltageScaling  stm32g4xx_hal_pwr_ex.o
    0x08004bcc   0x08004bcc   0x00000012   Code   RO          973    .text.HAL_PWREx_DisableUCPDDeadBattery  stm32g4xx_hal_pwr_ex.o
    0x08004bde   0x08004bde   0x00000002   PAD
    0x08004be0   0x08004be0   0x00000530   Code   RO          615    .text.HAL_RCCEx_PeriphCLKConfig  stm32g4xx_hal_rcc_ex.o
    0x08005110   0x08005110   0x0000032a   Code   RO          580    .text.HAL_RCC_ClockConfig  stm32g4xx_hal_rcc.o
    0x0800543a   0x0800543a   0x00000002   PAD
    0x0800543c   0x0800543c   0x000000fc   Code   RO          584    .text.HAL_RCC_GetSysClockFreq  stm32g4xx_hal_rcc.o
    0x08005538   0x08005538   0x000007c0   Code   RO          578    .text.HAL_RCC_OscConfig  stm32g4xx_hal_rcc.o
    0x08005cf8   0x08005cf8   0x00000010   Code   RO         1006    .text.HAL_SYSTICK_Config  stm32g4xx_hal_cortex.o
    0x08005d08   0x08005d08   0x00000008   Code   RO         1430    .text.HAL_TIMEx_Break2Callback  stm32g4xx_hal_tim_ex.o
    0x08005d10   0x08005d10   0x00000008   Code   RO         1428    .text.HAL_TIMEx_BreakCallback  stm32g4xx_hal_tim_ex.o
    0x08005d18   0x08005d18   0x00000008   Code   RO         1424    .text.HAL_TIMEx_CommutCallback  stm32g4xx_hal_tim_ex.o
    0x08005d20   0x08005d20   0x00000142   Code   RO         1376    .text.HAL_TIMEx_ConfigBreakDeadTime  stm32g4xx_hal_tim_ex.o
    0x08005e62   0x08005e62   0x00000002   PAD
    0x08005e64   0x08005e64   0x00000008   Code   RO         1434    .text.HAL_TIMEx_DirectionChangeCallback  stm32g4xx_hal_tim_ex.o
    0x08005e6c   0x08005e6c   0x00000008   Code   RO         1432    .text.HAL_TIMEx_EncoderIndexCallback  stm32g4xx_hal_tim_ex.o
    0x08005e74   0x08005e74   0x00000008   Code   RO         1436    .text.HAL_TIMEx_IndexErrorCallback  stm32g4xx_hal_tim_ex.o
    0x08005e7c   0x08005e7c   0x00000174   Code   RO         1374    .text.HAL_TIMEx_MasterConfigSynchronization  stm32g4xx_hal_tim_ex.o
    0x08005ff0   0x08005ff0   0x00000008   Code   RO         1438    .text.HAL_TIMEx_TransitionErrorCallback  stm32g4xx_hal_tim_ex.o
    0x08005ff8   0x08005ff8   0x000000b2   Code   RO         1057    .text.HAL_TIM_Base_Init  stm32g4xx_hal_tim.o
    0x080060aa   0x080060aa   0x00000002   PAD
    0x080060ac   0x080060ac   0x000000cc   Code   RO          176    .text.HAL_TIM_Base_MspInit  tim.o
    0x08006178   0x08006178   0x000000fa   Code   RO         1067    .text.HAL_TIM_Base_Start  stm32g4xx_hal_tim.o
    0x08006272   0x08006272   0x00000002   PAD
    0x08006274   0x08006274   0x00000106   Code   RO         1071    .text.HAL_TIM_Base_Start_IT  stm32g4xx_hal_tim.o
    0x0800637a   0x0800637a   0x00000002   PAD
    0x0800637c   0x0800637c   0x00000220   Code   RO         1253    .text.HAL_TIM_ConfigClockSource  stm32g4xx_hal_tim.o
    0x0800659c   0x0800659c   0x00000008   Code   RO         1193    .text.HAL_TIM_IC_CaptureCallback  stm32g4xx_hal_tim.o
    0x080065a4   0x080065a4   0x0000030a   Code   RO         1191    .text.HAL_TIM_IRQHandler  stm32g4xx_hal_tim.o
    0x080068ae   0x080068ae   0x00000002   PAD
    0x080068b0   0x080068b0   0x00000106   Code   RO          170    .text.HAL_TIM_MspPostInit  tim.o
    0x080069b6   0x080069b6   0x00000002   PAD
    0x080069b8   0x080069b8   0x00000008   Code   RO         1195    .text.HAL_TIM_OC_DelayElapsedCallback  stm32g4xx_hal_tim.o
    0x080069c0   0x080069c0   0x000001b0   Code   RO         1227    .text.HAL_TIM_PWM_ConfigChannel  stm32g4xx_hal_tim.o
    0x08006b70   0x08006b70   0x000000b2   Code   RO         1111    .text.HAL_TIM_PWM_Init  stm32g4xx_hal_tim.o
    0x08006c22   0x08006c22   0x00000002   PAD
    0x08006c24   0x08006c24   0x00000008   Code   RO         1113    .text.HAL_TIM_PWM_MspInit  stm32g4xx_hal_tim.o
    0x08006c2c   0x08006c2c   0x00000008   Code   RO         1197    .text.HAL_TIM_PWM_PulseFinishedCallback  stm32g4xx_hal_tim.o
    0x08006c34   0x08006c34   0x00000058   Code   RO           25    .text.HAL_TIM_PeriodElapsedCallback  main.o
    0x08006c8c   0x08006c8c   0x00000008   Code   RO         1201    .text.HAL_TIM_TriggerCallback  stm32g4xx_hal_tim.o
    0x08006c94   0x08006c94   0x00000004   Code   RO          192    .text.HardFault_Handler  stm32g4xx_it.o
    0x08006c98   0x08006c98   0x0000001c   Code   RO          367    .text.LL_ADC_Disable  stm32g4xx_hal_adc.o
    0x08006cb4   0x08006cb4   0x00000018   Code   RO          235    .text.LL_ADC_DisableDeepPowerDown  stm32g4xx_hal_adc.o
    0x08006ccc   0x08006ccc   0x0000001c   Code   RO          365    .text.LL_ADC_Enable  stm32g4xx_hal_adc.o
    0x08006ce8   0x08006ce8   0x0000001e   Code   RO          239    .text.LL_ADC_EnableInternalRegulator  stm32g4xx_hal_adc.o
    0x08006d06   0x08006d06   0x00000002   PAD
    0x08006d08   0x08006d08   0x00000010   Code   RO          327    .text.LL_ADC_GetCommonPathInternalCh  stm32g4xx_hal_adc.o
    0x08006d18   0x08006d18   0x00000010   Code   RO          259    .text.LL_ADC_GetMultimode  stm32g4xx_hal_adc.o
    0x08006d28   0x08006d28   0x0000001e   Code   RO          321    .text.LL_ADC_GetOffsetChannel  stm32g4xx_hal_adc.o
    0x08006d46   0x08006d46   0x00000002   PAD
    0x08006d48   0x08006d48   0x00000010   Code   RO          247    .text.LL_ADC_INJ_IsConversionOngoing  stm32g4xx_hal_adc.o
    0x08006d58   0x08006d58   0x0000001c   Code   RO          363    .text.LL_ADC_INJ_StopConversion  stm32g4xx_hal_adc.o
    0x08006d74   0x08006d74   0x0000000e   Code   RO          380    .text.LL_ADC_IsCalibrationOnGoing  stm32g4xx_hal_adc_ex.o
    0x08006d82   0x08006d82   0x00000002   PAD
    0x08006d84   0x08006d84   0x00000010   Code   RO          233    .text.LL_ADC_IsDeepPowerDownEnabled  stm32g4xx_hal_adc.o
    0x08006d94   0x08006d94   0x00000010   Code   RO          359    .text.LL_ADC_IsDisableOngoing  stm32g4xx_hal_adc.o
    0x08006da4   0x08006da4   0x00000010   Code   RO          243    .text.LL_ADC_IsEnabled  stm32g4xx_hal_adc.o
    0x08006db4   0x08006db4   0x00000010   Code   RO          237    .text.LL_ADC_IsInternalRegulatorEnabled  stm32g4xx_hal_adc.o
    0x08006dc4   0x08006dc4   0x00000010   Code   RO          241    .text.LL_ADC_REG_IsConversionOngoing  stm32g4xx_hal_adc.o
    0x08006dd4   0x08006dd4   0x00000016   Code   RO          271    .text.LL_ADC_REG_IsTriggerSourceSWStart  stm32g4xx_hal_adc.o
    0x08006dea   0x08006dea   0x00000002   PAD
    0x08006dec   0x08006dec   0x0000003c   Code   RO          309    .text.LL_ADC_REG_SetSequencerRanks  stm32g4xx_hal_adc.o
    0x08006e28   0x08006e28   0x0000001c   Code   RO          263    .text.LL_ADC_REG_StartConversion  stm32g4xx_hal_adc.o
    0x08006e44   0x08006e44   0x0000001c   Code   RO          361    .text.LL_ADC_REG_StopConversion  stm32g4xx_hal_adc.o
    0x08006e60   0x08006e60   0x00000038   Code   RO          311    .text.LL_ADC_SetChannelSamplingTime  stm32g4xx_hal_adc.o
    0x08006e98   0x08006e98   0x00000036   Code   RO          325    .text.LL_ADC_SetChannelSingleDiff  stm32g4xx_hal_adc.o
    0x08006ece   0x08006ece   0x00000002   PAD
    0x08006ed0   0x08006ed0   0x0000001a   Code   RO          245    .text.LL_ADC_SetCommonClock  stm32g4xx_hal_adc.o
    0x08006eea   0x08006eea   0x00000002   PAD
    0x08006eec   0x08006eec   0x0000001a   Code   RO          329    .text.LL_ADC_SetCommonPathInternalCh  stm32g4xx_hal_adc.o
    0x08006f06   0x08006f06   0x00000002   PAD
    0x08006f08   0x08006f08   0x0000003c   Code   RO          315    .text.LL_ADC_SetOffset  stm32g4xx_hal_adc.o
    0x08006f44   0x08006f44   0x00000028   Code   RO          319    .text.LL_ADC_SetOffsetSaturation  stm32g4xx_hal_adc.o
    0x08006f6c   0x08006f6c   0x00000028   Code   RO          317    .text.LL_ADC_SetOffsetSign  stm32g4xx_hal_adc.o
    0x08006f94   0x08006f94   0x00000028   Code   RO          323    .text.LL_ADC_SetOffsetState  stm32g4xx_hal_adc.o
    0x08006fbc   0x08006fbc   0x0000001a   Code   RO          313    .text.LL_ADC_SetSamplingTimeCommonConfig  stm32g4xx_hal_adc.o
    0x08006fd6   0x08006fd6   0x00000002   PAD
    0x08006fd8   0x08006fd8   0x00000028   Code   RO          378    .text.LL_ADC_StartCalibration  stm32g4xx_hal_adc_ex.o
    0x08007000   0x08007000   0x000000fe   Code   RO          145    .text.MX_ADC4_Init  adc.o
    0x080070fe   0x080070fe   0x00000002   PAD
    0x08007100   0x08007100   0x00000058   Code   RO          160    .text.MX_DMA_Init   dma.o
    0x08007158   0x08007158   0x000000d8   Code   RO          137    .text.MX_GPIO_Init  gpio.o
    0x08007230   0x08007230   0x0000019a   Code   RO          168    .text.MX_TIM1_Init  tim.o
    0x080073ca   0x080073ca   0x00000002   PAD
    0x080073cc   0x080073cc   0x00000062   Code   RO          172    .text.MX_TIM6_Init  tim.o
    0x0800742e   0x0800742e   0x00000002   PAD
    0x08007430   0x08007430   0x00000062   Code   RO          174    .text.MX_TIM7_Init  tim.o
    0x08007492   0x08007492   0x00000002   PAD
    0x08007494   0x08007494   0x00000004   Code   RO          194    .text.MemManage_Handler  stm32g4xx_it.o
    0x08007498   0x08007498   0x00000004   Code   RO          190    .text.NMI_Handler   stm32g4xx_it.o
    0x0800749c   0x0800749c   0x0000006e   Code   RO          992    .text.NVIC_EncodePriority  stm32g4xx_hal_cortex.o
    0x0800750a   0x0800750a   0x00000002   PAD
    0x0800750c   0x0800750c   0x0000006a   Code   RO         1496    .text.PWM_3Leg_Init  pwm_3leg_sine.o
    0x08007576   0x08007576   0x00000002   PAD
    0x08007578   0x08007578   0x0000002a   Code   RO         1498    .text.PWM_3Leg_RefreshARR  pwm_3leg_sine.o
    0x080075a2   0x080075a2   0x00000002   PAD
    0x080075a4   0x080075a4   0x00000002   Code   RO          204    .text.PendSV_Handler  stm32g4xx_it.o
    0x080075a6   0x080075a6   0x00000002   PAD
    0x080075a8   0x080075a8   0x0000009c   Code   RO          582    .text.RCC_GetSysClockFreqFromPLLSource  stm32g4xx_hal_rcc.o
    0x08007644   0x08007644   0x00000150   Code   RO         1465    .text.SOGI_Init     sogi.o
    0x08007794   0x08007794   0x0000011e   Code   RO         1467    .text.SOGI_Step     sogi.o
    0x080078b2   0x080078b2   0x00000002   PAD
    0x080078b4   0x080078b4   0x00000002   Code   RO          200    .text.SVC_Handler   stm32g4xx_it.o
    0x080078b6   0x080078b6   0x00000002   PAD
    0x080078b8   0x080078b8   0x00000052   Code   RO         1008    .text.SysTick_Config  stm32g4xx_hal_cortex.o
    0x0800790a   0x0800790a   0x00000002   PAD
    0x0800790c   0x0800790c   0x00000008   Code   RO          206    .text.SysTick_Handler  stm32g4xx_it.o
    0x08007914   0x08007914   0x0000007c   Code   RO           13    .text.SystemClock_Config  main.o
    0x08007990   0x08007990   0x00000012   Code   RO         1451    .text.SystemInit    system_stm32g4xx.o
    0x080079a2   0x080079a2   0x00000002   PAD
    0x080079a4   0x080079a4   0x00000010   Code   RO          210    .text.TIM6_DAC_IRQHandler  stm32g4xx_it.o
    0x080079b4   0x080079b4   0x00000010   Code   RO          212    .text.TIM7_DAC_IRQHandler  stm32g4xx_it.o
    0x080079c4   0x080079c4   0x000001da   Code   RO         1061    .text.TIM_Base_SetConfig  stm32g4xx_hal_tim.o
    0x08007b9e   0x08007b9e   0x00000002   PAD
    0x08007ba0   0x08007ba0   0x00000034   Code   RO         1251    .text.TIM_ETR_SetConfig  stm32g4xx_hal_tim.o
    0x08007bd4   0x08007bd4   0x00000030   Code   RO         1257    .text.TIM_ITRx_SetConfig  stm32g4xx_hal_tim.o
    0x08007c04   0x08007c04   0x00000176   Code   RO         1205    .text.TIM_OC1_SetConfig  stm32g4xx_hal_tim.o
    0x08007d7a   0x08007d7a   0x00000002   PAD
    0x08007d7c   0x08007d7c   0x00000198   Code   RO         1207    .text.TIM_OC2_SetConfig  stm32g4xx_hal_tim.o
    0x08007f14   0x08007f14   0x00000196   Code   RO         1209    .text.TIM_OC3_SetConfig  stm32g4xx_hal_tim.o
    0x080080aa   0x080080aa   0x00000002   PAD
    0x080080ac   0x080080ac   0x00000198   Code   RO         1211    .text.TIM_OC4_SetConfig  stm32g4xx_hal_tim.o
    0x08008244   0x08008244   0x000000e2   Code   RO         1213    .text.TIM_OC5_SetConfig  stm32g4xx_hal_tim.o
    0x08008326   0x08008326   0x00000002   PAD
    0x08008328   0x08008328   0x000000e4   Code   RO         1215    .text.TIM_OC6_SetConfig  stm32g4xx_hal_tim.o
    0x0800840c   0x0800840c   0x000000bc   Code   RO         1255    .text.TIM_TI1_ConfigInputStage  stm32g4xx_hal_tim.o
    0x080084c8   0x080084c8   0x000000d6   Code   RO         1259    .text.TIM_TI2_ConfigInputStage  stm32g4xx_hal_tim.o
    0x0800859e   0x0800859e   0x00000002   PAD
    0x080085a0   0x080085a0   0x00000004   Code   RO          198    .text.UsageFault_Handler  stm32g4xx_it.o
    0x080085a4   0x080085a4   0x00000034   Code   RO          996    .text.__NVIC_EnableIRQ  stm32g4xx_hal_cortex.o
    0x080085d8   0x080085d8   0x00000010   Code   RO          988    .text.__NVIC_GetPriorityGrouping  stm32g4xx_hal_cortex.o
    0x080085e8   0x080085e8   0x00000044   Code   RO          990    .text.__NVIC_SetPriority  stm32g4xx_hal_cortex.o
    0x0800862c   0x0800862c   0x0000003c   Code   RO          984    .text.__NVIC_SetPriorityGrouping  stm32g4xx_hal_cortex.o
    0x08008668   0x08008668   0x00000060   Code   RO           37    .text.adc_diff_to_volts  main.o
    0x080086c8   0x080086c8   0x0000007a   Code   RO           35    .text.build_error   main.o
    0x08008742   0x08008742   0x00000002   PAD
    0x08008744   0x08008744   0x00000138   Code   RO           27    .text.build_predictor_injection  main.o
    0x0800887c   0x0800887c   0x000000c4   Code   RO           43    .text.build_reference_from_pll  main.o
    0x08008940   0x08008940   0x0000003e   Code   RO           45    .text.build_reference_from_sogi  main.o
    0x0800897e   0x0800897e   0x00000002   PAD
    0x08008980   0x08008980   0x00000050   Code   RO           47    .text.clampf        main.o
    0x080089d0   0x080089d0   0x00000010   Code   RO           23    .text.control_step  main.o
    0x080089e0   0x080089e0   0x0000002e   Code   RO           15    .text.dwt_init      main.o
    0x08008a0e   0x08008a0e   0x00000002   PAD
    0x08008a10   0x08008a10   0x000000f8   Code   RO           29    .text.filter_predictor_input_error  main.o
    0x08008b08   0x08008b08   0x00000232   Code   RO           11    .text.main          main.o
    0x08008d3a   0x08008d3a   0x00000002   PAD
    0x08008d3c   0x08008d3c   0x000000b4   Code   RO           19    .text.predictor_monitor_step  main.o
    0x08008df0   0x08008df0   0x00000050   Code   RO         1500    .text.pwm_3leg_update_phase_step  pwm_3leg_sine.o
    0x08008e40   0x08008e40   0x00000072   Code   RO           31    .text.read_adc_voltages  main.o
    0x08008eb2   0x08008eb2   0x00000002   PAD
    0x08008eb4   0x08008eb4   0x000001f4   Code   RO           41    .text.update_pll    main.o
    0x080090a8   0x080090a8   0x00000028   Code   RO           33    .text.update_selected_reference  main.o
    0x080090d0   0x080090d0   0x0000009e   Code   RO           39    .text.update_sogi   main.o
    0x0800916e   0x0800916e   0x00000002   PAD
    0x08009170   0x08009170   0x00000064   Code   RO           49    .text.wrap_0_2pi    main.o
    0x080091d4   0x080091d4   0x00000026   Code   RO         1660    i.__ARM_fpclassifyf  m_wm.l(fpclassifyf.o)
    0x080091fa   0x080091fa   0x00000002   PAD
    0x080091fc   0x080091fc   0x00000150   Code   RO         1620    i.__hardfp_cosf     m_wm.l(cosf.o)
    0x0800934c   0x0800934c   0x00000190   Code   RO         1632    i.__hardfp_sinf     m_wm.l(sinf.o)
    0x080094dc   0x080094dc   0x0000003a   Code   RO         1644    i.__hardfp_sqrtf    m_wm.l(sqrtf.o)
    0x08009516   0x08009516   0x00000006   Code   RO         1663    i.__mathlib_flt_infnan  m_wm.l(funder.o)
    0x0800951c   0x0800951c   0x00000010   Code   RO         1665    i.__mathlib_flt_invalid  m_wm.l(funder.o)
    0x0800952c   0x0800952c   0x00000010   Code   RO         1668    i.__mathlib_flt_underflow  m_wm.l(funder.o)
    0x0800953c   0x0800953c   0x00000154   Code   RO         1676    i.__mathlib_rredf2  m_wm.l(rredf.o)
    0x08009690   0x08009690   0x0000001a   Code   RO         1768    x$fpl$fpinit        fz_wm.l(fpinit.o)
    0x080096aa   0x080096aa   0x00000000   Code   RO         1659    x$fpl$usenofp       fz_wm.l(usenofp.o)
    0x080096aa   0x080096aa   0x00000002   PAD
    0x080096ac   0x080096ac   0x00000020   Data   RO         1677    .constdata          m_wm.l(rredf.o)
    0x080096cc   0x080096cc   0x00000010   Data   RO         1456    .rodata.AHBPrescTable  system_stm32g4xx.o
    0x080096dc   0x080096dc   0x0000003c   Data   RO         1554    .rodata.dynvolt_lpf_80hz_20khz_sos  dynvolt_lpf.o
    0x08009718   0x08009718   0x00000010   Data   RO         1553    .rodata.dynvolt_lpf_profile_table  dynvolt_lpf.o
    0x08009728   0x08009728   0x00000020   Data   RO         1843    Region$$Table       anon$$obj.o


    Execution Region RW_IRAM1 (Exec base: 0x20000000, Load base: 0x08009748, Size: 0x00003218, Max: 0x00020000, ABSOLUTE)

    Exec Addr    Load Addr    Size         Type   Attr      Idx    E Section Name        Object

    0x20000000   0x08009748   0x00000004   Data   RW         1455    .data.SystemCoreClock  system_stm32g4xx.o
    0x20000004   0x0800974c   0x00000004   Data   RW           53    .data.g_clean_reference_phase_peak_volts  main.o
    0x20000008   0x08009750   0x00000004   Data   RW           52    .data.g_output_mode  main.o
    0x2000000c   0x08009754   0x00000004   Data   RW           73    .data.g_pll_freq_hz  main.o
    0x20000010   0x08009758   0x00000004   Data   RW          127    .data.pll_ki        main.o
    0x20000014   0x0800975c   0x00000004   Data   RW          129    .data.pll_kp        main.o
    0x20000018   0x08009760   0x00000004   Data   RW          123    .data.pll_omega     main.o
    0x2000001c   0x08009764   0x00000004   Data   RW          122    .data.pll_omega_nominal  main.o
    0x20000020   0x08009768   0x00000004   Data   RW          128    .data.pll_ts        main.o
    0x20000024   0x0800976c   0x00000004   Data   RW          567    .data.uwTickFreq    stm32g4xx_hal.o
    0x20000028   0x08009770   0x00000004   Data   RW          566    .data.uwTickPrio    stm32g4xx_hal.o
    0x2000002c   0x08009774   0x00000004   PAD
    0x20000030        -       0x00000060   Zero   RW         1700    .bss                c_w.l(libspace.o)
    0x20000090        -       0x00000006   Zero   RW          124    .bss.adc_buf        main.o
    0x20000096        -       0x00000002   Zero   RW           55    .bss.g_adc_raw_u    main.o
    0x20000098        -       0x00000002   Zero   RW           56    .bss.g_adc_raw_v    main.o
    0x2000009a        -       0x00000002   Zero   RW           57    .bss.g_adc_raw_w    main.o
    0x2000009c        -       0x00000004   Zero   RW           78    .bss.g_err_u        main.o
    0x200000a0        -       0x00000004   Zero   RW           79    .bss.g_err_v        main.o
    0x200000a4        -       0x00000004   Zero   RW           80    .bss.g_err_w        main.o
    0x200000a8        -       0x00000004   Zero   RW           58    .bss.g_meas_u       main.o
    0x200000ac        -       0x00000004   Zero   RW           59    .bss.g_meas_v       main.o
    0x200000b0        -       0x00000004   Zero   RW           60    .bss.g_meas_w       main.o
    0x200000b4        -       0x00000004   Zero   RW           74    .bss.g_pll_error    main.o
    0x200000b8        -       0x00000004   Zero   RW           72    .bss.g_pll_theta    main.o
    0x200000bc        -       0x00000004   Zero   RW           87    .bss.g_pred_err_u   main.o
    0x200000c0        -       0x00000004   Zero   RW           88    .bss.g_pred_err_v   main.o
    0x200000c4        -       0x00000004   Zero   RW           89    .bss.g_pred_err_w   main.o
    0x200000c8        -       0x00000004   Zero   RW           90    .bss.g_pred_inj_u   main.o
    0x200000cc        -       0x00000004   Zero   RW           91    .bss.g_pred_inj_v   main.o
    0x200000d0        -       0x00000004   Zero   RW           92    .bss.g_pred_inj_w   main.o
    0x200000d4        -       0x00000004   Zero   RW           61    .bss.g_pred_input_err_filt_u  main.o
    0x200000d8        -       0x00000004   Zero   RW           62    .bss.g_pred_input_err_filt_v  main.o
    0x200000dc        -       0x00000004   Zero   RW           63    .bss.g_pred_input_err_filt_w  main.o
    0x200000e0        -       0x00000004   Zero   RW           84    .bss.g_pred_input_err_u  main.o
    0x200000e4        -       0x00000004   Zero   RW           85    .bss.g_pred_input_err_v  main.o
    0x200000e8        -       0x00000004   Zero   RW           86    .bss.g_pred_input_err_w  main.o
    0x200000ec        -       0x000026b0   Zero   RW          120    .bss.g_predictor    main.o
    0x2000279c        -       0x00000001   Zero   RW           95    .bss.g_predictor_active  main.o
    0x2000279d   0x08009774   0x00000003   PAD
    0x200027a0        -       0x00000004   Zero   RW           94    .bss.g_predictor_alpha  main.o
    0x200027a4        -       0x00000028   Zero   RW          119    .bss.g_predictor_cfg  main.o
    0x200027cc        -       0x00000004   Zero   RW          110    .bss.g_predictor_cycles  main.o
    0x200027d0        -       0x00000004   Zero   RW          111    .bss.g_predictor_cycles_max  main.o
    0x200027d4        -       0x00000001   Zero   RW           64    .bss.g_predictor_error_filter_primed  main.o
    0x200027d5   0x08009774   0x00000003   PAD
    0x200027d8        -       0x00000120   Zero   RW          118    .bss.g_predictor_error_lpf  main.o
    0x200028f8        -       0x00000004   Zero   RW           93    .bss.g_predictor_flicker_score  main.o
    0x200028fc        -       0x00000001   Zero   RW          107    .bss.g_predictor_is_running  main.o
    0x200028fd   0x08009774   0x00000003   PAD
    0x20002900        -       0x00000004   Zero   RW          109    .bss.g_predictor_missed_count  main.o
    0x20002904        -       0x00000001   Zero   RW          106    .bss.g_predictor_run_request  main.o
    0x20002905        -       0x00000001   Zero   RW           96    .bss.g_predictor_saturated  main.o
    0x20002906   0x08009774   0x00000002   PAD
    0x20002908        -       0x00000004   Zero   RW          108    .bss.g_predictor_tick_count  main.o
    0x2000290c        -       0x00000004   Zero   RW          112    .bss.g_predictor_time_us  main.o
    0x20002910        -       0x00000001   Zero   RW          113    .bss.g_predictor_timing_overrun  main.o
    0x20002911   0x08009774   0x00000003   PAD
    0x20002914        -       0x0000002c   Zero   RW          126    .bss.g_pwm_3leg     main.o
    0x20002940        -       0x0000001c   Zero   RW          125    .bss.g_pwm_3leg_cfg  main.o
    0x2000295c        -       0x00000004   Zero   RW           75    .bss.g_ref_u        main.o
    0x20002960        -       0x00000004   Zero   RW           76    .bss.g_ref_v        main.o
    0x20002964        -       0x00000004   Zero   RW           77    .bss.g_ref_w        main.o
    0x20002968        -       0x00000004   Zero   RW           51    .bss.g_reference_mode  main.o
    0x2000296c        -       0x00000004   Zero   RW           66    .bss.g_sogi_u_alpha  main.o
    0x20002970        -       0x00000004   Zero   RW           67    .bss.g_sogi_u_beta  main.o
    0x20002974        -       0x00000004   Zero   RW           68    .bss.g_sogi_v_alpha  main.o
    0x20002978        -       0x00000004   Zero   RW           69    .bss.g_sogi_v_beta  main.o
    0x2000297c        -       0x00000004   Zero   RW           70    .bss.g_sogi_w_alpha  main.o
    0x20002980        -       0x00000004   Zero   RW           71    .bss.g_sogi_w_beta  main.o
    0x20002984        -       0x0000006c   Zero   RW          151    .bss.hadc4          adc.o
    0x200029f0        -       0x00000060   Zero   RW          152    .bss.hdma_adc4      adc.o
    0x20002a50        -       0x0000004c   Zero   RW          180    .bss.htim1          tim.o
    0x20002a9c        -       0x0000004c   Zero   RW          181    .bss.htim6          tim.o
    0x20002ae8        -       0x0000004c   Zero   RW          182    .bss.htim7          tim.o
    0x20002b34        -       0x00000004   Zero   RW          121    .bss.pll_integrator  main.o
    0x20002b38        -       0x0000000c   Zero   RW          114    .bss.sogi_cfg       main.o
    0x20002b44        -       0x00000044   Zero   RW          115    .bss.sogi_u_state   main.o
    0x20002b88        -       0x00000044   Zero   RW          116    .bss.sogi_v_state   main.o
    0x20002bcc        -       0x00000044   Zero   RW          117    .bss.sogi_w_state   main.o
    0x20002c10        -       0x00000004   Zero   RW          568    .bss.uwTick         stm32g4xx_hal.o
    0x20002c14   0x08009774   0x00000004   PAD
    0x20002c18        -       0x00000200   Zero   RW            2    HEAP                startup_stm32g484xx.o
    0x20002e18        -       0x00000400   Zero   RW            1    STACK               startup_stm32g484xx.o


==============================================================================

Image component sizes


      Code (inc. data)   RO Data    RW Data    ZI Data      Debug   Object Name

       576          0          0          0        204       7189   adc.o
        88          0          0          0          0       3893   dma.o
       300          0         76          0          0       5025   dynvolt_lpf.o
      8580        232          0          0          0      14418   dynvolt_predictor.o
       216          0          0          0          0       2332   gpio.o
      3092         56          0         32      10690      17304   main.o
       228          4          0          0          0       8813   pwm_3leg_sine.o
       622          0          0          0          0       1812   sogi.o
        64         26        472          0       1536        804   startup_stm32g484xx.o
       228          0          0          8          4       9129   stm32g4xx_hal.o
      6148          0          0          0          0      22382   stm32g4xx_hal_adc.o
       282          0          0          0          0      19729   stm32g4xx_hal_adc_ex.o
       504          0          0          0          0      10068   stm32g4xx_hal_cortex.o
      1282          0          0          0          0       7744   stm32g4xx_hal_dma.o
       958          0          0          0          0       5312   stm32g4xx_hal_gpio.o
        72          0          0          0          0       1580   stm32g4xx_hal_msp.o
       458          0          0          0          0       7810   stm32g4xx_hal_pwr_ex.o
      3202          0          0          0          0       9500   stm32g4xx_hal_rcc.o
      1328          0          0          0          0      11697   stm32g4xx_hal_rcc_ex.o
      5688         22          0          0          0      38178   stm32g4xx_hal_tim.o
       750          0          0          0          0      21793   stm32g4xx_hal_tim_ex.o
        82          0          0          0          0       1277   stm32g4xx_it.o
        18          0         16          4          0       2637   system_stm32g4xx.o
      1072          0          0          0        228      10423   tim.o

    ----------------------------------------------------------------------
     35960        340        596         44      12684     240849   Object Totals
         0          0         32          0          0          0   (incl. Generated)
       122          0          0          0         22          0   (incl. Padding)

    ----------------------------------------------------------------------

      Code (inc. data)   RO Data    RW Data    ZI Data      Debug   Library Member Name

         8          0          0          0          0         68   __main.o
         0          0          0          0          0          0   __rtentry.o
        12          0          0          0          0          0   __rtentry2.o
         6          0          0          0          0          0   __rtentry4.o
        52          8          0          0          0          0   __scatter.o
        26          0          0          0          0          0   __scatter_copy.o
        28          0          0          0          0          0   __scatter_zi.o
       302          0          0          0          0        168   _get_argv_nomalloc.o
        22          0          0          0          0        100   _rserrno.o
         4          0          0          0          0         68   argv_veneer.o
        10          0          0          0          0         68   defsig_exit.o
        50          0          0          0          0         88   defsig_general.o
        80         58          0          0          0         76   defsig_rtmem_inner.o
        14          0          0          0          0         80   defsig_rtmem_outer.o
        18          0          0          0          0         80   exit.o
         6          0          0          0          0        152   heapauxi.o
         4          0          0          0          0        136   hrguard.o
         0          0          0          0          0          0   indicate_semi.o
         2          0          0          0          0          0   libinit.o
        14          0          0          0          0          0   libinit2.o
         2          0          0          0          0          0   libshutdown.o
         2          0          0          0          0          0   libshutdown2.o
         8          4          0          0         96         68   libspace.o
         8          4          0          0          0         68   rt_errno_addr_intlibspace.o
        78          0          0          0          0         80   rt_memclr_w.o
         2          0          0          0          0          0   rtexit.o
        10          0          0          0          0          0   rtexit2.o
        24          0          0          0          0         76   sys_command.o
        12          4          0          0          0         68   sys_exit.o
        74          0          0          0          0         80   sys_stackheap_outer.o
        14          0          0          0          0         76   sys_wrch.o
         2          0          0          0          0         68   use_no_semi.o
        26          0          0          0          0        116   fpinit.o
         0          0          0          0          0          0   usenofp.o
       336         56          0          0          0        136   cosf.o
        38          0          0          0          0        116   fpclassifyf.o
        38         12          0          0          0        348   funder.o
       340         24         32          0          0        160   rredf.o
       400         56          0          0          0        212   sinf.o
        58          0          0          0          0        136   sqrtf.o

    ----------------------------------------------------------------------
      2140        226         32          0         96       2892   Library Totals
        10          0          0          0          0          0   (incl. Padding)

    ----------------------------------------------------------------------

      Code (inc. data)   RO Data    RW Data    ZI Data      Debug   Library Name

       894         78          0          0         96       1668   c_w.l
        26          0          0          0          0        116   fz_wm.l
      1210        148         32          0          0       1108   m_wm.l

    ----------------------------------------------------------------------
      2140        226         32          0         96       2892   Library Totals

    ----------------------------------------------------------------------

==============================================================================


      Code (inc. data)   RO Data    RW Data    ZI Data      Debug   

     38100        566        628         44      12780     241857   Grand Totals
     38100        566        628         44      12780     241857   ELF Image Totals
     38100        566        628         44          0          0   ROM Totals

==============================================================================

    Total RO  Size (Code + RO Data)                38728 (  37.82kB)
    Total RW  Size (RW Data + ZI Data)             12824 (  12.52kB)
    Total ROM Size (Code + RO Data + RW Data)      38772 (  37.86kB)

==============================================================================

