Component: Arm Compiler for Embedded 6.24 Tool: armlink [5f371500]

==============================================================================

Section Cross References

    startup_stm32g484xx.o(STACK) refers (Special) to heapauxi.o(.text) for __use_two_region_memory
    startup_stm32g484xx.o(HEAP) refers (Special) to heapauxi.o(.text) for __use_two_region_memory
    startup_stm32g484xx.o(RESET) refers (Special) to heapauxi.o(.text) for __use_two_region_memory
    startup_stm32g484xx.o(RESET) refers to startup_stm32g484xx.o(STACK) for __initial_sp
    startup_stm32g484xx.o(RESET) refers to startup_stm32g484xx.o(.text) for Reset_Handler
    startup_stm32g484xx.o(RESET) refers to stm32g4xx_it.o(.text.NMI_Handler) for NMI_Handler
    startup_stm32g484xx.o(RESET) refers to stm32g4xx_it.o(.text.HardFault_Handler) for HardFault_Handler
    startup_stm32g484xx.o(RESET) refers to stm32g4xx_it.o(.text.MemManage_Handler) for MemManage_Handler
    startup_stm32g484xx.o(RESET) refers to stm32g4xx_it.o(.text.BusFault_Handler) for BusFault_Handler
    startup_stm32g484xx.o(RESET) refers to stm32g4xx_it.o(.text.UsageFault_Handler) for UsageFault_Handler
    startup_stm32g484xx.o(RESET) refers to stm32g4xx_it.o(.text.SVC_Handler) for SVC_Handler
    startup_stm32g484xx.o(RESET) refers to stm32g4xx_it.o(.text.DebugMon_Handler) for DebugMon_Handler
    startup_stm32g484xx.o(RESET) refers to stm32g4xx_it.o(.text.PendSV_Handler) for PendSV_Handler
    startup_stm32g484xx.o(RESET) refers to stm32g4xx_it.o(.text.SysTick_Handler) for SysTick_Handler
    startup_stm32g484xx.o(RESET) refers to stm32g4xx_it.o(.text.DMA1_Channel1_IRQHandler) for DMA1_Channel1_IRQHandler
    startup_stm32g484xx.o(RESET) refers to stm32g4xx_it.o(.text.TIM6_DAC_IRQHandler) for TIM6_DAC_IRQHandler
    startup_stm32g484xx.o(.text) refers (Special) to heapauxi.o(.text) for __use_two_region_memory
    startup_stm32g484xx.o(.text) refers to system_stm32g4xx.o(.text.SystemInit) for SystemInit
    startup_stm32g484xx.o(.text) refers to __main.o(!!!main) for __main
    startup_stm32g484xx.o(.text) refers to startup_stm32g484xx.o(HEAP) for Heap_Mem
    startup_stm32g484xx.o(.text) refers to startup_stm32g484xx.o(STACK) for Stack_Mem
    main.o(.text.main) refers to stm32g4xx_hal.o(.text.HAL_Init) for HAL_Init
    main.o(.text.main) refers to main.o(.text.SystemClock_Config) for SystemClock_Config
    main.o(.text.main) refers to gpio.o(.text.MX_GPIO_Init) for MX_GPIO_Init
    main.o(.text.main) refers to dma.o(.text.MX_DMA_Init) for MX_DMA_Init
    main.o(.text.main) refers to adc.o(.text.MX_ADC4_Init) for MX_ADC4_Init
    main.o(.text.main) refers to tim.o(.text.MX_TIM6_Init) for MX_TIM6_Init
    main.o(.text.main) refers to tim.o(.text.MX_TIM1_Init) for MX_TIM1_Init
    main.o(.text.main) refers to adc.o(.bss.hadc4) for hadc4
    main.o(.text.main) refers to stm32g4xx_hal_adc.o(.text.HAL_ADC_Stop) for HAL_ADC_Stop
    main.o(.text.main) refers to stm32g4xx_hal_adc_ex.o(.text.HAL_ADCEx_Calibration_Start) for HAL_ADCEx_Calibration_Start
    main.o(.text.main) refers to main.o(.text.Error_Handler) for Error_Handler
    main.o(.text.main) refers to main.o(.bss.sogi_cfg) for sogi_cfg
    main.o(.text.main) refers to main.o(.bss.sogi_u_state) for sogi_u_state
    main.o(.text.main) refers to sogi.o(.text.SOGI_Init) for SOGI_Init
    main.o(.text.main) refers to main.o(.bss.sogi_v_state) for sogi_v_state
    main.o(.text.main) refers to main.o(.bss.sogi_w_state) for sogi_w_state
    main.o(.text.main) refers to main.o(.bss.g_pll_theta) for g_pll_theta
    main.o(.text.main) refers to main.o(.bss.pll_integrator) for pll_integrator
    main.o(.text.main) refers to main.o(.data.pll_omega_nominal) for pll_omega_nominal
    main.o(.text.main) refers to main.o(.data.pll_omega) for pll_omega
    main.o(.text.main) refers to main.o(.bss.g_reference_mode) for g_reference_mode
    main.o(.text.main) refers to main.o(.data.g_output_mode) for g_output_mode
    main.o(.text.main) refers to main.o(.bss.adc_buf) for adc_buf
    main.o(.text.main) refers to stm32g4xx_hal_adc.o(.text.HAL_ADC_Start_DMA) for HAL_ADC_Start_DMA
    main.o(.text.main) refers to main.o(.bss.g_pwm_3leg_cfg) for g_pwm_3leg_cfg
    main.o(.text.main) refers to main.o(.bss.g_pwm_3leg) for g_pwm_3leg
    main.o(.text.main) refers to tim.o(.bss.htim1) for htim1
    main.o(.text.main) refers to pwm_3leg_sine.o(.text.PWM_3Leg_Init) for PWM_3Leg_Init
    main.o(.text.main) refers to stm32g4xx_hal_tim.o(.text.HAL_TIM_PWM_Start) for HAL_TIM_PWM_Start
    main.o(.text.main) refers to stm32g4xx_hal_tim_ex.o(.text.HAL_TIMEx_PWMN_Start) for HAL_TIMEx_PWMN_Start
    main.o(.text.main) refers to tim.o(.bss.htim6) for htim6
    main.o(.text.main) refers to stm32g4xx_hal_tim.o(.text.HAL_TIM_Base_Start) for HAL_TIM_Base_Start
    main.o(.ARM.exidx.text.main) refers to main.o(.text.main) for [Anonymous Symbol]
    main.o(.text.SystemClock_Config) refers to rt_memclr_w.o(.text) for __aeabi_memclr4
[...]
    LL_ADC_SetSamplingTimeCommonConfig       0x08004c5d   Thumb Code    26  stm32g4xx_hal_adc.o(.text.LL_ADC_SetSamplingTimeCommonConfig)
    [Anonymous Symbol]                       0x08004c5c   Section        0  stm32g4xx_hal_adc.o(.text.LL_ADC_SetSamplingTimeCommonConfig)
    LL_ADC_StartCalibration                  0x08004c79   Thumb Code    40  stm32g4xx_hal_adc_ex.o(.text.LL_ADC_StartCalibration)
    [Anonymous Symbol]                       0x08004c78   Section        0  stm32g4xx_hal_adc_ex.o(.text.LL_ADC_StartCalibration)
    [Anonymous Symbol]                       0x08004ca0   Section        0  adc.o(.text.MX_ADC4_Init)
    [Anonymous Symbol]                       0x08004d98   Section        0  dma.o(.text.MX_DMA_Init)
    [Anonymous Symbol]                       0x08004df0   Section        0  gpio.o(.text.MX_GPIO_Init)
    [Anonymous Symbol]                       0x08004ec8   Section        0  tim.o(.text.MX_TIM1_Init)
    [Anonymous Symbol]                       0x08005048   Section        0  tim.o(.text.MX_TIM6_Init)
    [Anonymous Symbol]                       0x080050a4   Section        0  stm32g4xx_it.o(.text.MemManage_Handler)
    [Anonymous Symbol]                       0x080050a8   Section        0  stm32g4xx_it.o(.text.NMI_Handler)
    NVIC_EncodePriority                      0x080050ad   Thumb Code   108  stm32g4xx_hal_cortex.o(.text.NVIC_EncodePriority)
    [Anonymous Symbol]                       0x080050ac   Section        0  stm32g4xx_hal_cortex.o(.text.NVIC_EncodePriority)
    [Anonymous Symbol]                       0x08005118   Section        0  pwm_3leg_sine.o(.text.PWM_3Leg_ApplyPhaseReferences)
    [Anonymous Symbol]                       0x08005414   Section        0  pwm_3leg_sine.o(.text.PWM_3Leg_Init)
    [Anonymous Symbol]                       0x08005478   Section        0  pwm_3leg_sine.o(.text.PWM_3Leg_RefreshARR)
    [Anonymous Symbol]                       0x080054a0   Section        0  stm32g4xx_it.o(.text.PendSV_Handler)
    RCC_GetSysClockFreqFromPLLSource         0x080054a5   Thumb Code   156  stm32g4xx_hal_rcc.o(.text.RCC_GetSysClockFreqFromPLLSource)
    [Anonymous Symbol]                       0x080054a4   Section        0  stm32g4xx_hal_rcc.o(.text.RCC_GetSysClockFreqFromPLLSource)
    [Anonymous Symbol]                       0x08005540   Section        0  sogi.o(.text.SOGI_Init)
    [Anonymous Symbol]                       0x08005690   Section        0  sogi.o(.text.SOGI_Step)
    [Anonymous Symbol]                       0x080057b0   Section        0  stm32g4xx_it.o(.text.SVC_Handler)
    SysTick_Config                           0x080057b5   Thumb Code    82  stm32g4xx_hal_cortex.o(.text.SysTick_Config)
    [Anonymous Symbol]                       0x080057b4   Section        0  stm32g4xx_hal_cortex.o(.text.SysTick_Config)
    [Anonymous Symbol]                       0x08005808   Section        0  stm32g4xx_it.o(.text.SysTick_Handler)
    [Anonymous Symbol]                       0x08005810   Section        0  main.o(.text.SystemClock_Config)
    [Anonymous Symbol]                       0x08005884   Section        0  system_stm32g4xx.o(.text.SystemInit)
    [Anonymous Symbol]                       0x08005898   Section        0  stm32g4xx_it.o(.text.TIM6_DAC_IRQHandler)
    [Anonymous Symbol]                       0x080058a8   Section        0  stm32g4xx_hal_tim.o(.text.TIM_Base_SetConfig)
    [Anonymous Symbol]                       0x08005a84   Section        0  stm32g4xx_hal_tim.o(.text.TIM_CCxChannelCmd)
    TIM_CCxNChannelCmd                       0x08005abd   Thumb Code    54  stm32g4xx_hal_tim_ex.o(.text.TIM_CCxNChannelCmd)
    [Anonymous Symbol]                       0x08005abc   Section        0  stm32g4xx_hal_tim_ex.o(.text.TIM_CCxNChannelCmd)
    [Anonymous Symbol]                       0x08005af4   Section        0  stm32g4xx_hal_tim.o(.text.TIM_ETR_SetConfig)
    TIM_ITRx_SetConfig                       0x08005b29   Thumb Code    48  stm32g4xx_hal_tim.o(.text.TIM_ITRx_SetConfig)
    [Anonymous Symbol]                       0x08005b28   Section        0  stm32g4xx_hal_tim.o(.text.TIM_ITRx_SetConfig)
    TIM_OC1_SetConfig                        0x08005b59   Thumb Code   374  stm32g4xx_hal_tim.o(.text.TIM_OC1_SetConfig)
    [Anonymous Symbol]                       0x08005b58   Section        0  stm32g4xx_hal_tim.o(.text.TIM_OC1_SetConfig)
    [Anonymous Symbol]                       0x08005cd0   Section        0  stm32g4xx_hal_tim.o(.text.TIM_OC2_SetConfig)
    TIM_OC3_SetConfig                        0x08005e65   Thumb Code   400  stm32g4xx_hal_tim.o(.text.TIM_OC3_SetConfig)
    [Anonymous Symbol]                       0x08005e64   Section        0  stm32g4xx_hal_tim.o(.text.TIM_OC3_SetConfig)
    TIM_OC4_SetConfig                        0x08005ff5   Thumb Code   402  stm32g4xx_hal_tim.o(.text.TIM_OC4_SetConfig)
    [Anonymous Symbol]                       0x08005ff4   Section        0  stm32g4xx_hal_tim.o(.text.TIM_OC4_SetConfig)
    TIM_OC5_SetConfig                        0x08006189   Thumb Code   226  stm32g4xx_hal_tim.o(.text.TIM_OC5_SetConfig)
    [Anonymous Symbol]                       0x08006188   Section        0  stm32g4xx_hal_tim.o(.text.TIM_OC5_SetConfig)
    TIM_OC6_SetConfig                        0x0800626d   Thumb Code   228  stm32g4xx_hal_tim.o(.text.TIM_OC6_SetConfig)
    [Anonymous Symbol]                       0x0800626c   Section        0  stm32g4xx_hal_tim.o(.text.TIM_OC6_SetConfig)
    TIM_TI1_ConfigInputStage                 0x08006351   Thumb Code   188  stm32g4xx_hal_tim.o(.text.TIM_TI1_ConfigInputStage)
    [Anonymous Symbol]                       0x08006350   Section        0  stm32g4xx_hal_tim.o(.text.TIM_TI1_ConfigInputStage)
    TIM_TI2_ConfigInputStage                 0x0800640d   Thumb Code   208  stm32g4xx_hal_tim.o(.text.TIM_TI2_ConfigInputStage)
    [Anonymous Symbol]                       0x0800640c   Section        0  stm32g4xx_hal_tim.o(.text.TIM_TI2_ConfigInputStage)
    [Anonymous Symbol]                       0x080064dc   Section        0  stm32g4xx_it.o(.text.UsageFault_Handler)
    __NVIC_EnableIRQ                         0x080064e1   Thumb Code    48  stm32g4xx_hal_cortex.o(.text.__NVIC_EnableIRQ)
    [Anonymous Symbol]                       0x080064e0   Section        0  stm32g4xx_hal_cortex.o(.text.__NVIC_EnableIRQ)
    __NVIC_GetPriorityGrouping               0x08006511   Thumb Code    16  stm32g4xx_hal_cortex.o(.text.__NVIC_GetPriorityGrouping)
    [Anonymous Symbol]                       0x08006510   Section        0  stm32g4xx_hal_cortex.o(.text.__NVIC_GetPriorityGrouping)
    __NVIC_SetPriority                       0x08006521   Thumb Code    66  stm32g4xx_hal_cortex.o(.text.__NVIC_SetPriority)
    [Anonymous Symbol]                       0x08006520   Section        0  stm32g4xx_hal_cortex.o(.text.__NVIC_SetPriority)
    __NVIC_SetPriorityGrouping               0x08006565   Thumb Code    60  stm32g4xx_hal_cortex.o(.text.__NVIC_SetPriorityGrouping)
    [Anonymous Symbol]                       0x08006564   Section        0  stm32g4xx_hal_cortex.o(.text.__NVIC_SetPriorityGrouping)
    adc_diff_to_volts                        0x080065a1   Thumb Code    84  main.o(.text.adc_diff_to_volts)
    [Anonymous Symbol]                       0x080065a0   Section        0  main.o(.text.adc_diff_to_volts)
    apply_pwm_output                         0x08006609   Thumb Code   326  main.o(.text.apply_pwm_output)
    [Anonymous Symbol]                       0x08006608   Section        0  main.o(.text.apply_pwm_output)
    build_injection                          0x08006751   Thumb Code   182  main.o(.text.build_injection)
    [Anonymous Symbol]                       0x08006750   Section        0  main.o(.text.build_injection)
    build_reference                          0x08006809   Thumb Code    32  main.o(.text.build_reference)
    [Anonymous Symbol]                       0x08006808   Section        0  main.o(.text.build_reference)
    build_reference_from_pll                 0x08006829   Thumb Code   188  main.o(.text.build_reference_from_pll)
    [Anonymous Symbol]                       0x08006828   Section        0  main.o(.text.build_reference_from_pll)
    build_reference_from_sogi                0x080068ed   Thumb Code    62  main.o(.text.build_reference_from_sogi)
    [Anonymous Symbol]                       0x080068ec   Section        0  main.o(.text.build_reference_from_sogi)
    clampf                                   0x0800692d   Thumb Code    80  main.o(.text.clampf)
    [Anonymous Symbol]                       0x0800692c   Section        0  main.o(.text.clampf)
    clampf                                   0x0800697d   Thumb Code    80  pwm_3leg_sine.o(.text.clampf)
    [Anonymous Symbol]                       0x0800697c   Section        0  pwm_3leg_sine.o(.text.clampf)
    control_step                             0x080069cd   Thumb Code    28  main.o(.text.control_step)
    [Anonymous Symbol]                       0x080069cc   Section        0  main.o(.text.control_step)
    duty_to_ccr                              0x080069e9   Thumb Code   142  pwm_3leg_sine.o(.text.duty_to_ccr)
    [Anonymous Symbol]                       0x080069e8   Section        0  pwm_3leg_sine.o(.text.duty_to_ccr)
    [Anonymous Symbol]                       0x08006a78   Section        0  main.o(.text.main)
    minmax3                                  0x08006c15   Thumb Code   218  pwm_3leg_sine.o(.text.minmax3)
    [Anonymous Symbol]                       0x08006c14   Section        0  pwm_3leg_sine.o(.text.minmax3)
    pwm_3leg_update_phase_step               0x08006cf1   Thumb Code    76  pwm_3leg_sine.o(.text.pwm_3leg_update_phase_step)
    [Anonymous Symbol]                       0x08006cf0   Section        0  pwm_3leg_sine.o(.text.pwm_3leg_update_phase_step)
    read_adc_voltages                        0x08006d41   Thumb Code   114  main.o(.text.read_adc_voltages)
    [Anonymous Symbol]                       0x08006d40   Section        0  main.o(.text.read_adc_voltages)
    update_pll                               0x08006db5   Thumb Code   472  main.o(.text.update_pll)
    [Anonymous Symbol]                       0x08006db4   Section        0  main.o(.text.update_pll)
    update_sogi                              0x08006f99   Thumb Code   158  main.o(.text.update_sogi)
    [Anonymous Symbol]                       0x08006f98   Section        0  main.o(.text.update_sogi)
    wrap_0_2pi                               0x08007039   Thumb Code    92  main.o(.text.wrap_0_2pi)
    [Anonymous Symbol]                       0x08007038   Section        0  main.o(.text.wrap_0_2pi)
    i.__ARM_fpclassifyf                      0x0800709c   Section        0  fpclassifyf.o(i.__ARM_fpclassifyf)
    i.__hardfp_cosf                          0x080070c4   Section        0  cosf.o(i.__hardfp_cosf)
    i.__hardfp_sinf                          0x08007214   Section        0  sinf.o(i.__hardfp_sinf)
    i.__mathlib_flt_infnan                   0x080073a4   Section        0  funder.o(i.__mathlib_flt_infnan)
    i.__mathlib_flt_invalid                  0x080073ac   Section        0  funder.o(i.__mathlib_flt_invalid)
    i.__mathlib_flt_underflow                0x080073bc   Section        0  funder.o(i.__mathlib_flt_underflow)
    i.__mathlib_rredf2                       0x080073cc   Section        0  rredf.o(i.__mathlib_rredf2)
    $v0                                      0x08007520   Number         0  fpinit.o(x$fpl$fpinit)
    x$fpl$fpinit                             0x08007520   Section       26  fpinit.o(x$fpl$fpinit)
    x$fpl$usenofp                            0x0800753a   Section        0  usenofp.o(x$fpl$usenofp)
    twooverpi                                0x0800753c   Data          32  rredf.o(.constdata)
    .constdata                               0x0800753c   Section       32  rredf.o(.constdata)
    pll_ki                                   0x2000001c   Data           4  main.o(.data.pll_ki)
    [Anonymous Symbol]                       0x2000001c   Section        0  main.o(.data.pll_ki)
    pll_kp                                   0x20000020   Data           4  main.o(.data.pll_kp)
    [Anonymous Symbol]                       0x20000020   Section        0  main.o(.data.pll_kp)
    pll_omega                                0x20000024   Data           4  main.o(.data.pll_omega)
    [Anonymous Symbol]                       0x20000024   Section        0  main.o(.data.pll_omega)
    pll_omega_nominal                        0x20000028   Data           4  main.o(.data.pll_omega_nominal)
    [Anonymous Symbol]                       0x20000028   Section        0  main.o(.data.pll_omega_nominal)
    pll_ts                                   0x2000002c   Data           4  main.o(.data.pll_ts)
    [Anonymous Symbol]                       0x2000002c   Section        0  main.o(.data.pll_ts)
    .bss                                     0x20000038   Section       96  libspace.o(.bss)
    g_pwm_3leg                               0x200000d0   Data          44  main.o(.bss.g_pwm_3leg)
    [Anonymous Symbol]                       0x200000d0   Section        0  main.o(.bss.g_pwm_3leg)
    g_pwm_3leg_cfg                           0x200000fc   Data          28  main.o(.bss.g_pwm_3leg_cfg)
    [Anonymous Symbol]                       0x200000fc   Section        0  main.o(.bss.g_pwm_3leg_cfg)
    g_pwm_3leg_dbg                           0x20000118   Data          56  main.o(.bss.g_pwm_3leg_dbg)
    [Anonymous Symbol]                       0x20000118   Section        0  main.o(.bss.g_pwm_3leg_dbg)
    pll_integrator                           0x200002e8   Data           4  main.o(.bss.pll_integrator)
    [Anonymous Symbol]                       0x200002e8   Section        0  main.o(.bss.pll_integrator)
    sogi_cfg                                 0x200002ec   Data          12  main.o(.bss.sogi_cfg)
    [Anonymous Symbol]                       0x200002ec   Section        0  main.o(.bss.sogi_cfg)
    sogi_u_state                             0x200002f8   Data          68  main.o(.bss.sogi_u_state)
    [Anonymous Symbol]                       0x200002f8   Section        0  main.o(.bss.sogi_u_state)
    sogi_v_state                             0x2000033c   Data          68  main.o(.bss.sogi_v_state)
    [Anonymous Symbol]                       0x2000033c   Section        0  main.o(.bss.sogi_v_state)
    sogi_w_state                             0x20000380   Data          68  main.o(.bss.sogi_w_state)
    [Anonymous Symbol]                       0x20000380   Section        0  main.o(.bss.sogi_w_state)
    Heap_Mem                                 0x200003c8   Data         512  startup_stm32g484xx.o(HEAP)
    HEAP                                     0x200003c8   Section      512  startup_stm32g484xx.o(HEAP)
    Stack_Mem                                0x200005c8   Data        1024  startup_stm32g484xx.o(STACK)
    STACK                                    0x200005c8   Section     1024  startup_stm32g484xx.o(STACK)
    __initial_sp                             0x200009c8   Data           0  startup_stm32g484xx.o(STACK)

    Global Symbols

    Symbol Name                              Value     Ov Type        Size  Object(Section)

    BuildAttributes$$THM_ISAv4$E$P$D$K$B$S$7EM$VFPi3$EXTD16$VFPS$VFMA$PE$A:L22UL41UL21$X:L11$S22US41US21$IEEE1$IW$~IW$USESV6$~STKCKD$USESV7$~SHL$OTIME$ROPI$IEEEX$EBA8$UX$STANDARDLIB$REQ8$PRES8$EABIv2 0x00000000   Number         0  anon$$obj.o ABSOLUTE
    __ARM_exceptions_init                     - Undefined Weak Reference
    __alloca_initialize                       - Undefined Weak Reference
    __arm_preinit_                            - Undefined Weak Reference
    __arm_relocate_pie_                       - Undefined Weak Reference
    __cpp_initialize__aeabi_                  - Undefined Weak Reference
    __cxa_finalize                            - Undefined Weak Reference
    __rt_locale                               - Undefined Weak Reference
    __sigvec_lookup                           - Undefined Weak Reference
    _atexit_init                              - Undefined Weak Reference
    _call_atexit_fns                          - Undefined Weak Reference
    _clock_init                               - Undefined Weak Reference
    _fp_trap_init                             - Undefined Weak Reference
    _fp_trap_shutdown                         - Undefined Weak Reference
    _get_lc_collate                           - Undefined Weak Reference
    _get_lc_ctype                             - Undefined Weak Reference
    _get_lc_monetary                          - Undefined Weak Reference
    _get_lc_numeric                           - Undefined Weak Reference
    _get_lc_time                              - Undefined Weak Reference
    _getenv_init                              - Undefined Weak Reference
    _handle_redirection                       - Undefined Weak Reference
    _init_alloc                               - Undefined Weak Reference
    _init_user_alloc                          - Undefined Weak Reference
    _initio                                   - Undefined Weak Reference
    _rand_init                                - Undefined Weak Reference
    _signal_finish                            - Undefined Weak Reference
    _signal_init                              - Undefined Weak Reference
    _terminate_alloc                          - Undefined Weak Reference
    _terminate_user_alloc                     - Undefined Weak Reference
    _terminateio                              - Undefined Weak Reference
    __Vectors_Size                           0x000001d8   Number         0  startup_stm32g484xx.o ABSOLUTE
    __Vectors                                0x08000000   Data           4  startup_stm32g484xx.o(RESET)
    __Vectors_End                            0x080001d8   Data           0  startup_stm32g484xx.o(RESET)
    __main                                   0x080001d9   Thumb Code     8  __main.o(!!!main)
    __scatterload                            0x080001e1   Thumb Code     0  __scatter.o(!!!scatter)
    __scatterload_rt2                        0x080001e1   Thumb Code    84  __scatter.o(!!!scatter)
    __scatterload_rt2_thumb_only             0x080001e1   Thumb Code     0  __scatter.o(!!!scatter)
    __scatterload_loop                       0x080001eb   Thumb Code     0  __scatter.o(!!!scatter)
    __scatterload_copy                       0x0800023d   Thumb Code    26  __scatter_copy.o(!!handler_copy)
    __scatterload_null                       0x08000259   Thumb Code     2  __scatter.o(!!handler_null)
    __scatterload_zeroinit                   0x0800025d   Thumb Code    28  __scatter_zi.o(!!handler_zi)
    __rt_lib_init                            0x08000279   Thumb Code     0  libinit.o(.ARM.Collect$$libinit$$00000000)
    __rt_lib_init_fp_1                       0x0800027b   Thumb Code     0  libinit2.o(.ARM.Collect$$libinit$$00000001)
    __rt_lib_init_alloca_1                   0x0800027f   Thumb Code     0  libinit2.o(.ARM.Collect$$libinit$$00000030)
    __rt_lib_init_argv_1                     0x0800027f   Thumb Code     0  libinit2.o(.ARM.Collect$$libinit$$0000002E)
    __rt_lib_init_atexit_1                   0x0800027f   Thumb Code     0  libinit2.o(.ARM.Collect$$libinit$$0000001D)
    __rt_lib_init_clock_1                    0x0800027f   Thumb Code     0  libinit2.o(.ARM.Collect$$libinit$$00000023)
    __rt_lib_init_cpp_1                      0x0800027f   Thumb Code     0  libinit2.o(.ARM.Collect$$libinit$$00000034)
    __rt_lib_init_exceptions_1               0x0800027f   Thumb Code     0  libinit2.o(.ARM.Collect$$libinit$$00000032)
    __rt_lib_init_fp_trap_1                  0x0800027f   Thumb Code     0  libinit2.o(.ARM.Collect$$libinit$$00000021)
    __rt_lib_init_getenv_1                   0x0800027f   Thumb Code     0  libinit2.o(.ARM.Collect$$libinit$$00000025)
    __rt_lib_init_heap_1                     0x0800027f   Thumb Code     0  libinit2.o(.ARM.Collect$$libinit$$0000000C)
    __rt_lib_init_lc_collate_1               0x0800027f   Thumb Code     0  libinit2.o(.ARM.Collect$$libinit$$00000013)
    __rt_lib_init_lc_ctype_1                 0x0800027f   Thumb Code     0  libinit2.o(.ARM.Collect$$libinit$$00000015)
    __rt_lib_init_lc_monetary_1              0x0800027f   Thumb Code     0  libinit2.o(.ARM.Collect$$libinit$$00000017)
    __rt_lib_init_lc_numeric_1               0x0800027f   Thumb Code     0  libinit2.o(.ARM.Collect$$libinit$$00000019)
    __rt_lib_init_lc_time_1                  0x0800027f   Thumb Code     0  libinit2.o(.ARM.Collect$$libinit$$0000001B)
    __rt_lib_init_preinit_1                  0x0800027f   Thumb Code     0  libinit2.o(.ARM.Collect$$libinit$$00000006)
    __rt_lib_init_rand_1                     0x0800027f   Thumb Code     0  libinit2.o(.ARM.Collect$$libinit$$00000010)
    __rt_lib_init_relocate_pie_1             0x0800027f   Thumb Code     0  libinit2.o(.ARM.Collect$$libinit$$00000004)
    __rt_lib_init_return                     0x0800027f   Thumb Code     0  libinit2.o(.ARM.Collect$$libinit$$00000035)
    __rt_lib_init_signal_1                   0x0800027f   Thumb Code     0  libinit2.o(.ARM.Collect$$libinit$$0000001F)
    __rt_lib_init_stdio_1                    0x0800027f   Thumb Code     0  libinit2.o(.ARM.Collect$$libinit$$00000027)
    __rt_lib_init_user_alloc_1               0x0800027f   Thumb Code     0  libinit2.o(.ARM.Collect$$libinit$$0000000E)
    __rt_lib_shutdown                        0x08000281   Thumb Code     0  libshutdown.o(.ARM.Collect$$libshutdown$$00000000)
    __rt_lib_shutdown_cpp_1                  0x08000283   Thumb Code     0  libshutdown2.o(.ARM.Collect$$libshutdown$$00000002)
    __rt_lib_shutdown_fp_trap_1              0x08000283   Thumb Code     0  libshutdown2.o(.ARM.Collect$$libshutdown$$00000007)
    __rt_lib_shutdown_heap_1                 0x08000283   Thumb Code     0  libshutdown2.o(.ARM.Collect$$libshutdown$$0000000F)
    __rt_lib_shutdown_return                 0x08000283   Thumb Code     0  libshutdown2.o(.ARM.Collect$$libshutdown$$00000010)
    __rt_lib_shutdown_signal_1               0x08000283   Thumb Code     0  libshutdown2.o(.ARM.Collect$$libshutdown$$0000000A)
    __rt_lib_shutdown_stdio_1                0x08000283   Thumb Code     0  libshutdown2.o(.ARM.Collect$$libshutdown$$00000004)
    __rt_lib_shutdown_user_alloc_1           0x08000283   Thumb Code     0  libshutdown2.o(.ARM.Collect$$libshutdown$$0000000C)
    __rt_entry                               0x08000285   Thumb Code     0  __rtentry.o(.ARM.Collect$$rtentry$$00000000)
    __rt_entry_presh_1                       0x08000285   Thumb Code     0  __rtentry2.o(.ARM.Collect$$rtentry$$00000002)
    __rt_entry_sh                            0x08000285   Thumb Code     0  __rtentry4.o(.ARM.Collect$$rtentry$$00000004)
    __rt_entry_li                            0x0800028b   Thumb Code     0  __rtentry2.o(.ARM.Collect$$rtentry$$0000000A)
    __rt_entry_postsh_1                      0x0800028b   Thumb Code     0  __rtentry2.o(.ARM.Collect$$rtentry$$00000009)
    __rt_entry_main                          0x0800028f   Thumb Code     0  __rtentry2.o(.ARM.Collect$$rtentry$$0000000D)
    __rt_entry_postli_1                      0x0800028f   Thumb Code     0  __rtentry2.o(.ARM.Collect$$rtentry$$0000000C)
    __rt_exit                                0x08000297   Thumb Code     0  rtexit.o(.ARM.Collect$$rtexit$$00000000)
    __rt_exit_ls                             0x08000299   Thumb Code     0  rtexit2.o(.ARM.Collect$$rtexit$$00000003)
    __rt_exit_prels_1                        0x08000299   Thumb Code     0  rtexit2.o(.ARM.Collect$$rtexit$$00000002)
    __rt_exit_exit                           0x0800029d   Thumb Code     0  rtexit2.o(.ARM.Collect$$rtexit$$00000004)
    Reset_Handler                            0x080002a5   Thumb Code     8  startup_stm32g484xx.o(.text)
    ADC1_2_IRQHandler                        0x080002bf   Thumb Code     0  startup_stm32g484xx.o(.text)
    ADC3_IRQHandler                          0x080002bf   Thumb Code     0  startup_stm32g484xx.o(.text)
    ADC4_IRQHandler                          0x080002bf   Thumb Code     0  startup_stm32g484xx.o(.text)
    ADC5_IRQHandler                          0x080002bf   Thumb Code     0  startup_stm32g484xx.o(.text)
    AES_IRQHandler                           0x080002bf   Thumb Code     0  startup_stm32g484xx.o(.text)
    COMP1_2_3_IRQHandler                     0x080002bf   Thumb Code     0  startup_stm32g484xx.o(.text)
    COMP4_5_6_IRQHandler                     0x080002bf   Thumb Code     0  startup_stm32g484xx.o(.text)
    COMP7_IRQHandler                         0x080002bf   Thumb Code     0  startup_stm32g484xx.o(.text)
    CORDIC_IRQHandler                        0x080002bf   Thumb Code     0  startup_stm32g484xx.o(.text)
    CRS_IRQHandler                           0x080002bf   Thumb Code     0  startup_stm32g484xx.o(.text)
    DMA1_Channel2_IRQHandler                 0x080002bf   Thumb Code     0  startup_stm32g484xx.o(.text)
    DMA1_Channel3_IRQHandler                 0x080002bf   Thumb Code     0  startup_stm32g484xx.o(.text)
    DMA1_Channel4_IRQHandler                 0x080002bf   Thumb Code     0  startup_stm32g484xx.o(.text)
    DMA1_Channel5_IRQHandler                 0x080002bf   Thumb Code     0  startup_stm32g484xx.o(.text)
    DMA1_Channel6_IRQHandler                 0x080002bf   Thumb Code     0  startup_stm32g484xx.o(.text)
    DMA1_Channel7_IRQHandler                 0x080002bf   Thumb Code     0  startup_stm32g484xx.o(.text)
    DMA1_Channel8_IRQHandler                 0x080002bf   Thumb Code     0  startup_stm32g484xx.o(.text)
    DMA2_Channel1_IRQHandler                 0x080002bf   Thumb Code     0  startup_stm32g484xx.o(.text)
    DMA2_Channel2_IRQHandler                 0x080002bf   Thumb Code     0  startup_stm32g484xx.o(.text)
    DMA2_Channel3_IRQHandler                 0x080002bf   Thumb Code     0  startup_stm32g484xx.o(.text)
    DMA2_Channel4_IRQHandler                 0x080002bf   Thumb Code     0  startup_stm32g484xx.o(.text)
    DMA2_Channel5_IRQHandler                 0x080002bf   Thumb Code     0  startup_stm32g484xx.o(.text)
    DMA2_Channel6_IRQHandler                 0x080002bf   Thumb Code     0  startup_stm32g484xx.o(.text)
    DMA2_Channel7_IRQHandler                 0x080002bf   Thumb Code     0  startup_stm32g484xx.o(.text)
    DMA2_Channel8_IRQHandler                 0x080002bf   Thumb Code     0  startup_stm32g484xx.o(.text)
    DMAMUX_OVR_IRQHandler                    0x080002bf   Thumb Code     0  startup_stm32g484xx.o(.text)
    EXTI0_IRQHandler                         0x080002bf   Thumb Code     0  startup_stm32g484xx.o(.text)
    EXTI15_10_IRQHandler                     0x080002bf   Thumb Code     0  startup_stm32g484xx.o(.text)
    EXTI1_IRQHandler                         0x080002bf   Thumb Code     0  startup_stm32g484xx.o(.text)
    EXTI2_IRQHandler                         0x080002bf   Thumb Code     0  startup_stm32g484xx.o(.text)
    EXTI3_IRQHandler                         0x080002bf   Thumb Code     0  startup_stm32g484xx.o(.text)
    EXTI4_IRQHandler                         0x080002bf   Thumb Code     0  startup_stm32g484xx.o(.text)
    EXTI9_5_IRQHandler                       0x080002bf   Thumb Code     0  startup_stm32g484xx.o(.text)
    FDCAN1_IT0_IRQHandler                    0x080002bf   Thumb Code     0  startup_stm32g484xx.o(.text)
    FDCAN1_IT1_IRQHandler                    0x080002bf   Thumb Code     0  startup_stm32g484xx.o(.text)
    FDCAN2_IT0_IRQHandler                    0x080002bf   Thumb Code     0  startup_stm32g484xx.o(.text)
    FDCAN2_IT1_IRQHandler                    0x080002bf   Thumb Code     0  startup_stm32g484xx.o(.text)
    FDCAN3_IT0_IRQHandler                    0x080002bf   Thumb Code     0  startup_stm32g484xx.o(.text)
    FDCAN3_IT1_IRQHandler                    0x080002bf   Thumb Code     0  startup_stm32g484xx.o(.text)
    FLASH_IRQHandler                         0x080002bf   Thumb Code     0  startup_stm32g484xx.o(.text)
    FMAC_IRQHandler                          0x080002bf   Thumb Code     0  startup_stm32g484xx.o(.text)
    FMC_IRQHandler                           0x080002bf   Thumb Code     0  startup_stm32g484xx.o(.text)
    FPU_IRQHandler                           0x080002bf   Thumb Code     0  startup_stm32g484xx.o(.text)
    HRTIM1_FLT_IRQHandler                    0x080002bf   Thumb Code     0  startup_stm32g484xx.o(.text)
    HRTIM1_Master_IRQHandler                 0x080002bf   Thumb Code     0  startup_stm32g484xx.o(.text)
    HRTIM1_TIMA_IRQHandler                   0x080002bf   Thumb Code     0  startup_stm32g484xx.o(.text)
    HRTIM1_TIMB_IRQHandler                   0x080002bf   Thumb Code     0  startup_stm32g484xx.o(.text)
    HRTIM1_TIMC_IRQHandler                   0x080002bf   Thumb Code     0  startup_stm32g484xx.o(.text)
    HRTIM1_TIMD_IRQHandler                   0x080002bf   Thumb Code     0  startup_stm32g484xx.o(.text)
    HRTIM1_TIME_IRQHandler                   0x080002bf   Thumb Code     0  startup_stm32g484xx.o(.text)
    HRTIM1_TIMF_IRQHandler                   0x080002bf   Thumb Code     0  startup_stm32g484xx.o(.text)
    I2C1_ER_IRQHandler                       0x080002bf   Thumb Code     0  startup_stm32g484xx.o(.text)
    I2C1_EV_IRQHandler                       0x080002bf   Thumb Code     0  startup_stm32g484xx.o(.text)
    I2C2_ER_IRQHandler                       0x080002bf   Thumb Code     0  startup_stm32g484xx.o(.text)
    I2C2_EV_IRQHandler                       0x080002bf   Thumb Code     0  startup_stm32g484xx.o(.text)
    I2C3_ER_IRQHandler                       0x080002bf   Thumb Code     0  startup_stm32g484xx.o(.text)
    I2C3_EV_IRQHandler                       0x080002bf   Thumb Code     0  startup_stm32g484xx.o(.text)
    I2C4_ER_IRQHandler                       0x080002bf   Thumb Code     0  startup_stm32g484xx.o(.text)
    I2C4_EV_IRQHandler                       0x080002bf   Thumb Code     0  startup_stm32g484xx.o(.text)
    LPTIM1_IRQHandler                        0x080002bf   Thumb Code     0  startup_stm32g484xx.o(.text)
    LPUART1_IRQHandler                       0x080002bf   Thumb Code     0  startup_stm32g484xx.o(.text)
    PVD_PVM_IRQHandler                       0x080002bf   Thumb Code     0  startup_stm32g484xx.o(.text)
    QUADSPI_IRQHandler                       0x080002bf   Thumb Code     0  startup_stm32g484xx.o(.text)
    RCC_IRQHandler                           0x080002bf   Thumb Code     0  startup_stm32g484xx.o(.text)
    RNG_IRQHandler                           0x080002bf   Thumb Code     0  startup_stm32g484xx.o(.text)
    RTC_Alarm_IRQHandler                     0x080002bf   Thumb Code     0  startup_stm32g484xx.o(.text)
    RTC_TAMP_LSECSS_IRQHandler               0x080002bf   Thumb Code     0  startup_stm32g484xx.o(.text)
    RTC_WKUP_IRQHandler                      0x080002bf   Thumb Code     0  startup_stm32g484xx.o(.text)
    SAI1_IRQHandler                          0x080002bf   Thumb Code     0  startup_stm32g484xx.o(.text)
    SPI1_IRQHandler                          0x080002bf   Thumb Code     0  startup_stm32g484xx.o(.text)
    SPI2_IRQHandler                          0x080002bf   Thumb Code     0  startup_stm32g484xx.o(.text)
    SPI3_IRQHandler                          0x080002bf   Thumb Code     0  startup_stm32g484xx.o(.text)
    SPI4_IRQHandler                          0x080002bf   Thumb Code     0  startup_stm32g484xx.o(.text)
    TIM1_BRK_TIM15_IRQHandler                0x080002bf   Thumb Code     0  startup_stm32g484xx.o(.text)
    TIM1_CC_IRQHandler                       0x080002bf   Thumb Code     0  startup_stm32g484xx.o(.text)
    TIM1_TRG_COM_TIM17_IRQHandler            0x080002bf   Thumb Code     0  startup_stm32g484xx.o(.text)
    TIM1_UP_TIM16_IRQHandler                 0x080002bf   Thumb Code     0  startup_stm32g484xx.o(.text)
    TIM20_BRK_IRQHandler                     0x080002bf   Thumb Code     0  startup_stm32g484xx.o(.text)
    TIM20_CC_IRQHandler                      0x080002bf   Thumb Code     0  startup_stm32g484xx.o(.text)
    TIM20_TRG_COM_IRQHandler                 0x080002bf   Thumb Code     0  startup_stm32g484xx.o(.text)
    TIM20_UP_IRQHandler                      0x080002bf   Thumb Code     0  startup_stm32g484xx.o(.text)
    TIM2_IRQHandler                          0x080002bf   Thumb Code     0  startup_stm32g484xx.o(.text)
    TIM3_IRQHandler                          0x080002bf   Thumb Code     0  startup_stm32g484xx.o(.text)
    TIM4_IRQHandler                          0x080002bf   Thumb Code     0  startup_stm32g484xx.o(.text)
    TIM5_IRQHandler                          0x080002bf   Thumb Code     0  startup_stm32g484xx.o(.text)
    TIM7_DAC_IRQHandler                      0x080002bf   Thumb Code     0  startup_stm32g484xx.o(.text)
    TIM8_BRK_IRQHandler                      0x080002bf   Thumb Code     0  startup_stm32g484xx.o(.text)
    TIM8_CC_IRQHandler                       0x080002bf   Thumb Code     0  startup_stm32g484xx.o(.text)
    TIM8_TRG_COM_IRQHandler                  0x080002bf   Thumb Code     0  startup_stm32g484xx.o(.text)
    TIM8_UP_IRQHandler                       0x080002bf   Thumb Code     0  startup_stm32g484xx.o(.text)
    UART4_IRQHandler                         0x080002bf   Thumb Code     0  startup_stm32g484xx.o(.text)
    UART5_IRQHandler                         0x080002bf   Thumb Code     0  startup_stm32g484xx.o(.text)
    UCPD1_IRQHandler                         0x080002bf   Thumb Code     0  startup_stm32g484xx.o(.text)
    USART1_IRQHandler                        0x080002bf   Thumb Code     0  startup_stm32g484xx.o(.text)
    USART2_IRQHandler                        0x080002bf   Thumb Code     0  startup_stm32g484xx.o(.text)
    USART3_IRQHandler                        0x080002bf   Thumb Code     0  startup_stm32g484xx.o(.text)
    USBWakeUp_IRQHandler                     0x080002bf   Thumb Code     0  startup_stm32g484xx.o(.text)
    USB_HP_IRQHandler                        0x080002bf   Thumb Code     0  startup_stm32g484xx.o(.text)
    USB_LP_IRQHandler                        0x080002bf   Thumb Code     0  startup_stm32g484xx.o(.text)
    WWDG_IRQHandler                          0x080002bf   Thumb Code     0  startup_stm32g484xx.o(.text)
    __user_initial_stackheap                 0x080002c1   Thumb Code     0  startup_stm32g484xx.o(.text)
    __aeabi_memclr4                          0x080002e5   Thumb Code     0  rt_memclr_w.o(.text)
    __aeabi_memclr8                          0x080002e5   Thumb Code     0  rt_memclr_w.o(.text)
    __rt_memclr_w                            0x080002e5   Thumb Code     0  rt_memclr_w.o(.text)
    _memset_w                                0x080002e9   Thumb Code    74  rt_memclr_w.o(.text)
    __use_two_region_memory                  0x08000333   Thumb Code     2  heapauxi.o(.text)
    __rt_heap_escrow$2region                 0x08000335   Thumb Code     2  heapauxi.o(.text)
    __rt_heap_expand$2region                 0x08000337   Thumb Code     2  heapauxi.o(.text)
    __read_errno                             0x08000339   Thumb Code    10  _rserrno.o(.text)
    __set_errno                              0x08000343   Thumb Code    12  _rserrno.o(.text)
    __aeabi_errno_addr                       0x08000351   Thumb Code     8  rt_errno_addr_intlibspace.o(.text)
    __errno$intlibspace                      0x08000351   Thumb Code     0  rt_errno_addr_intlibspace.o(.text)
    __rt_errno_addr$intlibspace              0x08000351   Thumb Code     0  rt_errno_addr_intlibspace.o(.text)
    __user_libspace                          0x08000359   Thumb Code     8  libspace.o(.text)
    __user_perproc_libspace                  0x08000359   Thumb Code     0  libspace.o(.text)
    __user_perthread_libspace                0x08000359   Thumb Code     0  libspace.o(.text)
    __user_setup_stackheap                   0x08000361   Thumb Code    74  sys_stackheap_outer.o(.text)
    exit                                     0x080003ab   Thumb Code    18  exit.o(.text)
    _sys_exit                                0x080003bd   Thumb Code     8  sys_exit.o(.text)
    __I$use$semihosting                      0x080003c9   Thumb Code     0  use_no_semi.o(.text)
    __use_no_semihosting_swi                 0x080003c9   Thumb Code     2  use_no_semi.o(.text)
    __semihosting_library_function           0x080003cb   Thumb Code     0  indicate_semi.o(.text)
    ADC_ConversionStop                       0x080003cd   Thumb Code   400  stm32g4xx_hal_adc.o(.text.ADC_ConversionStop)
    ADC_DMAConvCplt                          0x0800055d   Thumb Code   212  stm32g4xx_hal_adc.o(.text.ADC_DMAConvCplt)
    ADC_DMAError                             0x08000631   Thumb Code    42  stm32g4xx_hal_adc.o(.text.ADC_DMAError)
    ADC_DMAHalfConvCplt                      0x0800065d   Thumb Code    22  stm32g4xx_hal_adc.o(.text.ADC_DMAHalfConvCplt)
    ADC_Disable                              0x08000675   Thumb Code   196  stm32g4xx_hal_adc.o(.text.ADC_Disable)
    ADC_Enable                               0x08000739   Thumb Code   332  stm32g4xx_hal_adc.o(.text.ADC_Enable)
    BusFault_Handler                         0x08000885   Thumb Code     4  stm32g4xx_it.o(.text.BusFault_Handler)
    DMA1_Channel1_IRQHandler                 0x08000889   Thumb Code    16  stm32g4xx_it.o(.text.DMA1_Channel1_IRQHandler)
    DebugMon_Handler                         0x080009d9   Thumb Code     2  stm32g4xx_it.o(.text.DebugMon_Handler)
    Error_Handler                            0x080009dd   Thumb Code    14  main.o(.text.Error_Handler)
    HAL_ADCEx_Calibration_Start              0x080009ed   Thumb Code   224  stm32g4xx_hal_adc_ex.o(.text.HAL_ADCEx_Calibration_Start)
    HAL_ADC_ConfigChannel                    0x08000acd   Thumb Code  2294  stm32g4xx_hal_adc.o(.text.HAL_ADC_ConfigChannel)
    HAL_ADC_ConvCpltCallback                 0x080013c5   Thumb Code    34  main.o(.text.HAL_ADC_ConvCpltCallback)
    HAL_ADC_ConvHalfCpltCallback             0x080013e9   Thumb Code     8  stm32g4xx_hal_adc.o(.text.HAL_ADC_ConvHalfCpltCallback)
    HAL_ADC_ErrorCallback                    0x080013f1   Thumb Code     8  stm32g4xx_hal_adc.o(.text.HAL_ADC_ErrorCallback)
    HAL_ADC_Init                             0x080013f9   Thumb Code   990  stm32g4xx_hal_adc.o(.text.HAL_ADC_Init)
    HAL_ADC_MspInit                          0x080017d9   Thumb Code   316  adc.o(.text.HAL_ADC_MspInit)
    HAL_ADC_Start_DMA                        0x08001915   Thumb Code   524  stm32g4xx_hal_adc.o(.text.HAL_ADC_Start_DMA)
    HAL_ADC_Stop                             0x08001b21   Thumb Code   128  stm32g4xx_hal_adc.o(.text.HAL_ADC_Stop)
    HAL_DMA_IRQHandler                       0x08001ba1   Thumb Code   342  stm32g4xx_hal_dma.o(.text.HAL_DMA_IRQHandler)
    HAL_DMA_Init                             0x08001cf9   Thumb Code   346  stm32g4xx_hal_dma.o(.text.HAL_DMA_Init)
    HAL_DMA_Start_IT                         0x08001e55   Thumb Code   252  stm32g4xx_hal_dma.o(.text.HAL_DMA_Start_IT)
    HAL_GPIO_Init                            0x08001f51   Thumb Code   896  stm32g4xx_hal_gpio.o(.text.HAL_GPIO_Init)
    HAL_GPIO_WritePin                        0x080022d1   Thumb Code    44  stm32g4xx_hal_gpio.o(.text.HAL_GPIO_WritePin)
    HAL_GetTick                              0x080022fd   Thumb Code    12  stm32g4xx_hal.o(.text.HAL_GetTick)
    HAL_IncTick                              0x08002309   Thumb Code    26  stm32g4xx_hal.o(.text.HAL_IncTick)
    HAL_Init                                 0x08002325   Thumb Code    48  stm32g4xx_hal.o(.text.HAL_Init)
    HAL_InitTick                             0x08002355   Thumb Code   136  stm32g4xx_hal.o(.text.HAL_InitTick)
    HAL_MspInit                              0x080023dd   Thumb Code    72  stm32g4xx_hal_msp.o(.text.HAL_MspInit)
    HAL_NVIC_EnableIRQ                       0x08002425   Thumb Code    20  stm32g4xx_hal_cortex.o(.text.HAL_NVIC_EnableIRQ)
    HAL_NVIC_SetPriority                     0x08002439   Thumb Code    46  stm32g4xx_hal_cortex.o(.text.HAL_NVIC_SetPriority)
    HAL_NVIC_SetPriorityGrouping             0x08002469   Thumb Code    16  stm32g4xx_hal_cortex.o(.text.HAL_NVIC_SetPriorityGrouping)
    HAL_PWREx_ControlVoltageScaling          0x08002479   Thumb Code   436  stm32g4xx_hal_pwr_ex.o(.text.HAL_PWREx_ControlVoltageScaling)
    HAL_PWREx_DisableUCPDDeadBattery         0x0800262d   Thumb Code    18  stm32g4xx_hal_pwr_ex.o(.text.HAL_PWREx_DisableUCPDDeadBattery)
    HAL_RCCEx_PeriphCLKConfig                0x08002641   Thumb Code  1316  stm32g4xx_hal_rcc_ex.o(.text.HAL_RCCEx_PeriphCLKConfig)
    HAL_RCC_ClockConfig                      0x08002b65   Thumb Code   806  stm32g4xx_hal_rcc.o(.text.HAL_RCC_ClockConfig)
    HAL_RCC_GetSysClockFreq                  0x08002e8d   Thumb Code   252  stm32g4xx_hal_rcc.o(.text.HAL_RCC_GetSysClockFreq)
    HAL_RCC_OscConfig                        0x08002f89   Thumb Code  1974  stm32g4xx_hal_rcc.o(.text.HAL_RCC_OscConfig)
    HAL_SYSTICK_Config                       0x08003741   Thumb Code    16  stm32g4xx_hal_cortex.o(.text.HAL_SYSTICK_Config)
    HAL_TIMEx_Break2Callback                 0x08003751   Thumb Code     8  stm32g4xx_hal_tim_ex.o(.text.HAL_TIMEx_Break2Callback)
    HAL_TIMEx_BreakCallback                  0x08003759   Thumb Code     8  stm32g4xx_hal_tim_ex.o(.text.HAL_TIMEx_BreakCallback)
    HAL_TIMEx_CommutCallback                 0x08003761   Thumb Code     8  stm32g4xx_hal_tim_ex.o(.text.HAL_TIMEx_CommutCallback)
    HAL_TIMEx_ConfigBreakDeadTime            0x08003769   Thumb Code   322  stm32g4xx_hal_tim_ex.o(.text.HAL_TIMEx_ConfigBreakDeadTime)
    HAL_TIMEx_DirectionChangeCallback        0x080038ad   Thumb Code     8  stm32g4xx_hal_tim_ex.o(.text.HAL_TIMEx_DirectionChangeCallback)
    HAL_TIMEx_EncoderIndexCallback           0x080038b5   Thumb Code     8  stm32g4xx_hal_tim_ex.o(.text.HAL_TIMEx_EncoderIndexCallback)
    HAL_TIMEx_IndexErrorCallback             0x080038bd   Thumb Code     8  stm32g4xx_hal_tim_ex.o(.text.HAL_TIMEx_IndexErrorCallback)
    HAL_TIMEx_MasterConfigSynchronization    0x080038c5   Thumb Code   372  stm32g4xx_hal_tim_ex.o(.text.HAL_TIMEx_MasterConfigSynchronization)
    HAL_TIMEx_PWMN_Start                     0x08003a39   Thumb Code   418  stm32g4xx_hal_tim_ex.o(.text.HAL_TIMEx_PWMN_Start)
    HAL_TIMEx_TransitionErrorCallback        0x08003bdd   Thumb Code     8  stm32g4xx_hal_tim_ex.o(.text.HAL_TIMEx_TransitionErrorCallback)
    HAL_TIM_Base_Init                        0x08003be5   Thumb Code   168  stm32g4xx_hal_tim.o(.text.HAL_TIM_Base_Init)
    HAL_TIM_Base_MspInit                     0x08003c8d   Thumb Code   130  tim.o(.text.HAL_TIM_Base_MspInit)
    HAL_TIM_Base_Start                       0x08003d11   Thumb Code   250  stm32g4xx_hal_tim.o(.text.HAL_TIM_Base_Start)
    HAL_TIM_ConfigClockSource                0x08003e0d   Thumb Code   508  stm32g4xx_hal_tim.o(.text.HAL_TIM_ConfigClockSource)
    HAL_TIM_IC_CaptureCallback               0x08004009   Thumb Code     8  stm32g4xx_hal_tim.o(.text.HAL_TIM_IC_CaptureCallback)
    HAL_TIM_IRQHandler                       0x08004011   Thumb Code   768  stm32g4xx_hal_tim.o(.text.HAL_TIM_IRQHandler)
    HAL_TIM_MspPostInit                      0x08004311   Thumb Code   270  tim.o(.text.HAL_TIM_MspPostInit)
    HAL_TIM_OC_DelayElapsedCallback          0x08004421   Thumb Code     8  stm32g4xx_hal_tim.o(.text.HAL_TIM_OC_DelayElapsedCallback)
    HAL_TIM_PWM_ConfigChannel                0x08004429   Thumb Code   432  stm32g4xx_hal_tim.o(.text.HAL_TIM_PWM_ConfigChannel)
    HAL_TIM_PWM_Init                         0x080045d9   Thumb Code   168  stm32g4xx_hal_tim.o(.text.HAL_TIM_PWM_Init)
    HAL_TIM_PWM_MspInit                      0x08004681   Thumb Code     8  stm32g4xx_hal_tim.o(.text.HAL_TIM_PWM_MspInit)
    HAL_TIM_PWM_PulseFinishedCallback        0x08004689   Thumb Code     8  stm32g4xx_hal_tim.o(.text.HAL_TIM_PWM_PulseFinishedCallback)
    HAL_TIM_PWM_Start                        0x08004691   Thumb Code   664  stm32g4xx_hal_tim.o(.text.HAL_TIM_PWM_Start)
    HAL_TIM_PeriodElapsedCallback            0x08004929   Thumb Code     8  stm32g4xx_hal_tim.o(.text.HAL_TIM_PeriodElapsedCallback)
    HAL_TIM_TriggerCallback                  0x08004931   Thumb Code     8  stm32g4xx_hal_tim.o(.text.HAL_TIM_TriggerCallback)
    HardFault_Handler                        0x08004939   Thumb Code     4  stm32g4xx_it.o(.text.HardFault_Handler)
    MX_ADC4_Init                             0x08004ca1   Thumb Code   248  adc.o(.text.MX_ADC4_Init)
    MX_DMA_Init                              0x08004d99   Thumb Code    86  dma.o(.text.MX_DMA_Init)
    MX_GPIO_Init                             0x08004df1   Thumb Code   216  gpio.o(.text.MX_GPIO_Init)
    MX_TIM1_Init                             0x08004ec9   Thumb Code   384  tim.o(.text.MX_TIM1_Init)
    MX_TIM6_Init                             0x08005049   Thumb Code    92  tim.o(.text.MX_TIM6_Init)
    MemManage_Handler                        0x080050a5   Thumb Code     4  stm32g4xx_it.o(.text.MemManage_Handler)
    NMI_Handler                              0x080050a9   Thumb Code     4  stm32g4xx_it.o(.text.NMI_Handler)
    PWM_3Leg_ApplyPhaseReferences            0x08005119   Thumb Code   760  pwm_3leg_sine.o(.text.PWM_3Leg_ApplyPhaseReferences)
    PWM_3Leg_Init                            0x08005415   Thumb Code   100  pwm_3leg_sine.o(.text.PWM_3Leg_Init)
    PWM_3Leg_RefreshARR                      0x08005479   Thumb Code    38  pwm_3leg_sine.o(.text.PWM_3Leg_RefreshARR)
    PendSV_Handler                           0x080054a1   Thumb Code     2  stm32g4xx_it.o(.text.PendSV_Handler)
    SOGI_Init                                0x08005541   Thumb Code   334  sogi.o(.text.SOGI_Init)
    SOGI_Step                                0x08005691   Thumb Code   286  sogi.o(.text.SOGI_Step)
    SVC_Handler                              0x080057b1   Thumb Code     2  stm32g4xx_it.o(.text.SVC_Handler)
    SysTick_Handler                          0x08005809   Thumb Code     8  stm32g4xx_it.o(.text.SysTick_Handler)
    SystemClock_Config                       0x08005811   Thumb Code   116  main.o(.text.SystemClock_Config)
    SystemInit                               0x08005885   Thumb Code    18  system_stm32g4xx.o(.text.SystemInit)
    TIM6_DAC_IRQHandler                      0x08005899   Thumb Code    16  stm32g4xx_it.o(.text.TIM6_DAC_IRQHandler)
    TIM_Base_SetConfig                       0x080058a9   Thumb Code   474  stm32g4xx_hal_tim.o(.text.TIM_Base_SetConfig)
    TIM_CCxChannelCmd                        0x08005a85   Thumb Code    54  stm32g4xx_hal_tim.o(.text.TIM_CCxChannelCmd)
    TIM_ETR_SetConfig                        0x08005af5   Thumb Code    52  stm32g4xx_hal_tim.o(.text.TIM_ETR_SetConfig)
    TIM_OC2_SetConfig                        0x08005cd1   Thumb Code   402  stm32g4xx_hal_tim.o(.text.TIM_OC2_SetConfig)
    UsageFault_Handler                       0x080064dd   Thumb Code     4  stm32g4xx_it.o(.text.UsageFault_Handler)
    main                                     0x08006a79   Thumb Code   412  main.o(.text.main)
    __ARM_fpclassifyf                        0x0800709d   Thumb Code    38  fpclassifyf.o(i.__ARM_fpclassifyf)
    __hardfp_cosf                            0x080070c5   Thumb Code   280  cosf.o(i.__hardfp_cosf)
    __hardfp_sinf                            0x08007215   Thumb Code   344  sinf.o(i.__hardfp_sinf)
    __mathlib_flt_infnan                     0x080073a5   Thumb Code     6  funder.o(i.__mathlib_flt_infnan)
    __mathlib_flt_invalid                    0x080073ad   Thumb Code    10  funder.o(i.__mathlib_flt_invalid)
    __mathlib_flt_underflow                  0x080073bd   Thumb Code    10  funder.o(i.__mathlib_flt_underflow)
    __mathlib_rredf2                         0x080073cd   Thumb Code   316  rredf.o(i.__mathlib_rredf2)
    _fp_init                                 0x08007521   Thumb Code    26  fpinit.o(x$fpl$fpinit)
    __fplib_config_fpu_vfp                   0x08007539   Thumb Code     0  fpinit.o(x$fpl$fpinit)
    __fplib_config_pureend_doubles           0x08007539   Thumb Code     0  fpinit.o(x$fpl$fpinit)
    __I$use$fp                               0x0800753a   Number         0  usenofp.o(x$fpl$usenofp)
    AHBPrescTable                            0x0800755c   Data          16  system_stm32g4xx.o(.rodata.AHBPrescTable)
    Region$$Table$$Base                      0x0800756c   Number         0  anon$$obj.o(Region$$Table)
    Region$$Table$$Limit                     0x0800758c   Number         0  anon$$obj.o(Region$$Table)
    SystemCoreClock                          0x20000000   Data           4  system_stm32g4xx.o(.data.SystemCoreClock)
    g_clean_reference_phase_peak_volts       0x20000004   Data           4  main.o(.data.g_clean_reference_phase_peak_volts)
    g_direct_output_sign                     0x20000008   Data           4  main.o(.data.g_direct_output_sign)
    g_injection_output_sign                  0x2000000c   Data           4  main.o(.data.g_injection_output_sign)
    g_output_mode                            0x20000010   Data           4  main.o(.data.g_output_mode)
    g_pll_freq_hz                            0x20000014   Data           4  main.o(.data.g_pll_freq_hz)
    g_pwm_reference_gain                     0x20000018   Data           4  main.o(.data.g_pwm_reference_gain)
    uwTickFreq                               0x20000030   Data           4  stm32g4xx_hal.o(.data.uwTickFreq)
    uwTickPrio                               0x20000034   Data           4  stm32g4xx_hal.o(.data.uwTickPrio)
    __libspace_start                         0x20000038   Data          96  libspace.o(.bss)
    __temporary_stack_top$libspace           0x20000098   Data           0  libspace.o(.bss)
    adc_buf                                  0x20000098   Data           6  main.o(.bss.adc_buf)
    g_adc_raw_u                              0x2000009e   Data           2  main.o(.bss.g_adc_raw_u)
    g_adc_raw_v                              0x200000a0   Data           2  main.o(.bss.g_adc_raw_v)
    g_adc_raw_w                              0x200000a2   Data           2  main.o(.bss.g_adc_raw_w)
    g_err_u                                  0x200000a4   Data           4  main.o(.bss.g_err_u)
    g_err_v                                  0x200000a8   Data           4  main.o(.bss.g_err_v)
    g_err_w                                  0x200000ac   Data           4  main.o(.bss.g_err_w)
    g_inj_u                                  0x200000b0   Data           4  main.o(.bss.g_inj_u)
    g_inj_v                                  0x200000b4   Data           4  main.o(.bss.g_inj_v)
    g_inj_w                                  0x200000b8   Data           4  main.o(.bss.g_inj_w)
    g_meas_u                                 0x200000bc   Data           4  main.o(.bss.g_meas_u)
    g_meas_v                                 0x200000c0   Data           4  main.o(.bss.g_meas_v)
    g_meas_w                                 0x200000c4   Data           4  main.o(.bss.g_meas_w)
    g_pll_error                              0x200000c8   Data           4  main.o(.bss.g_pll_error)
    g_pll_theta                              0x200000cc   Data           4  main.o(.bss.g_pll_theta)
    g_pwm_u                                  0x20000150   Data           4  main.o(.bss.g_pwm_u)
    g_pwm_v                                  0x20000154   Data           4  main.o(.bss.g_pwm_v)
    g_pwm_w                                  0x20000158   Data           4  main.o(.bss.g_pwm_w)
    g_ref_u                                  0x2000015c   Data           4  main.o(.bss.g_ref_u)
    g_ref_v                                  0x20000160   Data           4  main.o(.bss.g_ref_v)
    g_ref_w                                  0x20000164   Data           4  main.o(.bss.g_ref_w)
    g_reference_mode                         0x20000168   Data           4  main.o(.bss.g_reference_mode)
    g_sogi_u_alpha                           0x2000016c   Data           4  main.o(.bss.g_sogi_u_alpha)
    g_sogi_u_beta                            0x20000170   Data           4  main.o(.bss.g_sogi_u_beta)
    g_sogi_v_alpha                           0x20000174   Data           4  main.o(.bss.g_sogi_v_alpha)
    g_sogi_v_beta                            0x20000178   Data           4  main.o(.bss.g_sogi_v_beta)
    g_sogi_w_alpha                           0x2000017c   Data           4  main.o(.bss.g_sogi_w_alpha)
    g_sogi_w_beta                            0x20000180   Data           4  main.o(.bss.g_sogi_w_beta)
    hadc4                                    0x20000184   Data         108  adc.o(.bss.hadc4)
    hdma_adc4                                0x200001f0   Data          96  adc.o(.bss.hdma_adc4)
    htim1                                    0x20000250   Data          76  tim.o(.bss.htim1)
    htim6                                    0x2000029c   Data          76  tim.o(.bss.htim6)
    uwTick                                   0x200003c4   Data           4  stm32g4xx_hal.o(.bss.uwTick)



==============================================================================

Memory Map of the image

  Image Entry point : 0x080001d9

  Load Region LR_IROM1 (Base: 0x08000000, Size: 0x000075c8, Max: 0x00080000, ABSOLUTE)

    Execution Region ER_IROM1 (Exec base: 0x08000000, Load base: 0x08000000, Size: 0x0000758c, Max: 0x00080000, ABSOLUTE)

    Exec Addr    Load Addr    Size         Type   Attr      Idx    E Section Name        Object

    0x08000000   0x08000000   0x000001d8   Data   RO            3    RESET               startup_stm32g484xx.o
    0x080001d8   0x080001d8   0x00000008   Code   RO         1484  * !!!main             c_w.l(__main.o)
    0x080001e0   0x080001e0   0x0000005c   Code   RO         1688    !!!scatter          c_w.l(__scatter.o)
    0x0800023c   0x0800023c   0x0000001a   Code   RO         1692    !!handler_copy      c_w.l(__scatter_copy.o)
    0x08000256   0x08000256   0x00000002   PAD
    0x08000258   0x08000258   0x00000002   Code   RO         1689    !!handler_null      c_w.l(__scatter.o)
    0x0800025a   0x0800025a   0x00000002   PAD
    0x0800025c   0x0800025c   0x0000001c   Code   RO         1694    !!handler_zi        c_w.l(__scatter_zi.o)
    0x08000278   0x08000278   0x00000002   Code   RO         1553    .ARM.Collect$$libinit$$00000000  c_w.l(libinit.o)
    0x0800027a   0x0800027a   0x00000004   Code   RO         1556    .ARM.Collect$$libinit$$00000001  c_w.l(libinit2.o)
    0x0800027e   0x0800027e   0x00000000   Code   RO         1559    .ARM.Collect$$libinit$$00000004  c_w.l(libinit2.o)
    0x0800027e   0x0800027e   0x00000000   Code   RO         1561    .ARM.Collect$$libinit$$00000006  c_w.l(libinit2.o)
    0x0800027e   0x0800027e   0x00000000   Code   RO         1564    .ARM.Collect$$libinit$$0000000C  c_w.l(libinit2.o)
    0x0800027e   0x0800027e   0x00000000   Code   RO         1566    .ARM.Collect$$libinit$$0000000E  c_w.l(libinit2.o)
    0x0800027e   0x0800027e   0x00000000   Code   RO         1568    .ARM.Collect$$libinit$$00000010  c_w.l(libinit2.o)
    0x0800027e   0x0800027e   0x00000000   Code   RO         1571    .ARM.Collect$$libinit$$00000013  c_w.l(libinit2.o)
    0x0800027e   0x0800027e   0x00000000   Code   RO         1573    .ARM.Collect$$libinit$$00000015  c_w.l(libinit2.o)
    0x0800027e   0x0800027e   0x00000000   Code   RO         1575    .ARM.Collect$$libinit$$00000017  c_w.l(libinit2.o)
    0x0800027e   0x0800027e   0x00000000   Code   RO         1577    .ARM.Collect$$libinit$$00000019  c_w.l(libinit2.o)
    0x0800027e   0x0800027e   0x00000000   Code   RO         1579    .ARM.Collect$$libinit$$0000001B  c_w.l(libinit2.o)
    0x0800027e   0x0800027e   0x00000000   Code   RO         1581    .ARM.Collect$$libinit$$0000001D  c_w.l(libinit2.o)
    0x0800027e   0x0800027e   0x00000000   Code   RO         1583    .ARM.Collect$$libinit$$0000001F  c_w.l(libinit2.o)
    0x0800027e   0x0800027e   0x00000000   Code   RO         1585    .ARM.Collect$$libinit$$00000021  c_w.l(libinit2.o)
    0x0800027e   0x0800027e   0x00000000   Code   RO         1587    .ARM.Collect$$libinit$$00000023  c_w.l(libinit2.o)
    0x0800027e   0x0800027e   0x00000000   Code   RO         1589    .ARM.Collect$$libinit$$00000025  c_w.l(libinit2.o)
    0x0800027e   0x0800027e   0x00000000   Code   RO         1591    .ARM.Collect$$libinit$$00000027  c_w.l(libinit2.o)
    0x0800027e   0x0800027e   0x00000000   Code   RO         1595    .ARM.Collect$$libinit$$0000002E  c_w.l(libinit2.o)
    0x0800027e   0x0800027e   0x00000000   Code   RO         1597    .ARM.Collect$$libinit$$00000030  c_w.l(libinit2.o)
    0x0800027e   0x0800027e   0x00000000   Code   RO         1599    .ARM.Collect$$libinit$$00000032  c_w.l(libinit2.o)
    0x0800027e   0x0800027e   0x00000000   Code   RO         1601    .ARM.Collect$$libinit$$00000034  c_w.l(libinit2.o)
    0x0800027e   0x0800027e   0x00000002   Code   RO         1602    .ARM.Collect$$libinit$$00000035  c_w.l(libinit2.o)
    0x08000280   0x08000280   0x00000002   Code   RO         1624    .ARM.Collect$$libshutdown$$00000000  c_w.l(libshutdown.o)
    0x08000282   0x08000282   0x00000000   Code   RO         1639    .ARM.Collect$$libshutdown$$00000002  c_w.l(libshutdown2.o)
    0x08000282   0x08000282   0x00000000   Code   RO         1641    .ARM.Collect$$libshutdown$$00000004  c_w.l(libshutdown2.o)
    0x08000282   0x08000282   0x00000000   Code   RO         1644    .ARM.Collect$$libshutdown$$00000007  c_w.l(libshutdown2.o)
    0x08000282   0x08000282   0x00000000   Code   RO         1647    .ARM.Collect$$libshutdown$$0000000A  c_w.l(libshutdown2.o)
    0x08000282   0x08000282   0x00000000   Code   RO         1649    .ARM.Collect$$libshutdown$$0000000C  c_w.l(libshutdown2.o)
    0x08000282   0x08000282   0x00000000   Code   RO         1652    .ARM.Collect$$libshutdown$$0000000F  c_w.l(libshutdown2.o)
    0x08000282   0x08000282   0x00000002   Code   RO         1653    .ARM.Collect$$libshutdown$$00000010  c_w.l(libshutdown2.o)
    0x08000284   0x08000284   0x00000000   Code   RO         1498    .ARM.Collect$$rtentry$$00000000  c_w.l(__rtentry.o)
    0x08000284   0x08000284   0x00000000   Code   RO         1522    .ARM.Collect$$rtentry$$00000002  c_w.l(__rtentry2.o)
    0x08000284   0x08000284   0x00000006   Code   RO         1534    .ARM.Collect$$rtentry$$00000004  c_w.l(__rtentry4.o)
    0x0800028a   0x0800028a   0x00000000   Code   RO         1524    .ARM.Collect$$rtentry$$00000009  c_w.l(__rtentry2.o)
    0x0800028a   0x0800028a   0x00000004   Code   RO         1525    .ARM.Collect$$rtentry$$0000000A  c_w.l(__rtentry2.o)
    0x0800028e   0x0800028e   0x00000000   Code   RO         1527    .ARM.Collect$$rtentry$$0000000C  c_w.l(__rtentry2.o)
    0x0800028e   0x0800028e   0x00000008   Code   RO         1528    .ARM.Collect$$rtentry$$0000000D  c_w.l(__rtentry2.o)
    0x08000296   0x08000296   0x00000002   Code   RO         1554    .ARM.Collect$$rtexit$$00000000  c_w.l(rtexit.o)
    0x08000298   0x08000298   0x00000000   Code   RO         1604    .ARM.Collect$$rtexit$$00000002  c_w.l(rtexit2.o)
    0x08000298   0x08000298   0x00000004   Code   RO         1605    .ARM.Collect$$rtexit$$00000003  c_w.l(rtexit2.o)
    0x0800029c   0x0800029c   0x00000006   Code   RO         1606    .ARM.Collect$$rtexit$$00000004  c_w.l(rtexit2.o)
    0x080002a2   0x080002a2   0x00000002   PAD
    0x080002a4   0x080002a4   0x00000040   Code   RO            4    .text               startup_stm32g484xx.o
    0x080002e4   0x080002e4   0x0000004e   Code   RO         1480    .text               c_w.l(rt_memclr_w.o)
    0x08000332   0x08000332   0x00000006   Code   RO         1482    .text               c_w.l(heapauxi.o)
    0x08000338   0x08000338   0x00000016   Code   RO         1499    .text               c_w.l(_rserrno.o)
    0x0800034e   0x0800034e   0x00000002   PAD
    0x08000350   0x08000350   0x00000008   Code   RO         1539    .text               c_w.l(rt_errno_addr_intlibspace.o)
    0x08000358   0x08000358   0x00000008   Code   RO         1541    .text               c_w.l(libspace.o)
    0x08000360   0x08000360   0x0000004a   Code   RO         1544    .text               c_w.l(sys_stackheap_outer.o)
    0x080003aa   0x080003aa   0x00000012   Code   RO         1546    .text               c_w.l(exit.o)
    0x080003bc   0x080003bc   0x0000000c   Code   RO         1614    .text               c_w.l(sys_exit.o)
    0x080003c8   0x080003c8   0x00000002   Code   RO         1629    .text               c_w.l(use_no_semi.o)
    0x080003ca   0x080003ca   0x00000000   Code   RO         1631    .text               c_w.l(indicate_semi.o)
    0x080003ca   0x080003ca   0x00000002   PAD
    0x080003cc   0x080003cc   0x00000190   Code   RO          207    .text.ADC_ConversionStop  stm32g4xx_hal_adc.o
    0x0800055c   0x0800055c   0x000000d4   Code   RO          237    .text.ADC_DMAConvCplt  stm32g4xx_hal_adc.o
    0x08000630   0x08000630   0x0000002a   Code   RO          241    .text.ADC_DMAError  stm32g4xx_hal_adc.o
    0x0800065a   0x0800065a   0x00000002   PAD
    0x0800065c   0x0800065c   0x00000016   Code   RO          239    .text.ADC_DMAHalfConvCplt  stm32g4xx_hal_adc.o
    0x08000672   0x08000672   0x00000002   PAD
    0x08000674   0x08000674   0x000000c4   Code   RO          209    .text.ADC_Disable   stm32g4xx_hal_adc.o
    0x08000738   0x08000738   0x0000014c   Code   RO          217    .text.ADC_Enable    stm32g4xx_hal_adc.o
    0x08000884   0x08000884   0x00000004   Code   RO          154    .text.BusFault_Handler  stm32g4xx_it.o
    0x08000888   0x08000888   0x00000010   Code   RO          166    .text.DMA1_Channel1_IRQHandler  stm32g4xx_it.o
    0x08000898   0x08000898   0x0000008e   Code   RO          766    .text.DMA_CalcDMAMUXChannelBaseAndMask  stm32g4xx_hal_dma.o
    0x08000926   0x08000926   0x00000002   PAD
    0x08000928   0x08000928   0x00000040   Code   RO          768    .text.DMA_CalcDMAMUXRequestGenBaseAndMask  stm32g4xx_hal_dma.o
    0x08000968   0x08000968   0x0000006e   Code   RO          774    .text.DMA_SetConfig  stm32g4xx_hal_dma.o
    0x080009d6   0x080009d6   0x00000002   PAD
    0x080009d8   0x080009d8   0x00000002   Code   RO          160    .text.DebugMon_Handler  stm32g4xx_it.o
    0x080009da   0x080009da   0x00000002   PAD
    0x080009dc   0x080009dc   0x0000000e   Code   RO           15    .text.Error_Handler  main.o
    0x080009ea   0x080009ea   0x00000002   PAD
    0x080009ec   0x080009ec   0x000000e0   Code   RO          332    .text.HAL_ADCEx_Calibration_Start  stm32g4xx_hal_adc_ex.o
    0x08000acc   0x08000acc   0x000008f6   Code   RO          263    .text.HAL_ADC_ConfigChannel  stm32g4xx_hal_adc.o
    0x080013c2   0x080013c2   0x00000002   PAD
    0x080013c4   0x080013c4   0x00000022   Code   RO           17    .text.HAL_ADC_ConvCpltCallback  main.o
    0x080013e6   0x080013e6   0x00000002   PAD
    0x080013e8   0x080013e8   0x00000008   Code   RO          261    .text.HAL_ADC_ConvHalfCpltCallback  stm32g4xx_hal_adc.o
    0x080013f0   0x080013f0   0x00000008   Code   RO          259    .text.HAL_ADC_ErrorCallback  stm32g4xx_hal_adc.o
    0x080013f8   0x080013f8   0x000003de   Code   RO          185    .text.HAL_ADC_Init  stm32g4xx_hal_adc.o
    0x080017d6   0x080017d6   0x00000002   PAD
    0x080017d8   0x080017d8   0x0000013c   Code   RO          108    .text.HAL_ADC_MspInit  adc.o
    0x08001914   0x08001914   0x0000020c   Code   RO          235    .text.HAL_ADC_Start_DMA  stm32g4xx_hal_adc.o
    0x08001b20   0x08001b20   0x00000080   Code   RO          221    .text.HAL_ADC_Stop  stm32g4xx_hal_adc.o
    0x08001ba0   0x08001ba0   0x00000156   Code   RO          784    .text.HAL_DMA_IRQHandler  stm32g4xx_hal_dma.o
    0x08001cf6   0x08001cf6   0x00000002   PAD
    0x08001cf8   0x08001cf8   0x0000015a   Code   RO          764    .text.HAL_DMA_Init  stm32g4xx_hal_dma.o
    0x08001e52   0x08001e52   0x00000002   PAD
    0x08001e54   0x08001e54   0x000000fc   Code   RO          776    .text.HAL_DMA_Start_IT  stm32g4xx_hal_dma.o
    0x08001f50   0x08001f50   0x00000380   Code   RO          716    .text.HAL_GPIO_Init  stm32g4xx_hal_gpio.o
    0x080022d0   0x080022d0   0x0000002c   Code   RO          722    .text.HAL_GPIO_WritePin  stm32g4xx_hal_gpio.o
    0x080022fc   0x080022fc   0x0000000c   Code   RO          458    .text.HAL_GetTick   stm32g4xx_hal.o
    0x08002308   0x08002308   0x0000001a   Code   RO          456    .text.HAL_IncTick   stm32g4xx_hal.o
    0x08002322   0x08002322   0x00000002   PAD
    0x08002324   0x08002324   0x00000030   Code   RO          446    .text.HAL_Init      stm32g4xx_hal.o
    0x08002354   0x08002354   0x00000088   Code   RO          448    .text.HAL_InitTick  stm32g4xx_hal.o
    0x080023dc   0x080023dc   0x00000048   Code   RO          177    .text.HAL_MspInit   stm32g4xx_hal_msp.o
    0x08002424   0x08002424   0x00000014   Code   RO          950    .text.HAL_NVIC_EnableIRQ  stm32g4xx_hal_cortex.o
    0x08002438   0x08002438   0x0000002e   Code   RO          942    .text.HAL_NVIC_SetPriority  stm32g4xx_hal_cortex.o
    0x08002466   0x08002466   0x00000002   PAD
    0x08002468   0x08002468   0x00000010   Code   RO          938    .text.HAL_NVIC_SetPriorityGrouping  stm32g4xx_hal_cortex.o
    0x08002478   0x08002478   0x000001b4   Code   RO          859    .text.HAL_PWREx_ControlVoltageScaling  stm32g4xx_hal_pwr_ex.o
    0x0800262c   0x0800262c   0x00000012   Code   RO          929    .text.HAL_PWREx_DisableUCPDDeadBattery  stm32g4xx_hal_pwr_ex.o
    0x0800263e   0x0800263e   0x00000002   PAD
    0x08002640   0x08002640   0x00000524   Code   RO          571    .text.HAL_RCCEx_PeriphCLKConfig  stm32g4xx_hal_rcc_ex.o
    0x08002b64   0x08002b64   0x00000326   Code   RO          536    .text.HAL_RCC_ClockConfig  stm32g4xx_hal_rcc.o
    0x08002e8a   0x08002e8a   0x00000002   PAD
    0x08002e8c   0x08002e8c   0x000000fc   Code   RO          540    .text.HAL_RCC_GetSysClockFreq  stm32g4xx_hal_rcc.o
    0x08002f88   0x08002f88   0x000007b6   Code   RO          534    .text.HAL_RCC_OscConfig  stm32g4xx_hal_rcc.o
    0x0800373e   0x0800373e   0x00000002   PAD
    0x08003740   0x08003740   0x00000010   Code   RO          962    .text.HAL_SYSTICK_Config  stm32g4xx_hal_cortex.o
    0x08003750   0x08003750   0x00000008   Code   RO         1386    .text.HAL_TIMEx_Break2Callback  stm32g4xx_hal_tim_ex.o
    0x08003758   0x08003758   0x00000008   Code   RO         1384    .text.HAL_TIMEx_BreakCallback  stm32g4xx_hal_tim_ex.o
    0x08003760   0x08003760   0x00000008   Code   RO         1380    .text.HAL_TIMEx_CommutCallback  stm32g4xx_hal_tim_ex.o
    0x08003768   0x08003768   0x00000142   Code   RO         1332    .text.HAL_TIMEx_ConfigBreakDeadTime  stm32g4xx_hal_tim_ex.o
    0x080038aa   0x080038aa   0x00000002   PAD
    0x080038ac   0x080038ac   0x00000008   Code   RO         1390    .text.HAL_TIMEx_DirectionChangeCallback  stm32g4xx_hal_tim_ex.o
    0x080038b4   0x080038b4   0x00000008   Code   RO         1388    .text.HAL_TIMEx_EncoderIndexCallback  stm32g4xx_hal_tim_ex.o
    0x080038bc   0x080038bc   0x00000008   Code   RO         1392    .text.HAL_TIMEx_IndexErrorCallback  stm32g4xx_hal_tim_ex.o
    0x080038c4   0x080038c4   0x00000174   Code   RO         1330    .text.HAL_TIMEx_MasterConfigSynchronization  stm32g4xx_hal_tim_ex.o
    0x08003a38   0x08003a38   0x000001a2   Code   RO         1300    .text.HAL_TIMEx_PWMN_Start  stm32g4xx_hal_tim_ex.o
    0x08003bda   0x08003bda   0x00000002   PAD
    0x08003bdc   0x08003bdc   0x00000008   Code   RO         1394    .text.HAL_TIMEx_TransitionErrorCallback  stm32g4xx_hal_tim_ex.o
    0x08003be4   0x08003be4   0x000000a8   Code   RO         1013    .text.HAL_TIM_Base_Init  stm32g4xx_hal_tim.o
    0x08003c8c   0x08003c8c   0x00000082   Code   RO          135    .text.HAL_TIM_Base_MspInit  tim.o
    0x08003d0e   0x08003d0e   0x00000002   PAD
    0x08003d10   0x08003d10   0x000000fa   Code   RO         1023    .text.HAL_TIM_Base_Start  stm32g4xx_hal_tim.o
    0x08003e0a   0x08003e0a   0x00000002   PAD
    0x08003e0c   0x08003e0c   0x000001fc   Code   RO         1209    .text.HAL_TIM_ConfigClockSource  stm32g4xx_hal_tim.o
    0x08004008   0x08004008   0x00000008   Code   RO         1149    .text.HAL_TIM_IC_CaptureCallback  stm32g4xx_hal_tim.o
    0x08004010   0x08004010   0x00000300   Code   RO         1147    .text.HAL_TIM_IRQHandler  stm32g4xx_hal_tim.o
    0x08004310   0x08004310   0x0000010e   Code   RO          131    .text.HAL_TIM_MspPostInit  tim.o
    0x0800441e   0x0800441e   0x00000002   PAD
    0x08004420   0x08004420   0x00000008   Code   RO         1151    .text.HAL_TIM_OC_DelayElapsedCallback  stm32g4xx_hal_tim.o
    0x08004428   0x08004428   0x000001b0   Code   RO         1183    .text.HAL_TIM_PWM_ConfigChannel  stm32g4xx_hal_tim.o
    0x080045d8   0x080045d8   0x000000a8   Code   RO         1067    .text.HAL_TIM_PWM_Init  stm32g4xx_hal_tim.o
    0x08004680   0x08004680   0x00000008   Code   RO         1069    .text.HAL_TIM_PWM_MspInit  stm32g4xx_hal_tim.o
    0x08004688   0x08004688   0x00000008   Code   RO         1153    .text.HAL_TIM_PWM_PulseFinishedCallback  stm32g4xx_hal_tim.o
    0x08004690   0x08004690   0x00000298   Code   RO         1075    .text.HAL_TIM_PWM_Start  stm32g4xx_hal_tim.o
    0x08004928   0x08004928   0x00000008   Code   RO         1155    .text.HAL_TIM_PeriodElapsedCallback  stm32g4xx_hal_tim.o
    0x08004930   0x08004930   0x00000008   Code   RO         1157    .text.HAL_TIM_TriggerCallback  stm32g4xx_hal_tim.o
    0x08004938   0x08004938   0x00000004   Code   RO          150    .text.HardFault_Handler  stm32g4xx_it.o
    0x0800493c   0x0800493c   0x0000001c   Code   RO          323    .text.LL_ADC_Disable  stm32g4xx_hal_adc.o
    0x08004958   0x08004958   0x00000018   Code   RO          191    .text.LL_ADC_DisableDeepPowerDown  stm32g4xx_hal_adc.o
    0x08004970   0x08004970   0x0000001c   Code   RO          321    .text.LL_ADC_Enable  stm32g4xx_hal_adc.o
    0x0800498c   0x0800498c   0x0000001e   Code   RO          195    .text.LL_ADC_EnableInternalRegulator  stm32g4xx_hal_adc.o
    0x080049aa   0x080049aa   0x00000002   PAD
    0x080049ac   0x080049ac   0x00000010   Code   RO          283    .text.LL_ADC_GetCommonPathInternalCh  stm32g4xx_hal_adc.o
    0x080049bc   0x080049bc   0x00000010   Code   RO          215    .text.LL_ADC_GetMultimode  stm32g4xx_hal_adc.o
    0x080049cc   0x080049cc   0x0000001e   Code   RO          277    .text.LL_ADC_GetOffsetChannel  stm32g4xx_hal_adc.o
    0x080049ea   0x080049ea   0x00000002   PAD
    0x080049ec   0x080049ec   0x00000010   Code   RO          203    .text.LL_ADC_INJ_IsConversionOngoing  stm32g4xx_hal_adc.o
    0x080049fc   0x080049fc   0x0000001c   Code   RO          319    .text.LL_ADC_INJ_StopConversion  stm32g4xx_hal_adc.o
    0x08004a18   0x08004a18   0x0000000e   Code   RO          336    .text.LL_ADC_IsCalibrationOnGoing  stm32g4xx_hal_adc_ex.o
    0x08004a26   0x08004a26   0x00000002   PAD
    0x08004a28   0x08004a28   0x00000010   Code   RO          189    .text.LL_ADC_IsDeepPowerDownEnabled  stm32g4xx_hal_adc.o
    0x08004a38   0x08004a38   0x00000010   Code   RO          315    .text.LL_ADC_IsDisableOngoing  stm32g4xx_hal_adc.o
    0x08004a48   0x08004a48   0x00000010   Code   RO          199    .text.LL_ADC_IsEnabled  stm32g4xx_hal_adc.o
    0x08004a58   0x08004a58   0x00000010   Code   RO          193    .text.LL_ADC_IsInternalRegulatorEnabled  stm32g4xx_hal_adc.o
    0x08004a68   0x08004a68   0x00000010   Code   RO          197    .text.LL_ADC_REG_IsConversionOngoing  stm32g4xx_hal_adc.o
    0x08004a78   0x08004a78   0x00000016   Code   RO          227    .text.LL_ADC_REG_IsTriggerSourceSWStart  stm32g4xx_hal_adc.o
    0x08004a8e   0x08004a8e   0x00000002   PAD
    0x08004a90   0x08004a90   0x0000003a   Code   RO          265    .text.LL_ADC_REG_SetSequencerRanks  stm32g4xx_hal_adc.o
    0x08004aca   0x08004aca   0x00000002   PAD
    0x08004acc   0x08004acc   0x0000001c   Code   RO          219    .text.LL_ADC_REG_StartConversion  stm32g4xx_hal_adc.o
    0x08004ae8   0x08004ae8   0x0000001c   Code   RO          317    .text.LL_ADC_REG_StopConversion  stm32g4xx_hal_adc.o
    0x08004b04   0x08004b04   0x00000036   Code   RO          267    .text.LL_ADC_SetChannelSamplingTime  stm32g4xx_hal_adc.o
    0x08004b3a   0x08004b3a   0x00000002   PAD
    0x08004b3c   0x08004b3c   0x00000034   Code   RO          281    .text.LL_ADC_SetChannelSingleDiff  stm32g4xx_hal_adc.o
    0x08004b70   0x08004b70   0x0000001a   Code   RO          201    .text.LL_ADC_SetCommonClock  stm32g4xx_hal_adc.o
    0x08004b8a   0x08004b8a   0x00000002   PAD
    0x08004b8c   0x08004b8c   0x0000001a   Code   RO          285    .text.LL_ADC_SetCommonPathInternalCh  stm32g4xx_hal_adc.o
    0x08004ba6   0x08004ba6   0x00000002   PAD
    0x08004ba8   0x08004ba8   0x0000003c   Code   RO          271    .text.LL_ADC_SetOffset  stm32g4xx_hal_adc.o
    0x08004be4   0x08004be4   0x00000028   Code   RO          275    .text.LL_ADC_SetOffsetSaturation  stm32g4xx_hal_adc.o
    0x08004c0c   0x08004c0c   0x00000028   Code   RO          273    .text.LL_ADC_SetOffsetSign  stm32g4xx_hal_adc.o
    0x08004c34   0x08004c34   0x00000028   Code   RO          279    .text.LL_ADC_SetOffsetState  stm32g4xx_hal_adc.o
    0x08004c5c   0x08004c5c   0x0000001a   Code   RO          269    .text.LL_ADC_SetSamplingTimeCommonConfig  stm32g4xx_hal_adc.o
    0x08004c76   0x08004c76   0x00000002   PAD
    0x08004c78   0x08004c78   0x00000028   Code   RO          334    .text.LL_ADC_StartCalibration  stm32g4xx_hal_adc_ex.o
    0x08004ca0   0x08004ca0   0x000000f8   Code   RO          106    .text.MX_ADC4_Init  adc.o
    0x08004d98   0x08004d98   0x00000056   Code   RO          121    .text.MX_DMA_Init   dma.o
    0x08004dee   0x08004dee   0x00000002   PAD
    0x08004df0   0x08004df0   0x000000d8   Code   RO           98    .text.MX_GPIO_Init  gpio.o
    0x08004ec8   0x08004ec8   0x00000180   Code   RO          129    .text.MX_TIM1_Init  tim.o
    0x08005048   0x08005048   0x0000005c   Code   RO          133    .text.MX_TIM6_Init  tim.o
    0x080050a4   0x080050a4   0x00000004   Code   RO          152    .text.MemManage_Handler  stm32g4xx_it.o
    0x080050a8   0x080050a8   0x00000004   Code   RO          148    .text.NMI_Handler   stm32g4xx_it.o
    0x080050ac   0x080050ac   0x0000006c   Code   RO          948    .text.NVIC_EncodePriority  stm32g4xx_hal_cortex.o
    0x08005118   0x08005118   0x000002fc   Code   RO         1470    .text.PWM_3Leg_ApplyPhaseReferences  pwm_3leg_sine.o
    0x08005414   0x08005414   0x00000064   Code   RO         1452    .text.PWM_3Leg_Init  pwm_3leg_sine.o
    0x08005478   0x08005478   0x00000026   Code   RO         1454    .text.PWM_3Leg_RefreshARR  pwm_3leg_sine.o
    0x0800549e   0x0800549e   0x00000002   PAD
    0x080054a0   0x080054a0   0x00000002   Code   RO          162    .text.PendSV_Handler  stm32g4xx_it.o
    0x080054a2   0x080054a2   0x00000002   PAD
    0x080054a4   0x080054a4   0x0000009c   Code   RO          538    .text.RCC_GetSysClockFreqFromPLLSource  stm32g4xx_hal_rcc.o
    0x08005540   0x08005540   0x0000014e   Code   RO         1421    .text.SOGI_Init     sogi.o
    0x0800568e   0x0800568e   0x00000002   PAD
    0x08005690   0x08005690   0x0000011e   Code   RO         1423    .text.SOGI_Step     sogi.o
    0x080057ae   0x080057ae   0x00000002   PAD
    0x080057b0   0x080057b0   0x00000002   Code   RO          158    .text.SVC_Handler   stm32g4xx_it.o
    0x080057b2   0x080057b2   0x00000002   PAD
    0x080057b4   0x080057b4   0x00000052   Code   RO          964    .text.SysTick_Config  stm32g4xx_hal_cortex.o
    0x08005806   0x08005806   0x00000002   PAD
    0x08005808   0x08005808   0x00000008   Code   RO          164    .text.SysTick_Handler  stm32g4xx_it.o
    0x08005810   0x08005810   0x00000074   Code   RO           13    .text.SystemClock_Config  main.o
    0x08005884   0x08005884   0x00000012   Code   RO         1407    .text.SystemInit    system_stm32g4xx.o
    0x08005896   0x08005896   0x00000002   PAD
    0x08005898   0x08005898   0x00000010   Code   RO          168    .text.TIM6_DAC_IRQHandler  stm32g4xx_it.o
    0x080058a8   0x080058a8   0x000001da   Code   RO         1017    .text.TIM_Base_SetConfig  stm32g4xx_hal_tim.o
    0x08005a82   0x08005a82   0x00000002   PAD
    0x08005a84   0x08005a84   0x00000036   Code   RO         1051    .text.TIM_CCxChannelCmd  stm32g4xx_hal_tim.o
    0x08005aba   0x08005aba   0x00000002   PAD
    0x08005abc   0x08005abc   0x00000036   Code   RO         1284    .text.TIM_CCxNChannelCmd  stm32g4xx_hal_tim_ex.o
    0x08005af2   0x08005af2   0x00000002   PAD
    0x08005af4   0x08005af4   0x00000034   Code   RO         1207    .text.TIM_ETR_SetConfig  stm32g4xx_hal_tim.o
    0x08005b28   0x08005b28   0x00000030   Code   RO         1213    .text.TIM_ITRx_SetConfig  stm32g4xx_hal_tim.o
    0x08005b58   0x08005b58   0x00000176   Code   RO         1161    .text.TIM_OC1_SetConfig  stm32g4xx_hal_tim.o
    0x08005cce   0x08005cce   0x00000002   PAD
    0x08005cd0   0x08005cd0   0x00000192   Code   RO         1163    .text.TIM_OC2_SetConfig  stm32g4xx_hal_tim.o
    0x08005e62   0x08005e62   0x00000002   PAD
    0x08005e64   0x08005e64   0x00000190   Code   RO         1165    .text.TIM_OC3_SetConfig  stm32g4xx_hal_tim.o
    0x08005ff4   0x08005ff4   0x00000192   Code   RO         1167    .text.TIM_OC4_SetConfig  stm32g4xx_hal_tim.o
    0x08006186   0x08006186   0x00000002   PAD
    0x08006188   0x08006188   0x000000e2   Code   RO         1169    .text.TIM_OC5_SetConfig  stm32g4xx_hal_tim.o
    0x0800626a   0x0800626a   0x00000002   PAD
    0x0800626c   0x0800626c   0x000000e4   Code   RO         1171    .text.TIM_OC6_SetConfig  stm32g4xx_hal_tim.o
    0x08006350   0x08006350   0x000000bc   Code   RO         1211    .text.TIM_TI1_ConfigInputStage  stm32g4xx_hal_tim.o
    0x0800640c   0x0800640c   0x000000d0   Code   RO         1215    .text.TIM_TI2_ConfigInputStage  stm32g4xx_hal_tim.o
    0x080064dc   0x080064dc   0x00000004   Code   RO          156    .text.UsageFault_Handler  stm32g4xx_it.o
    0x080064e0   0x080064e0   0x00000030   Code   RO          952    .text.__NVIC_EnableIRQ  stm32g4xx_hal_cortex.o
    0x08006510   0x08006510   0x00000010   Code   RO          944    .text.__NVIC_GetPriorityGrouping  stm32g4xx_hal_cortex.o
    0x08006520   0x08006520   0x00000042   Code   RO          946    .text.__NVIC_SetPriority  stm32g4xx_hal_cortex.o
    0x08006562   0x08006562   0x00000002   PAD
    0x08006564   0x08006564   0x0000003c   Code   RO          940    .text.__NVIC_SetPriorityGrouping  stm32g4xx_hal_cortex.o
    0x080065a0   0x080065a0   0x00000068   Code   RO           33    .text.adc_diff_to_volts  main.o
    0x08006608   0x08006608   0x00000146   Code   RO           31    .text.apply_pwm_output  main.o
    0x0800674e   0x0800674e   0x00000002   PAD
    0x08006750   0x08006750   0x000000b6   Code   RO           29    .text.build_injection  main.o
    0x08006806   0x08006806   0x00000002   PAD
    0x08006808   0x08006808   0x00000020   Code   RO           27    .text.build_reference  main.o
    0x08006828   0x08006828   0x000000c4   Code   RO           39    .text.build_reference_from_pll  main.o
    0x080068ec   0x080068ec   0x0000003e   Code   RO           41    .text.build_reference_from_sogi  main.o
    0x0800692a   0x0800692a   0x00000002   PAD
    0x0800692c   0x0800692c   0x00000050   Code   RO           35    .text.clampf        main.o
    0x0800697c   0x0800697c   0x00000050   Code   RO         1462    .text.clampf        pwm_3leg_sine.o
    0x080069cc   0x080069cc   0x0000001c   Code   RO           19    .text.control_step  main.o
    0x080069e8   0x080069e8   0x0000008e   Code   RO         1468    .text.duty_to_ccr   pwm_3leg_sine.o
    0x08006a76   0x08006a76   0x00000002   PAD
    0x08006a78   0x08006a78   0x0000019c   Code   RO           11    .text.main          main.o
    0x08006c14   0x08006c14   0x000000da   Code   RO         1466    .text.minmax3       pwm_3leg_sine.o
    0x08006cee   0x08006cee   0x00000002   PAD
    0x08006cf0   0x08006cf0   0x00000050   Code   RO         1456    .text.pwm_3leg_update_phase_step  pwm_3leg_sine.o
    0x08006d40   0x08006d40   0x00000072   Code   RO           21    .text.read_adc_voltages  main.o
    0x08006db2   0x08006db2   0x00000002   PAD
    0x08006db4   0x08006db4   0x000001e4   Code   RO           25    .text.update_pll    main.o
    0x08006f98   0x08006f98   0x0000009e   Code   RO           23    .text.update_sogi   main.o
    0x08007036   0x08007036   0x00000002   PAD
    0x08007038   0x08007038   0x00000064   Code   RO           37    .text.wrap_0_2pi    main.o
    0x0800709c   0x0800709c   0x00000026   Code   RO         1502    i.__ARM_fpclassifyf  m_wm.l(fpclassifyf.o)
    0x080070c2   0x080070c2   0x00000002   PAD
    0x080070c4   0x080070c4   0x00000150   Code   RO         1486    i.__hardfp_cosf     m_wm.l(cosf.o)
    0x08007214   0x08007214   0x00000190   Code   RO         1492    i.__hardfp_sinf     m_wm.l(sinf.o)
    0x080073a4   0x080073a4   0x00000006   Code   RO         1505    i.__mathlib_flt_infnan  m_wm.l(funder.o)
    0x080073aa   0x080073aa   0x00000002   PAD
    0x080073ac   0x080073ac   0x00000010   Code   RO         1507    i.__mathlib_flt_invalid  m_wm.l(funder.o)
    0x080073bc   0x080073bc   0x00000010   Code   RO         1510    i.__mathlib_flt_underflow  m_wm.l(funder.o)
    0x080073cc   0x080073cc   0x00000154   Code   RO         1518    i.__mathlib_rredf2  m_wm.l(rredf.o)
    0x08007520   0x08007520   0x0000001a   Code   RO         1612    x$fpl$fpinit        fz_wm.l(fpinit.o)
    0x0800753a   0x0800753a   0x00000000   Code   RO         1501    x$fpl$usenofp       fz_wm.l(usenofp.o)
    0x0800753a   0x0800753a   0x00000002   PAD
    0x0800753c   0x0800753c   0x00000020   Data   RO         1519    .constdata          m_wm.l(rredf.o)
    0x0800755c   0x0800755c   0x00000010   Data   RO         1412    .rodata.AHBPrescTable  system_stm32g4xx.o
    0x0800756c   0x0800756c   0x00000020   Data   RO         1687    Region$$Table       anon$$obj.o


    Execution Region RW_IRAM1 (Exec base: 0x20000000, Load base: 0x08007590, Size: 0x000009c8, Max: 0x00020000, ABSOLUTE)

    Exec Addr    Load Addr    Size         Type   Attr      Idx    E Section Name        Object

    0x20000000   0x08007590   0x00000004   Data   RW         1411    .data.SystemCoreClock  system_stm32g4xx.o
    0x20000004   0x08007594   0x00000004   Data   RW           45    .data.g_clean_reference_phase_peak_volts  main.o
    0x20000008   0x08007598   0x00000004   Data   RW           74    .data.g_direct_output_sign  main.o
    0x2000000c   0x0800759c   0x00000004   Data   RW           75    .data.g_injection_output_sign  main.o
    0x20000010   0x080075a0   0x00000004   Data   RW           44    .data.g_output_mode  main.o
    0x20000014   0x080075a4   0x00000004   Data   RW           60    .data.g_pll_freq_hz  main.o
    0x20000018   0x080075a8   0x00000004   Data   RW           46    .data.g_pwm_reference_gain  main.o
    0x2000001c   0x080075ac   0x00000004   Data   RW           86    .data.pll_ki        main.o
    0x20000020   0x080075b0   0x00000004   Data   RW           88    .data.pll_kp        main.o
    0x20000024   0x080075b4   0x00000004   Data   RW           82    .data.pll_omega     main.o
    0x20000028   0x080075b8   0x00000004   Data   RW           81    .data.pll_omega_nominal  main.o
    0x2000002c   0x080075bc   0x00000004   Data   RW           87    .data.pll_ts        main.o
    0x20000030   0x080075c0   0x00000004   Data   RW          523    .data.uwTickFreq    stm32g4xx_hal.o
    0x20000034   0x080075c4   0x00000004   Data   RW          522    .data.uwTickPrio    stm32g4xx_hal.o
    0x20000038        -       0x00000060   Zero   RW         1542    .bss                c_w.l(libspace.o)
    0x20000098        -       0x00000006   Zero   RW           83    .bss.adc_buf        main.o
    0x2000009e        -       0x00000002   Zero   RW           47    .bss.g_adc_raw_u    main.o
    0x200000a0        -       0x00000002   Zero   RW           48    .bss.g_adc_raw_v    main.o
    0x200000a2        -       0x00000002   Zero   RW           49    .bss.g_adc_raw_w    main.o
    0x200000a4        -       0x00000004   Zero   RW           65    .bss.g_err_u        main.o
    0x200000a8        -       0x00000004   Zero   RW           66    .bss.g_err_v        main.o
    0x200000ac        -       0x00000004   Zero   RW           67    .bss.g_err_w        main.o
    0x200000b0        -       0x00000004   Zero   RW           68    .bss.g_inj_u        main.o
    0x200000b4        -       0x00000004   Zero   RW           69    .bss.g_inj_v        main.o
    0x200000b8        -       0x00000004   Zero   RW           70    .bss.g_inj_w        main.o
    0x200000bc        -       0x00000004   Zero   RW           50    .bss.g_meas_u       main.o
    0x200000c0        -       0x00000004   Zero   RW           51    .bss.g_meas_v       main.o
    0x200000c4        -       0x00000004   Zero   RW           52    .bss.g_meas_w       main.o
    0x200000c8        -       0x00000004   Zero   RW           61    .bss.g_pll_error    main.o
    0x200000cc        -       0x00000004   Zero   RW           59    .bss.g_pll_theta    main.o
    0x200000d0        -       0x0000002c   Zero   RW           85    .bss.g_pwm_3leg     main.o
    0x200000fc        -       0x0000001c   Zero   RW           84    .bss.g_pwm_3leg_cfg  main.o
    0x20000118        -       0x00000038   Zero   RW           89    .bss.g_pwm_3leg_dbg  main.o
    0x20000150        -       0x00000004   Zero   RW           71    .bss.g_pwm_u        main.o
    0x20000154        -       0x00000004   Zero   RW           72    .bss.g_pwm_v        main.o
    0x20000158        -       0x00000004   Zero   RW           73    .bss.g_pwm_w        main.o
    0x2000015c        -       0x00000004   Zero   RW           62    .bss.g_ref_u        main.o
    0x20000160        -       0x00000004   Zero   RW           63    .bss.g_ref_v        main.o
    0x20000164        -       0x00000004   Zero   RW           64    .bss.g_ref_w        main.o
    0x20000168        -       0x00000004   Zero   RW           43    .bss.g_reference_mode  main.o
    0x2000016c        -       0x00000004   Zero   RW           53    .bss.g_sogi_u_alpha  main.o
    0x20000170        -       0x00000004   Zero   RW           54    .bss.g_sogi_u_beta  main.o
    0x20000174        -       0x00000004   Zero   RW           55    .bss.g_sogi_v_alpha  main.o
    0x20000178        -       0x00000004   Zero   RW           56    .bss.g_sogi_v_beta  main.o
    0x2000017c        -       0x00000004   Zero   RW           57    .bss.g_sogi_w_alpha  main.o
    0x20000180        -       0x00000004   Zero   RW           58    .bss.g_sogi_w_beta  main.o
    0x20000184        -       0x0000006c   Zero   RW          112    .bss.hadc4          adc.o
    0x200001f0        -       0x00000060   Zero   RW          113    .bss.hdma_adc4      adc.o
    0x20000250        -       0x0000004c   Zero   RW          139    .bss.htim1          tim.o
    0x2000029c        -       0x0000004c   Zero   RW          140    .bss.htim6          tim.o
    0x200002e8        -       0x00000004   Zero   RW           80    .bss.pll_integrator  main.o
    0x200002ec        -       0x0000000c   Zero   RW           76    .bss.sogi_cfg       main.o
    0x200002f8        -       0x00000044   Zero   RW           77    .bss.sogi_u_state   main.o
    0x2000033c        -       0x00000044   Zero   RW           78    .bss.sogi_v_state   main.o
    0x20000380        -       0x00000044   Zero   RW           79    .bss.sogi_w_state   main.o
    0x200003c4        -       0x00000004   Zero   RW          524    .bss.uwTick         stm32g4xx_hal.o
    0x200003c8        -       0x00000200   Zero   RW            2    HEAP                startup_stm32g484xx.o
    0x200005c8        -       0x00000400   Zero   RW            1    STACK               startup_stm32g484xx.o


==============================================================================

Image component sizes


      Code (inc. data)   RO Data    RW Data    ZI Data      Debug   Object Name

       564          0          0          0        204       7236   adc.o
        86          0          0          0          0       3945   dma.o
       216          0          0          0          0       2385   gpio.o
      2442         48          0         44        456      12455   main.o
      1422          8          0          0          0       8867   pwm_3leg_sine.o
       620          0          0          0          0       1810   sogi.o
        64         26        472          0       1536        820   startup_stm32g484xx.o
       222          0          0          8          4       9109   stm32g4xx_hal.o
      5952          0          0          0          0      22431   stm32g4xx_hal_adc.o
       278          0          0          0          0      19783   stm32g4xx_hal_adc_ex.o
       478          0          0          0          0      10099   stm32g4xx_hal_cortex.o
      1256          0          0          0          0       7815   stm32g4xx_hal_dma.o
       940          0          0          0          0       5349   stm32g4xx_hal_gpio.o
        72          0          0          0          0       1632   stm32g4xx_hal_msp.o
       454          0          0          0          0       7789   stm32g4xx_hal_pwr_ex.o
      3188          0          0          0          0       9543   stm32g4xx_hal_rcc.o
      1316          0          0          0          0      11719   stm32g4xx_hal_rcc_ex.o
      6062         22          0          0          0      38169   stm32g4xx_hal_tim.o
      1222          0          0          0          0      21810   stm32g4xx_hal_tim_ex.o
        66          0          0          0          0       1179   stm32g4xx_it.o
        18          0         16          4          0       2684   system_stm32g4xx.o
       876          0          0          0        152      10156   tim.o

    ----------------------------------------------------------------------
     27920        104        520         56       2352     216785   Object Totals
         0          0         32          0          0          0   (incl. Generated)
       106          0          0          0          0          0   (incl. Padding)

    ----------------------------------------------------------------------

      Code (inc. data)   RO Data    RW Data    ZI Data      Debug   Library Member Name

         8          0          0          0          0         68   __main.o
         0          0          0          0          0          0   __rtentry.o
        12          0          0          0          0          0   __rtentry2.o
         6          0          0          0          0          0   __rtentry4.o
        94          8          0          0          0          0   __scatter.o
        26          0          0          0          0          0   __scatter_copy.o
        28          0          0          0          0          0   __scatter_zi.o
        22          0          0          0          0        100   _rserrno.o
        18          0          0          0          0         80   exit.o
         6          0          0          0          0        152   heapauxi.o
         0          0          0          0          0          0   indicate_semi.o
         2          0          0          0          0          0   libinit.o
         6          0          0          0          0          0   libinit2.o
         2          0          0          0          0          0   libshutdown.o
         2          0          0          0          0          0   libshutdown2.o
         8          4          0          0         96         68   libspace.o
         8          4          0          0          0         68   rt_errno_addr_intlibspace.o
        78          0          0          0          0         80   rt_memclr_w.o
         2          0          0          0          0          0   rtexit.o
        10          0          0          0          0          0   rtexit2.o
        12          4          0          0          0         68   sys_exit.o
        74          0          0          0          0         80   sys_stackheap_outer.o
         2          0          0          0          0         68   use_no_semi.o
        26          0          0          0          0        116   fpinit.o
         0          0          0          0          0          0   usenofp.o
       336         56          0          0          0        136   cosf.o
        38          0          0          0          0        116   fpclassifyf.o
        38         12          0          0          0        348   funder.o
       340         24         32          0          0        160   rredf.o
       400         56          0          0          0        212   sinf.o

    ----------------------------------------------------------------------
      1620        168         32          0         96       1920   Library Totals
        16          0          0          0          0          0   (incl. Padding)

    ----------------------------------------------------------------------

      Code (inc. data)   RO Data    RW Data    ZI Data      Debug   Library Name

       426         20          0          0         96        832   c_w.l
        26          0          0          0          0        116   fz_wm.l
      1152        148         32          0          0        972   m_wm.l

    ----------------------------------------------------------------------
      1620        168         32          0         96       1920   Library Totals

    ----------------------------------------------------------------------

==============================================================================


      Code (inc. data)   RO Data    RW Data    ZI Data      Debug   

     29540        272        552         56       2448     217461   Grand Totals
     29540        272        552         56       2448     217461   ELF Image Totals
     29540        272        552         56          0          0   ROM Totals

==============================================================================

    Total RO  Size (Code + RO Data)                30092 (  29.39kB)
    Total RW  Size (RW Data + ZI Data)              2504 (   2.45kB)
    Total ROM Size (Code + RO Data + RW Data)      30148 (  29.44kB)

==============================================================================

